Archive member included to satisfy reference by file (symbol)

/usr/lib/gcc/arm-none-eabi/13.2.1/thumb/v7e-m+fp/hard/libgcc.a(_aeabi_uldivmod.o)
                              cmake/stm32cubemx/CMakeFiles/STM32_Drivers.dir/__/__/Drivers/STM32F4xx_HAL_Driver/Src/stm32f4xx_hal_rcc.c.obj (__aeabi_uldivmod)
/usr/lib/gcc/arm-none-eabi/13.2.1/thumb/v7e-m+fp/hard/libgcc.a(_udivmoddi4.o)
                              /usr/lib/gcc/arm-none-eabi/13.2.1/thumb/v7e-m+fp/hard/libgcc.a(_aeabi_uldivmod.o) (__udivmoddi4)
/usr/lib/gcc/arm-none-eabi/13.2.1/thumb/v7e-m+fp/hard/libgcc.a(_dvmd_tls.o)
                              /usr/lib/gcc/arm-none-eabi/13.2.1/thumb/v7e-m+fp/hard/libgcc.a(_aeabi_uldivmod.o) (__aeabi_ldiv0)
/usr/lib/gcc/arm-none-eabi/13.2.1/../../../arm-none-eabi/lib/thumb/v7e-m+fp/hard/libg_nano.a(libc_a-init.o)
                              /usr/lib/gcc/arm-none-eabi/13.2.1/../../../arm-none-eabi/lib/thumb/v7e-m+fp/hard/crt0.o (__libc_init_array)
/usr/lib/gcc/arm-none-eabi/13.2.1/../../../arm-none-eabi/lib/thumb/v7e-m+fp/hard/libg_nano.a(libc_a-memset.o)
                              /usr/lib/gcc/arm-none-eabi/13.2.1/../../../arm-none-eabi/lib/thumb/v7e-m+fp/hard/crt0.o (memset)
/usr/lib/gcc/arm-none-eabi/13.2.1/../../../arm-none-eabi/lib/thumb/v7e-m+fp/hard/libg_nano.a(libc_a-errno.o)
                              CMakeFiles/firmware.dir/Core/Src/sysmem.c.obj (__errno)
/usr/lib/gcc/arm-none-eabi/13.2.1/../../../arm-none-eabi/lib/thumb/v7e-m+fp/hard/libg_nano.a(libc_a-exit.o)
                              /usr/lib/gcc/arm-none-eabi/13.2.1/../../../arm-none-eabi/lib/thumb/v7e-m+fp/hard/crt0.o (exit)
/usr/lib/gcc/arm-none-eabi/13.2.1/../../../arm-none-eabi/lib/thumb/v7e-m+fp/hard/libg_nano.a(libc_a-atexit.o)
                              /usr/lib/gcc/arm-none-eabi/13.2.1/../../../arm-none-eabi/lib/thumb/v7e-m+fp/hard/crt0.o (atexit)
/usr/lib/gcc/arm-none-eabi/13.2.1/../../../arm-none-eabi/lib/thumb/v7e-m+fp/hard/libg_nano.a(libc_a-fini.o)
                              /usr/lib/gcc/arm-none-eabi/13.2.1/../../../arm-none-eabi/lib/thumb/v7e-m+fp/hard/crt0.o (__libc_fini_array)
/usr/lib/gcc/arm-none-eabi/13.2.1/../../../arm-none-eabi/lib/thumb/v7e-m+fp/hard/libg_nano.a(libc_a-impure.o)
                              /usr/lib/gcc/arm-none-eabi/13.2.1/../../../arm-none-eabi/lib/thumb/v7e-m+fp/hard/libg_nano.a(libc_a-errno.o) (_impure_ptr)
/usr/lib/gcc/arm-none-eabi/13.2.1/../../../arm-none-eabi/lib/thumb/v7e-m+fp/hard/libg_nano.a(libc_a-findfp.o)
                              /usr/lib/gcc/arm-none-eabi/13.2.1/../../../arm-none-eabi/lib/thumb/v7e-m+fp/hard/libg_nano.a(libc_a-exit.o) (__stdio_exit_handler)
/usr/lib/gcc/arm-none-eabi/13.2.1/../../../arm-none-eabi/lib/thumb/v7e-m+fp/hard/libg_nano.a(libc_a-fflush.o)
                              /usr/lib/gcc/arm-none-eabi/13.2.1/../../../arm-none-eabi/lib/thumb/v7e-m+fp/hard/libg_nano.a(libc_a-findfp.o) (_fflush_r)
/usr/lib/gcc/arm-none-eabi/13.2.1/../../../arm-none-eabi/lib/thumb/v7e-m+fp/hard/libg_nano.a(libc_a-mallocr.o)
                              /usr/lib/gcc/arm-none-eabi/13.2.1/../../../arm-none-eabi/lib/thumb/v7e-m+fp/hard/libg_nano.a(libc_a-findfp.o) (_malloc_r)
/usr/lib/gcc/arm-none-eabi/13.2.1/../../../arm-none-eabi/lib/thumb/v7e-m+fp/hard/libg_nano.a(libc_a-freer.o)
                              /usr/lib/gcc/arm-none-eabi/13.2.1/../../../arm-none-eabi/lib/thumb/v7e-m+fp/hard/libg_nano.a(libc_a-fflush.o) (_free_r)
/usr/lib/gcc/arm-none-eabi/13.2.1/../../../arm-none-eabi/lib/thumb/v7e-m+fp/hard/libg_nano.a(libc_a-fwalk.o)
                              /usr/lib/gcc/arm-none-eabi/13.2.1/../../../arm-none-eabi/lib/thumb/v7e-m+fp/hard/libg_nano.a(libc_a-findfp.o) (_fwalk_sglue)
/usr/lib/gcc/arm-none-eabi/13.2.1/../../../arm-none-eabi/lib/thumb/v7e-m+fp/hard/libg_nano.a(libc_a-__atexit.o)
                              /usr/lib/gcc/arm-none-eabi/13.2.1/../../../arm-none-eabi/lib/thumb/v7e-m+fp/hard/libg_nano.a(libc_a-atexit.o) (__register_exitproc)
/usr/lib/gcc/arm-none-eabi/13.2.1/../../../arm-none-eabi/lib/thumb/v7e-m+fp/hard/libg_nano.a(libc_a-mlock.o)
                              /usr/lib/gcc/arm-none-eabi/13.2.1/../../../arm-none-eabi/lib/thumb/v7e-m+fp/hard/libg_nano.a(libc_a-mallocr.o) (__malloc_lock)
/usr/lib/gcc/arm-none-eabi/13.2.1/../../../arm-none-eabi/lib/thumb/v7e-m+fp/hard/libg_nano.a(libc_a-sbrkr.o)
                              /usr/lib/gcc/arm-none-eabi/13.2.1/../../../arm-none-eabi/lib/thumb/v7e-m+fp/hard/libg_nano.a(libc_a-mallocr.o) (_sbrk_r)
/usr/lib/gcc/arm-none-eabi/13.2.1/../../../arm-none-eabi/lib/thumb/v7e-m+fp/hard/libg_nano.a(libc_a-stdio.o)
                              /usr/lib/gcc/arm-none-eabi/13.2.1/../../../arm-none-eabi/lib/thumb/v7e-m+fp/hard/libg_nano.a(libc_a-findfp.o) (__sread)
/usr/lib/gcc/arm-none-eabi/13.2.1/../../../arm-none-eabi/lib/thumb/v7e-m+fp/hard/libg_nano.a(libc_a-closer.o)
[...]
Memory Configuration

Name             Origin             Length             Attributes
RAM              0x20000000         0x00020000         xrw
FLASH            0x08000000         0x00040000         xr
*default*        0x00000000         0xffffffff

Linker script and memory map

LOAD /usr/lib/gcc/arm-none-eabi/13.2.1/thumb/v7e-m+fp/hard/crti.o
LOAD /usr/lib/gcc/arm-none-eabi/13.2.1/thumb/v7e-m+fp/hard/crtbegin.o
LOAD /usr/lib/gcc/arm-none-eabi/13.2.1/../../../arm-none-eabi/lib/thumb/v7e-m+fp/hard/crt0.o
LOAD CMakeFiles/firmware.dir/USB_DEVICE/Target/usbd_conf.c.obj
LOAD CMakeFiles/firmware.dir/USB_DEVICE/App/usb_device.c.obj
LOAD CMakeFiles/firmware.dir/USB_DEVICE/App/usbd_desc.c.obj
LOAD CMakeFiles/firmware.dir/USB_DEVICE/App/usbd_cdc_if.c.obj
LOAD CMakeFiles/firmware.dir/Core/Src/main.cpp.obj
LOAD CMakeFiles/firmware.dir/Core/Src/gpio.c.obj
LOAD CMakeFiles/firmware.dir/Core/Src/stm32f4xx_it.c.obj
LOAD CMakeFiles/firmware.dir/Core/Src/stm32f4xx_hal_msp.c.obj
LOAD CMakeFiles/firmware.dir/Core/Src/sysmem.c.obj
LOAD CMakeFiles/firmware.dir/Core/Src/syscalls.c.obj
LOAD CMakeFiles/firmware.dir/startup_stm32f446xx.s.obj
LOAD CMakeFiles/firmware.dir/__/src/core.cpp.obj
LOAD cmake/stm32cubemx/CMakeFiles/STM32_Drivers.dir/__/__/Core/Src/system_stm32f4xx.c.obj
LOAD cmake/stm32cubemx/CMakeFiles/STM32_Drivers.dir/__/__/Drivers/STM32F4xx_HAL_Driver/Src/stm32f4xx_hal_pcd.c.obj
LOAD cmake/stm32cubemx/CMakeFiles/STM32_Drivers.dir/__/__/Drivers/STM32F4xx_HAL_Driver/Src/stm32f4xx_hal_pcd_ex.c.obj
LOAD cmake/stm32cubemx/CMakeFiles/STM32_Drivers.dir/__/__/Drivers/STM32F4xx_HAL_Driver/Src/stm32f4xx_ll_usb.c.obj
LOAD cmake/stm32cubemx/CMakeFiles/STM32_Drivers.dir/__/__/Drivers/STM32F4xx_HAL_Driver/Src/stm32f4xx_hal_rcc.c.obj
LOAD cmake/stm32cubemx/CMakeFiles/STM32_Drivers.dir/__/__/Drivers/STM32F4xx_HAL_Driver/Src/stm32f4xx_hal_rcc_ex.c.obj
LOAD cmake/stm32cubemx/CMakeFiles/STM32_Drivers.dir/__/__/Drivers/STM32F4xx_HAL_Driver/Src/stm32f4xx_hal_flash.c.obj
LOAD cmake/stm32cubemx/CMakeFiles/STM32_Drivers.dir/__/__/Drivers/STM32F4xx_HAL_Driver/Src/stm32f4xx_hal_flash_ex.c.obj
LOAD cmake/stm32cubemx/CMakeFiles/STM32_Drivers.dir/__/__/Drivers/STM32F4xx_HAL_Driver/Src/stm32f4xx_hal_flash_ramfunc.c.obj
LOAD cmake/stm32cubemx/CMakeFiles/STM32_Drivers.dir/__/__/Drivers/STM32F4xx_HAL_Driver/Src/stm32f4xx_hal_gpio.c.obj
LOAD cmake/stm32cubemx/CMakeFiles/STM32_Drivers.dir/__/__/Drivers/STM32F4xx_HAL_Driver/Src/stm32f4xx_hal_dma_ex.c.obj
LOAD cmake/stm32cubemx/CMakeFiles/STM32_Drivers.dir/__/__/Drivers/STM32F4xx_HAL_Driver/Src/stm32f4xx_hal_dma.c.obj
LOAD cmake/stm32cubemx/CMakeFiles/STM32_Drivers.dir/__/__/Drivers/STM32F4xx_HAL_Driver/Src/stm32f4xx_hal_pwr.c.obj
LOAD cmake/stm32cubemx/CMakeFiles/STM32_Drivers.dir/__/__/Drivers/STM32F4xx_HAL_Driver/Src/stm32f4xx_hal_pwr_ex.c.obj
LOAD cmake/stm32cubemx/CMakeFiles/STM32_Drivers.dir/__/__/Drivers/STM32F4xx_HAL_Driver/Src/stm32f4xx_hal_cortex.c.obj
LOAD cmake/stm32cubemx/CMakeFiles/STM32_Drivers.dir/__/__/Drivers/STM32F4xx_HAL_Driver/Src/stm32f4xx_hal.c.obj
LOAD cmake/stm32cubemx/CMakeFiles/STM32_Drivers.dir/__/__/Drivers/STM32F4xx_HAL_Driver/Src/stm32f4xx_hal_exti.c.obj
LOAD cmake/stm32cubemx/CMakeFiles/USB_Device_Library.dir/__/__/Middlewares/ST/STM32_USB_Device_Library/Core/Src/usbd_core.c.obj
LOAD cmake/stm32cubemx/CMakeFiles/USB_Device_Library.dir/__/__/Middlewares/ST/STM32_USB_Device_Library/Core/Src/usbd_ctlreq.c.obj
LOAD cmake/stm32cubemx/CMakeFiles/USB_Device_Library.dir/__/__/Middlewares/ST/STM32_USB_Device_Library/Core/Src/usbd_ioreq.c.obj
LOAD cmake/stm32cubemx/CMakeFiles/USB_Device_Library.dir/__/__/Middlewares/ST/STM32_USB_Device_Library/Class/CDC/Src/usbd_cdc.c.obj
LOAD /usr/lib/gcc/arm-none-eabi/13.2.1/../../../arm-none-eabi/lib/thumb/v7e-m+fp/hard/libstdc++_nano.a
LOAD /usr/lib/gcc/arm-none-eabi/13.2.1/../../../arm-none-eabi/lib/thumb/v7e-m+fp/hard/libm.a
START GROUP
LOAD /usr/lib/gcc/arm-none-eabi/13.2.1/thumb/v7e-m+fp/hard/libgcc.a
LOAD /usr/lib/gcc/arm-none-eabi/13.2.1/../../../arm-none-eabi/lib/thumb/v7e-m+fp/hard/libg_nano.a
LOAD /usr/lib/gcc/arm-none-eabi/13.2.1/../../../arm-none-eabi/lib/thumb/v7e-m+fp/hard/libc_nano.a
END GROUP
START GROUP
LOAD /usr/lib/gcc/arm-none-eabi/13.2.1/thumb/v7e-m+fp/hard/libgcc.a
LOAD /usr/lib/gcc/arm-none-eabi/13.2.1/../../../arm-none-eabi/lib/thumb/v7e-m+fp/hard/libc_nano.a
END GROUP
LOAD /usr/lib/gcc/arm-none-eabi/13.2.1/thumb/v7e-m+fp/hard/crtend.o
LOAD /usr/lib/gcc/arm-none-eabi/13.2.1/thumb/v7e-m+fp/hard/crtn.o
                0x20020000                        _estack = (ORIGIN (RAM) + LENGTH (RAM))
                0x00000800                        _Min_Heap_Size = 0x800
                0x00001000                        _Min_Stack_Size = 0x1000

.isr_vector     0x08000000      0x1c4
                0x08000000                        . = ALIGN (0x4)
 *(.isr_vector)
 .isr_vector    0x08000000      0x1c4 CMakeFiles/firmware.dir/startup_stm32f446xx.s.obj
                0x08000000                g_pfnVectors
                0x080001c4                        . = ALIGN (0x4)

.text           0x080001c4     0x7768
                0x080001c4                        . = ALIGN (0x4)
 *(.text)
 .text          0x080001c4       0x88 /usr/lib/gcc/arm-none-eabi/13.2.1/thumb/v7e-m+fp/hard/crtbegin.o
 .text          0x0800024c       0x30 /usr/lib/gcc/arm-none-eabi/13.2.1/thumb/v7e-m+fp/hard/libgcc.a(_aeabi_uldivmod.o)
                0x0800024c                __aeabi_uldivmod
 .text          0x0800027c      0x2bc /usr/lib/gcc/arm-none-eabi/13.2.1/thumb/v7e-m+fp/hard/libgcc.a(_udivmoddi4.o)
                0x0800027c                __udivmoddi4
 .text          0x08000538        0x4 /usr/lib/gcc/arm-none-eabi/13.2.1/thumb/v7e-m+fp/hard/libgcc.a(_dvmd_tls.o)
                0x08000538                __aeabi_ldiv0
                0x08000538                __aeabi_idiv0
 .text          0x0800053c       0x50 /usr/lib/gcc/arm-none-eabi/13.2.1/../../../arm-none-eabi/lib/thumb/v7e-m+fp/hard/libg_nano.a(libc_a-init.o)
                0x0800053c                __libc_init_array
 .text          0x0800058c       0xa4 /usr/lib/gcc/arm-none-eabi/13.2.1/../../../arm-none-eabi/lib/thumb/v7e-m+fp/hard/libg_nano.a(libc_a-memset.o)
                0x0800058c                memset
 *(.text*)
 .text.HAL_PCD_MspInit
                0x08000630      0x104 CMakeFiles/firmware.dir/USB_DEVICE/Target/usbd_conf.c.obj
                0x08000630                HAL_PCD_MspInit
 .text.HAL_PCD_SetupStageCallback
                0x08000734       0x24 CMakeFiles/firmware.dir/USB_DEVICE/Target/usbd_conf.c.obj
                0x08000734                HAL_PCD_SetupStageCallback
 .text.HAL_PCD_DataOutStageCallback
                0x08000758       0x36 CMakeFiles/firmware.dir/USB_DEVICE/Target/usbd_conf.c.obj
                0x08000758                HAL_PCD_DataOutStageCallback
 .text.HAL_PCD_DataInStageCallback
                0x0800078e       0x34 CMakeFiles/firmware.dir/USB_DEVICE/Target/usbd_conf.c.obj
                0x0800078e                HAL_PCD_DataInStageCallback
 .text.HAL_PCD_SOFCallback
                0x080007c2       0x1c CMakeFiles/firmware.dir/USB_DEVICE/Target/usbd_conf.c.obj
                0x080007c2                HAL_PCD_SOFCallback
 .text.HAL_PCD_ResetCallback
                0x080007de       0x50 CMakeFiles/firmware.dir/USB_DEVICE/Target/usbd_conf.c.obj
                0x080007de                HAL_PCD_ResetCallback
 *fill*         0x0800082e        0x2 
 .text.HAL_PCD_SuspendCallback
                0x08000830       0x4c CMakeFiles/firmware.dir/USB_DEVICE/Target/usbd_conf.c.obj
                0x08000830                HAL_PCD_SuspendCallback
 .text.HAL_PCD_ResumeCallback
                0x0800087c       0x1c CMakeFiles/firmware.dir/USB_DEVICE/Target/usbd_conf.c.obj
                0x0800087c                HAL_PCD_ResumeCallback
 .text.HAL_PCD_ISOOUTIncompleteCallback
                0x08000898       0x24 CMakeFiles/firmware.dir/USB_DEVICE/Target/usbd_conf.c.obj
                0x08000898                HAL_PCD_ISOOUTIncompleteCallback
 .text.HAL_PCD_ISOINIncompleteCallback
                0x080008bc       0x24 CMakeFiles/firmware.dir/USB_DEVICE/Target/usbd_conf.c.obj
                0x080008bc                HAL_PCD_ISOINIncompleteCallback
 .text.HAL_PCD_ConnectCallback
                0x080008e0       0x1c CMakeFiles/firmware.dir/USB_DEVICE/Target/usbd_conf.c.obj
                0x080008e0                HAL_PCD_ConnectCallback
 .text.HAL_PCD_DisconnectCallback
                0x080008fc       0x1c CMakeFiles/firmware.dir/USB_DEVICE/Target/usbd_conf.c.obj
                0x080008fc                HAL_PCD_DisconnectCallback
 .text.USBD_LL_Init
                0x08000918       0x98 CMakeFiles/firmware.dir/USB_DEVICE/Target/usbd_conf.c.obj
                0x08000918                USBD_LL_Init
 .text.USBD_LL_Start
                0x080009b0       0x36 CMakeFiles/firmware.dir/USB_DEVICE/Target/usbd_conf.c.obj
                0x080009b0                USBD_LL_Start
 .text.USBD_LL_OpenEP
                0x080009e6       0x4c CMakeFiles/firmware.dir/USB_DEVICE/Target/usbd_conf.c.obj
                0x080009e6                USBD_LL_OpenEP
 .text.USBD_LL_CloseEP
                0x08000a32       0x3e CMakeFiles/firmware.dir/USB_DEVICE/Target/usbd_conf.c.obj
                0x08000a32                USBD_LL_CloseEP
 .text.USBD_LL_StallEP
                0x08000a70       0x3e CMakeFiles/firmware.dir/USB_DEVICE/Target/usbd_conf.c.obj
                0x08000a70                USBD_LL_StallEP
 .text.USBD_LL_ClearStallEP
                0x08000aae       0x3e CMakeFiles/firmware.dir/USB_DEVICE/Target/usbd_conf.c.obj
                0x08000aae                USBD_LL_ClearStallEP
 .text.USBD_LL_IsStallEP
                0x08000aec       0x58 CMakeFiles/firmware.dir/USB_DEVICE/Target/usbd_conf.c.obj
                0x08000aec                USBD_LL_IsStallEP
 .text.USBD_LL_SetUSBAddress
                0x08000b44       0x3e CMakeFiles/firmware.dir/USB_DEVICE/Target/usbd_conf.c.obj
                0x08000b44                USBD_LL_SetUSBAddress
 .text.USBD_LL_Transmit
                0x08000b82       0x42 CMakeFiles/firmware.dir/USB_DEVICE/Target/usbd_conf.c.obj
                0x08000b82                USBD_LL_Transmit
 .text.USBD_LL_PrepareReceive
                0x08000bc4       0x42 CMakeFiles/firmware.dir/USB_DEVICE/Target/usbd_conf.c.obj
                0x08000bc4                USBD_LL_PrepareReceive
 .text.USBD_LL_GetRxDataSize
                0x08000c06       0x26 CMakeFiles/firmware.dir/USB_DEVICE/Target/usbd_conf.c.obj
                0x08000c06                USBD_LL_GetRxDataSize
 .text.HAL_PCDEx_LPM_Callback
                0x08000c2c       0x9c CMakeFiles/firmware.dir/USB_DEVICE/Target/usbd_conf.c.obj
                0x08000c2c                HAL_PCDEx_LPM_Callback
 .text.USBD_static_malloc
                0x08000cc8       0x1c CMakeFiles/firmware.dir/USB_DEVICE/Target/usbd_conf.c.obj
                0x08000cc8                USBD_static_malloc
 .text.USBD_static_free
                0x08000ce4       0x14 CMakeFiles/firmware.dir/USB_DEVICE/Target/usbd_conf.c.obj
                0x08000ce4                USBD_static_free
 .text.USBD_Get_USB_Status
                0x08000cf8       0x58 CMakeFiles/firmware.dir/USB_DEVICE/Target/usbd_conf.c.obj
                0x08000cf8                USBD_Get_USB_Status
 .text.MX_USB_DEVICE_Init
                0x08000d50       0x60 CMakeFiles/firmware.dir/USB_DEVICE/App/usb_device.c.obj
                0x08000d50                MX_USB_DEVICE_Init
 .text.USBD_FS_DeviceDescriptor
                0x08000db0       0x24 CMakeFiles/firmware.dir/USB_DEVICE/App/usbd_desc.c.obj
                0x08000db0                USBD_FS_DeviceDescriptor
 .text.USBD_FS_LangIDStrDescriptor
                0x08000dd4       0x24 CMakeFiles/firmware.dir/USB_DEVICE/App/usbd_desc.c.obj
                0x08000dd4                USBD_FS_LangIDStrDescriptor
 .text.USBD_FS_ProductStrDescriptor
                0x08000df8       0x3c CMakeFiles/firmware.dir/USB_DEVICE/App/usbd_desc.c.obj
                0x08000df8                USBD_FS_ProductStrDescriptor
 .text.USBD_FS_ManufacturerStrDescriptor
                0x08000e34       0x28 CMakeFiles/firmware.dir/USB_DEVICE/App/usbd_desc.c.obj
                0x08000e34                USBD_FS_ManufacturerStrDescriptor
 .text.USBD_FS_SerialStrDescriptor
                0x08000e5c       0x24 CMakeFiles/firmware.dir/USB_DEVICE/App/usbd_desc.c.obj
                0x08000e5c                USBD_FS_SerialStrDescriptor
 .text.USBD_FS_ConfigStrDescriptor
                0x08000e80       0x3c CMakeFiles/firmware.dir/USB_DEVICE/App/usbd_desc.c.obj
                0x08000e80                USBD_FS_ConfigStrDescriptor
 .text.USBD_FS_InterfaceStrDescriptor
                0x08000ebc       0x3c CMakeFiles/firmware.dir/USB_DEVICE/App/usbd_desc.c.obj
                0x08000ebc                USBD_FS_InterfaceStrDescriptor
 .text.USBD_FS_USR_BOSDescriptor
                0x08000ef8       0x24 CMakeFiles/firmware.dir/USB_DEVICE/App/usbd_desc.c.obj
                0x08000ef8                USBD_FS_USR_BOSDescriptor
 .text.Get_SerialNum
                0x08000f1c       0x58 CMakeFiles/firmware.dir/USB_DEVICE/App/usbd_desc.c.obj
 .text.IntToUnicode
                0x08000f74       0x7e CMakeFiles/firmware.dir/USB_DEVICE/App/usbd_desc.c.obj
 *fill*         0x08000ff2        0x2 
 .text.CDC_Init_FS
                0x08000ff4       0x28 CMakeFiles/firmware.dir/USB_DEVICE/App/usbd_cdc_if.c.obj
 .text.CDC_DeInit_FS
                0x0800101c       0x10 CMakeFiles/firmware.dir/USB_DEVICE/App/usbd_cdc_if.c.obj
 .text.CDC_Control_FS
                0x0800102c       0xbc CMakeFiles/firmware.dir/USB_DEVICE/App/usbd_cdc_if.c.obj
 .text.CDC_Receive_FS
                0x080010e8       0x28 CMakeFiles/firmware.dir/USB_DEVICE/App/usbd_cdc_if.c.obj
 .text.CDC_TransmitCplt_FS
                0x08001110       0x22 CMakeFiles/firmware.dir/USB_DEVICE/App/usbd_cdc_if.c.obj
 .text.main     0x08001132       0x1e CMakeFiles/firmware.dir/Core/Src/main.cpp.obj
                0x08001132                main
 .text.SystemClock_Config
                0x08001150      0x104 CMakeFiles/firmware.dir/Core/Src/main.cpp.obj
                0x08001150                SystemClock_Config
 .text.Error_Handler
                0x08001254        0xc CMakeFiles/firmware.dir/Core/Src/main.cpp.obj
                0x08001254                Error_Handler
 .text.MX_GPIO_Init
                0x08001260       0xa0 CMakeFiles/firmware.dir/Core/Src/gpio.c.obj
                0x08001260                MX_GPIO_Init
 .text.NMI_Handler
                0x08001300        0x8 CMakeFiles/firmware.dir/Core/Src/stm32f4xx_it.c.obj
                0x08001300                NMI_Handler
 .text.HardFault_Handler
                0x08001308        0x8 CMakeFiles/firmware.dir/Core/Src/stm32f4xx_it.c.obj
                0x08001308                HardFault_Handler
 .text.MemManage_Handler
                0x08001310        0x8 CMakeFiles/firmware.dir/Core/Src/stm32f4xx_it.c.obj
                0x08001310                MemManage_Handler
 .text.BusFault_Handler
                0x08001318        0x8 CMakeFiles/firmware.dir/Core/Src/stm32f4xx_it.c.obj
                0x08001318                BusFault_Handler
 .text.UsageFault_Handler
                0x08001320        0x8 CMakeFiles/firmware.dir/Core/Src/stm32f4xx_it.c.obj
                0x08001320                UsageFault_Handler
 .text.SVC_Handler
                0x08001328        0xe CMakeFiles/firmware.dir/Core/Src/stm32f4xx_it.c.obj
                0x08001328                SVC_Handler
 .text.DebugMon_Handler
                0x08001336        0xe CMakeFiles/firmware.dir/Core/Src/stm32f4xx_it.c.obj
                0x08001336                DebugMon_Handler
 .text.PendSV_Handler
                0x08001344        0xe CMakeFiles/firmware.dir/Core/Src/stm32f4xx_it.c.obj
                0x08001344                PendSV_Handler
 .text.SysTick_Handler
                0x08001352        0xc CMakeFiles/firmware.dir/Core/Src/stm32f4xx_it.c.obj
                0x08001352                SysTick_Handler
 *fill*         0x0800135e        0x2 
 .text.OTG_FS_IRQHandler
                0x08001360       0x14 CMakeFiles/firmware.dir/Core/Src/stm32f4xx_it.c.obj
                0x08001360                OTG_FS_IRQHandler
 .text.HAL_MspInit
                0x08001374       0x50 CMakeFiles/firmware.dir/Core/Src/stm32f4xx_hal_msp.c.obj
                0x08001374                HAL_MspInit
 .text.Reset_Handler
                0x080013c4       0x50 CMakeFiles/firmware.dir/startup_stm32f446xx.s.obj
                0x080013c4                Reset_Handler
 .text.Default_Handler
                0x08001414        0x2 CMakeFiles/firmware.dir/startup_stm32f446xx.s.obj
                0x08001414                RTC_Alarm_IRQHandler
                0x08001414                EXTI2_IRQHandler
                0x08001414                TIM8_CC_IRQHandler
                0x08001414                FMPI2C1_EV_IRQHandler
                0x08001414                SPI4_IRQHandler
                0x08001414                TIM1_CC_IRQHandler
                0x08001414                DMA2_Stream5_IRQHandler
                0x08001414                DMA1_Stream5_IRQHandler
                0x08001414                PVD_IRQHandler
                0x08001414                SDIO_IRQHandler
                0x08001414                TAMP_STAMP_IRQHandler
                0x08001414                CAN2_RX1_IRQHandler
                0x08001414                EXTI3_IRQHandler
                0x08001414                TIM8_TRG_COM_TIM14_IRQHandler
                0x08001414                TIM1_UP_TIM10_IRQHandler
                0x08001414                TIM8_UP_TIM13_IRQHandler
                0x08001414                I2C3_ER_IRQHandler
                0x08001414                EXTI0_IRQHandler
                0x08001414                I2C2_EV_IRQHandler
                0x08001414                DMA1_Stream2_IRQHandler
                0x08001414                CAN1_RX0_IRQHandler
                0x08001414                FPU_IRQHandler
                0x08001414                OTG_HS_WKUP_IRQHandler
                0x08001414                CAN2_SCE_IRQHandler
                0x08001414                DMA2_Stream2_IRQHandler
                0x08001414                SPI1_IRQHandler
                0x08001414                TIM6_DAC_IRQHandler
                0x08001414                TIM1_BRK_TIM9_IRQHandler
                0x08001414                DCMI_IRQHandler
                0x08001414                CAN2_RX0_IRQHandler
                0x08001414                DMA2_Stream3_IRQHandler
                0x08001414                SAI2_IRQHandler
                0x08001414                USART6_IRQHandler
                0x08001414                USART3_IRQHandler
                0x08001414                CAN1_RX1_IRQHandler
                0x08001414                UART5_IRQHandler
                0x08001414                DMA2_Stream0_IRQHandler
                0x08001414                TIM4_IRQHandler
                0x08001414                QUADSPI_IRQHandler
                0x08001414                I2C1_EV_IRQHandler
                0x08001414                DMA1_Stream6_IRQHandler
                0x08001414                DMA1_Stream1_IRQHandler
                0x08001414                UART4_IRQHandler
                0x08001414                TIM3_IRQHandler
                0x08001414                RCC_IRQHandler
                0x08001414                TIM8_BRK_TIM12_IRQHandler
                0x08001414                Default_Handler
                0x08001414                CEC_IRQHandler
                0x08001414                EXTI15_10_IRQHandler
                0x08001414                ADC_IRQHandler
                0x08001414                DMA1_Stream7_IRQHandler
                0x08001414                TIM7_IRQHandler
                0x08001414                CAN2_TX_IRQHandler
                0x08001414                TIM5_IRQHandler
                0x08001414                DMA2_Stream7_IRQHandler
                0x08001414                I2C3_EV_IRQHandler
                0x08001414                EXTI9_5_IRQHandler
                0x08001414                RTC_WKUP_IRQHandler
                0x08001414                SPDIF_RX_IRQHandler
                0x08001414                SPI2_IRQHandler
                0x08001414                OTG_HS_EP1_IN_IRQHandler
                0x08001414                DMA1_Stream0_IRQHandler
                0x08001414                CAN1_TX_IRQHandler
                0x08001414                FMPI2C1_ER_IRQHandler
                0x08001414                EXTI4_IRQHandler
                0x08001414                OTG_HS_EP1_OUT_IRQHandler
                0x08001414                WWDG_IRQHandler
                0x08001414                TIM2_IRQHandler
                0x08001414                OTG_FS_WKUP_IRQHandler
                0x08001414                TIM1_TRG_COM_TIM11_IRQHandler
                0x08001414                OTG_HS_IRQHandler
                0x08001414                EXTI1_IRQHandler
                0x08001414                USART2_IRQHandler
                0x08001414                I2C2_ER_IRQHandler
                0x08001414                DMA2_Stream1_IRQHandler
                0x08001414                CAN1_SCE_IRQHandler
                0x08001414                FLASH_IRQHandler
                0x08001414                DMA2_Stream4_IRQHandler
                0x08001414                USART1_IRQHandler
                0x08001414                SPI3_IRQHandler
                0x08001414                DMA1_Stream4_IRQHandler
                0x08001414                I2C1_ER_IRQHandler
                0x08001414                FMC_IRQHandler
                0x08001414                DMA2_Stream6_IRQHandler
                0x08001414                SAI1_IRQHandler
                0x08001414                DMA1_Stream3_IRQHandler
 .text._Z4initv
                0x08001416        0xe CMakeFiles/firmware.dir/__/src/core.cpp.obj
                0x08001416                init()
 .text._Z6updatev
                0x08001424       0x30 CMakeFiles/firmware.dir/__/src/core.cpp.obj
                0x08001424                update()
 .text.SystemInit
                0x08001454       0x24 cmake/stm32cubemx/CMakeFiles/STM32_Drivers.dir/__/__/Core/Src/system_stm32f4xx.c.obj
                0x08001454                SystemInit
 .text.HAL_PCD_Init
                0x08001478      0x22c cmake/stm32cubemx/CMakeFiles/STM32_Drivers.dir/__/__/Drivers/STM32F4xx_HAL_Driver/Src/stm32f4xx_hal_pcd.c.obj
                0x08001478                HAL_PCD_Init
 .text.HAL_PCD_Start
                0x080016a4       0x6a cmake/stm32cubemx/CMakeFiles/STM32_Drivers.dir/__/__/Drivers/STM32F4xx_HAL_Driver/Src/stm32f4xx_hal_pcd.c.obj
                0x080016a4                HAL_PCD_Start
 .text.HAL_PCD_IRQHandler
                0x0800170e      0x99c cmake/stm32cubemx/CMakeFiles/STM32_Drivers.dir/__/__/Drivers/STM32F4xx_HAL_Driver/Src/stm32f4xx_hal_pcd.c.obj
                0x0800170e                HAL_PCD_IRQHandler
 .text.HAL_PCD_SetAddress
                0x080020aa       0x48 cmake/stm32cubemx/CMakeFiles/STM32_Drivers.dir/__/__/Drivers/STM32F4xx_HAL_Driver/Src/stm32f4xx_hal_pcd.c.obj
                0x080020aa                HAL_PCD_SetAddress
 .text.HAL_PCD_EP_Open
                0x080020f2       0xd4 cmake/stm32cubemx/CMakeFiles/STM32_Drivers.dir/__/__/Drivers/STM32F4xx_HAL_Driver/Src/stm32f4xx_hal_pcd.c.obj
                0x080020f2                HAL_PCD_EP_Open
 .text.HAL_PCD_EP_Close
                0x080021c6       0x94 cmake/stm32cubemx/CMakeFiles/STM32_Drivers.dir/__/__/Drivers/STM32F4xx_HAL_Driver/Src/stm32f4xx_hal_pcd.c.obj
                0x080021c6                HAL_PCD_EP_Close
 .text.HAL_PCD_EP_Receive
                0x0800225a       0x76 cmake/stm32cubemx/CMakeFiles/STM32_Drivers.dir/__/__/Drivers/STM32F4xx_HAL_Driver/Src/stm32f4xx_hal_pcd.c.obj
                0x0800225a                HAL_PCD_EP_Receive
 .text.HAL_PCD_EP_GetRxCount
                0x080022d0       0x30 cmake/stm32cubemx/CMakeFiles/STM32_Drivers.dir/__/__/Drivers/STM32F4xx_HAL_Driver/Src/stm32f4xx_hal_pcd.c.obj
                0x080022d0                HAL_PCD_EP_GetRxCount
 .text.HAL_PCD_EP_Transmit
                0x08002300       0x74 cmake/stm32cubemx/CMakeFiles/STM32_Drivers.dir/__/__/Drivers/STM32F4xx_HAL_Driver/Src/stm32f4xx_hal_pcd.c.obj
                0x08002300                HAL_PCD_EP_Transmit
 .text.HAL_PCD_EP_SetStall
                0x08002374       0xc6 cmake/stm32cubemx/CMakeFiles/STM32_Drivers.dir/__/__/Drivers/STM32F4xx_HAL_Driver/Src/stm32f4xx_hal_pcd.c.obj
                0x08002374                HAL_PCD_EP_SetStall
 .text.HAL_PCD_EP_ClrStall
                0x0800243a       0xac cmake/stm32cubemx/CMakeFiles/STM32_Drivers.dir/__/__/Drivers/STM32F4xx_HAL_Driver/Src/stm32f4xx_hal_pcd.c.obj
                0x0800243a                HAL_PCD_EP_ClrStall
 .text.HAL_PCD_EP_Abort
                0x080024e6       0x62 cmake/stm32cubemx/CMakeFiles/STM32_Drivers.dir/__/__/Drivers/STM32F4xx_HAL_Driver/Src/stm32f4xx_hal_pcd.c.obj
                0x080024e6                HAL_PCD_EP_Abort
 .text.PCD_WriteEmptyTxFifo
                0x08002548      0x118 cmake/stm32cubemx/CMakeFiles/STM32_Drivers.dir/__/__/Drivers/STM32F4xx_HAL_Driver/Src/stm32f4xx_hal_pcd.c.obj
 .text.PCD_EP_OutXfrComplete_int
                0x08002660      0x1d0 cmake/stm32cubemx/CMakeFiles/STM32_Drivers.dir/__/__/Drivers/STM32F4xx_HAL_Driver/Src/stm32f4xx_hal_pcd.c.obj
 .text.PCD_EP_OutSetupPacket_int
                0x08002830       0x8c cmake/stm32cubemx/CMakeFiles/STM32_Drivers.dir/__/__/Drivers/STM32F4xx_HAL_Driver/Src/stm32f4xx_hal_pcd.c.obj
 .text.HAL_PCDEx_SetTxFiFo
                0x080028bc       0x8e cmake/stm32cubemx/CMakeFiles/STM32_Drivers.dir/__/__/Drivers/STM32F4xx_HAL_Driver/Src/stm32f4xx_hal_pcd_ex.c.obj
                0x080028bc                HAL_PCDEx_SetTxFiFo
 .text.HAL_PCDEx_SetRxFiFo
                0x0800294a       0x22 cmake/stm32cubemx/CMakeFiles/STM32_Drivers.dir/__/__/Drivers/STM32F4xx_HAL_Driver/Src/stm32f4xx_hal_pcd_ex.c.obj
                0x0800294a                HAL_PCDEx_SetRxFiFo
 .text.HAL_PCDEx_ActivateLPM
                0x0800296c       0x48 cmake/stm32cubemx/CMakeFiles/STM32_Drivers.dir/__/__/Drivers/STM32F4xx_HAL_Driver/Src/stm32f4xx_hal_pcd_ex.c.obj
                0x0800296c                HAL_PCDEx_ActivateLPM
 .text.USB_CoreInit
                0x080029b4       0xc8 cmake/stm32cubemx/CMakeFiles/STM32_Drivers.dir/__/__/Drivers/STM32F4xx_HAL_Driver/Src/stm32f4xx_ll_usb.c.obj
                0x080029b4                USB_CoreInit
 .text.USB_SetTurnaroundTime
                0x08002a7c      0x144 cmake/stm32cubemx/CMakeFiles/STM32_Drivers.dir/__/__/Drivers/STM32F4xx_HAL_Driver/Src/stm32f4xx_ll_usb.c.obj
                0x08002a7c                USB_SetTurnaroundTime
 .text.USB_EnableGlobalInt
                0x08002bc0       0x22 cmake/stm32cubemx/CMakeFiles/STM32_Drivers.dir/__/__/Drivers/STM32F4xx_HAL_Driver/Src/stm32f4xx_ll_usb.c.obj
                0x08002bc0                USB_EnableGlobalInt
 .text.USB_DisableGlobalInt
                0x08002be2       0x22 cmake/stm32cubemx/CMakeFiles/STM32_Drivers.dir/__/__/Drivers/STM32F4xx_HAL_Driver/Src/stm32f4xx_ll_usb.c.obj
                0x08002be2                USB_DisableGlobalInt
 .text.USB_SetCurrentMode
                0x08002c04       0x98 cmake/stm32cubemx/CMakeFiles/STM32_Drivers.dir/__/__/Drivers/STM32F4xx_HAL_Driver/Src/stm32f4xx_ll_usb.c.obj
                0x08002c04                USB_SetCurrentMode
 .text.USB_DevInit
                0x08002c9c      0x2bc cmake/stm32cubemx/CMakeFiles/STM32_Drivers.dir/__/__/Drivers/STM32F4xx_HAL_Driver/Src/stm32f4xx_ll_usb.c.obj
                0x08002c9c                USB_DevInit
 .text.USB_FlushTxFifo
                0x08002f58       0x64 cmake/stm32cubemx/CMakeFiles/STM32_Drivers.dir/__/__/Drivers/STM32F4xx_HAL_Driver/Src/stm32f4xx_ll_usb.c.obj
                0x08002f58                USB_FlushTxFifo
 .text.USB_FlushRxFifo
                0x08002fbc       0x5c cmake/stm32cubemx/CMakeFiles/STM32_Drivers.dir/__/__/Drivers/STM32F4xx_HAL_Driver/Src/stm32f4xx_ll_usb.c.obj
                0x08002fbc                USB_FlushRxFifo
 .text.USB_SetDevSpeed
                0x08003018       0x32 cmake/stm32cubemx/CMakeFiles/STM32_Drivers.dir/__/__/Drivers/STM32F4xx_HAL_Driver/Src/stm32f4xx_ll_usb.c.obj
                0x08003018                USB_SetDevSpeed
 .text.USB_GetDevSpeed
                0x0800304a       0x4a cmake/stm32cubemx/CMakeFiles/STM32_Drivers.dir/__/__/Drivers/STM32F4xx_HAL_Driver/Src/stm32f4xx_ll_usb.c.obj
                0x0800304a                USB_GetDevSpeed
 .text.USB_ActivateEndpoint
                0x08003094      0x10e cmake/stm32cubemx/CMakeFiles/STM32_Drivers.dir/__/__/Drivers/STM32F4xx_HAL_Driver/Src/stm32f4xx_ll_usb.c.obj
                0x08003094                USB_ActivateEndpoint
 *fill*         0x080031a2        0x2 
 .text.USB_DeactivateEndpoint
                0x080031a4      0x1b8 cmake/stm32cubemx/CMakeFiles/STM32_Drivers.dir/__/__/Drivers/STM32F4xx_HAL_Driver/Src/stm32f4xx_ll_usb.c.obj
                0x080031a4                USB_DeactivateEndpoint
 .text.USB_EPStartXfer
                0x0800335c      0x53c cmake/stm32cubemx/CMakeFiles/STM32_Drivers.dir/__/__/Drivers/STM32F4xx_HAL_Driver/Src/stm32f4xx_ll_usb.c.obj
                0x0800335c                USB_EPStartXfer
 .text.USB_EPStopXfer
                0x08003898      0x154 cmake/stm32cubemx/CMakeFiles/STM32_Drivers.dir/__/__/Drivers/STM32F4xx_HAL_Driver/Src/stm32f4xx_ll_usb.c.obj
                0x08003898                USB_EPStopXfer
 .text.USB_WritePacket
                0x080039ec       0x7c cmake/stm32cubemx/CMakeFiles/STM32_Drivers.dir/__/__/Drivers/STM32F4xx_HAL_Driver/Src/stm32f4xx_ll_usb.c.obj
                0x080039ec                USB_WritePacket
 .text.USB_ReadPacket
                0x08003a68       0xb0 cmake/stm32cubemx/CMakeFiles/STM32_Drivers.dir/__/__/Drivers/STM32F4xx_HAL_Driver/Src/stm32f4xx_ll_usb.c.obj
                0x08003a68                USB_ReadPacket
 .text.USB_EPSetStall
                0x08003b18       0xdc cmake/stm32cubemx/CMakeFiles/STM32_Drivers.dir/__/__/Drivers/STM32F4xx_HAL_Driver/Src/stm32f4xx_ll_usb.c.obj
                0x08003b18                USB_EPSetStall
 .text.USB_EPClearStall
                0x08003bf4       0xcc cmake/stm32cubemx/CMakeFiles/STM32_Drivers.dir/__/__/Drivers/STM32F4xx_HAL_Driver/Src/stm32f4xx_ll_usb.c.obj
                0x08003bf4                USB_EPClearStall
 .text.USB_SetDevAddress
                0x08003cc0       0x4c cmake/stm32cubemx/CMakeFiles/STM32_Drivers.dir/__/__/Drivers/STM32F4xx_HAL_Driver/Src/stm32f4xx_ll_usb.c.obj
                0x08003cc0                USB_SetDevAddress
 .text.USB_DevConnect
                0x08003d0c       0x42 cmake/stm32cubemx/CMakeFiles/STM32_Drivers.dir/__/__/Drivers/STM32F4xx_HAL_Driver/Src/stm32f4xx_ll_usb.c.obj
                0x08003d0c                USB_DevConnect
 .text.USB_DevDisconnect
                0x08003d4e       0x42 cmake/stm32cubemx/CMakeFiles/STM32_Drivers.dir/__/__/Drivers/STM32F4xx_HAL_Driver/Src/stm32f4xx_ll_usb.c.obj
                0x08003d4e                USB_DevDisconnect
 .text.USB_ReadInterrupts
                0x08003d90       0x26 cmake/stm32cubemx/CMakeFiles/STM32_Drivers.dir/__/__/Drivers/STM32F4xx_HAL_Driver/Src/stm32f4xx_ll_usb.c.obj
                0x08003d90                USB_ReadInterrupts
 .text.USB_ReadDevAllOutEpInterrupt
                0x08003db6       0x34 cmake/stm32cubemx/CMakeFiles/STM32_Drivers.dir/__/__/Drivers/STM32F4xx_HAL_Driver/Src/stm32f4xx_ll_usb.c.obj
                0x08003db6                USB_ReadDevAllOutEpInterrupt
 .text.USB_ReadDevAllInEpInterrupt
                0x08003dea       0x34 cmake/stm32cubemx/CMakeFiles/STM32_Drivers.dir/__/__/Drivers/STM32F4xx_HAL_Driver/Src/stm32f4xx_ll_usb.c.obj
                0x08003dea                USB_ReadDevAllInEpInterrupt
 .text.USB_ReadDevOutEPInterrupt
                0x08003e1e       0x3c cmake/stm32cubemx/CMakeFiles/STM32_Drivers.dir/__/__/Drivers/STM32F4xx_HAL_Driver/Src/stm32f4xx_ll_usb.c.obj
                0x08003e1e                USB_ReadDevOutEPInterrupt
 .text.USB_ReadDevInEPInterrupt
                0x08003e5a       0x5c cmake/stm32cubemx/CMakeFiles/STM32_Drivers.dir/__/__/Drivers/STM32F4xx_HAL_Driver/Src/stm32f4xx_ll_usb.c.obj
                0x08003e5a                USB_ReadDevInEPInterrupt
 .text.USB_GetMode
                0x08003eb6       0x1c cmake/stm32cubemx/CMakeFiles/STM32_Drivers.dir/__/__/Drivers/STM32F4xx_HAL_Driver/Src/stm32f4xx_ll_usb.c.obj
                0x08003eb6                USB_GetMode
 .text.USB_ActivateSetup
                0x08003ed2       0x46 cmake/stm32cubemx/CMakeFiles/STM32_Drivers.dir/__/__/Drivers/STM32F4xx_HAL_Driver/Src/stm32f4xx_ll_usb.c.obj
                0x08003ed2                USB_ActivateSetup
 .text.USB_EP0_OutStart
                0x08003f18       0xbc cmake/stm32cubemx/CMakeFiles/STM32_Drivers.dir/__/__/Drivers/STM32F4xx_HAL_Driver/Src/stm32f4xx_ll_usb.c.obj
                0x08003f18                USB_EP0_OutStart
 .text.USB_CoreReset
                0x08003fd4       0x70 cmake/stm32cubemx/CMakeFiles/STM32_Drivers.dir/__/__/Drivers/STM32F4xx_HAL_Driver/Src/stm32f4xx_ll_usb.c.obj
 .text.HAL_RCC_ClockConfig
                0x08004044      0x1cc cmake/stm32cubemx/CMakeFiles/STM32_Drivers.dir/__/__/Drivers/STM32F4xx_HAL_Driver/Src/stm32f4xx_hal_rcc.c.obj
                0x08004044                HAL_RCC_ClockConfig
 .text.HAL_RCC_GetHCLKFreq
                0x08004210       0x18 cmake/stm32cubemx/CMakeFiles/STM32_Drivers.dir/__/__/Drivers/STM32F4xx_HAL_Driver/Src/stm32f4xx_hal_rcc.c.obj
                0x08004210                HAL_RCC_GetHCLKFreq
 .text.HAL_RCCEx_PeriphCLKConfig
                0x08004228      0x654 cmake/stm32cubemx/CMakeFiles/STM32_Drivers.dir/__/__/Drivers/STM32F4xx_HAL_Driver/Src/stm32f4xx_hal_rcc_ex.c.obj
                0x08004228                HAL_RCCEx_PeriphCLKConfig
 .text.HAL_RCC_GetSysClockFreq
                0x0800487c      0x45c cmake/stm32cubemx/CMakeFiles/STM32_Drivers.dir/__/__/Drivers/STM32F4xx_HAL_Driver/Src/stm32f4xx_hal_rcc_ex.c.obj
                0x0800487c                HAL_RCC_GetSysClockFreq
 .text.HAL_RCC_OscConfig
                0x08004cd8      0x53c cmake/stm32cubemx/CMakeFiles/STM32_Drivers.dir/__/__/Drivers/STM32F4xx_HAL_Driver/Src/stm32f4xx_hal_rcc_ex.c.obj
                0x08004cd8                HAL_RCC_OscConfig
 .text.HAL_GPIO_Init
                0x08005214      0x328 cmake/stm32cubemx/CMakeFiles/STM32_Drivers.dir/__/__/Drivers/STM32F4xx_HAL_Driver/Src/stm32f4xx_hal_gpio.c.obj
                0x08005214                HAL_GPIO_Init
 .text.HAL_GPIO_WritePin
                0x0800553c       0x32 cmake/stm32cubemx/CMakeFiles/STM32_Drivers.dir/__/__/Drivers/STM32F4xx_HAL_Driver/Src/stm32f4xx_hal_gpio.c.obj
                0x0800553c                HAL_GPIO_WritePin
 *fill*         0x0800556e        0x2 
 .text.HAL_PWREx_EnableOverDrive
                0x08005570       0xa0 cmake/stm32cubemx/CMakeFiles/STM32_Drivers.dir/__/__/Drivers/STM32F4xx_HAL_Driver/Src/stm32f4xx_hal_pwr_ex.c.obj
                0x08005570                HAL_PWREx_EnableOverDrive
 .text.__NVIC_SetPriorityGrouping
                0x08005610       0x48 cmake/stm32cubemx/CMakeFiles/STM32_Drivers.dir/__/__/Drivers/STM32F4xx_HAL_Driver/Src/stm32f4xx_hal_cortex.c.obj
 .text.__NVIC_GetPriorityGrouping
                0x08005658       0x1c cmake/stm32cubemx/CMakeFiles/STM32_Drivers.dir/__/__/Drivers/STM32F4xx_HAL_Driver/Src/stm32f4xx_hal_cortex.c.obj
 .text.__NVIC_EnableIRQ
                0x08005674       0x3c cmake/stm32cubemx/CMakeFiles/STM32_Drivers.dir/__/__/Drivers/STM32F4xx_HAL_Driver/Src/stm32f4xx_hal_cortex.c.obj
 .text.__NVIC_SetPriority
                0x080056b0       0x54 cmake/stm32cubemx/CMakeFiles/STM32_Drivers.dir/__/__/Drivers/STM32F4xx_HAL_Driver/Src/stm32f4xx_hal_cortex.c.obj
 .text.NVIC_EncodePriority
                0x08005704       0x66 cmake/stm32cubemx/CMakeFiles/STM32_Drivers.dir/__/__/Drivers/STM32F4xx_HAL_Driver/Src/stm32f4xx_hal_cortex.c.obj
 *fill*         0x0800576a        0x2 
 .text.SysTick_Config
                0x0800576c       0x44 cmake/stm32cubemx/CMakeFiles/STM32_Drivers.dir/__/__/Drivers/STM32F4xx_HAL_Driver/Src/stm32f4xx_hal_cortex.c.obj
 .text.HAL_NVIC_SetPriorityGrouping
                0x080057b0       0x16 cmake/stm32cubemx/CMakeFiles/STM32_Drivers.dir/__/__/Drivers/STM32F4xx_HAL_Driver/Src/stm32f4xx_hal_cortex.c.obj
                0x080057b0                HAL_NVIC_SetPriorityGrouping
 .text.HAL_NVIC_SetPriority
                0x080057c6       0x38 cmake/stm32cubemx/CMakeFiles/STM32_Drivers.dir/__/__/Drivers/STM32F4xx_HAL_Driver/Src/stm32f4xx_hal_cortex.c.obj
                0x080057c6                HAL_NVIC_SetPriority
 .text.HAL_NVIC_EnableIRQ
                0x080057fe       0x1c cmake/stm32cubemx/CMakeFiles/STM32_Drivers.dir/__/__/Drivers/STM32F4xx_HAL_Driver/Src/stm32f4xx_hal_cortex.c.obj
                0x080057fe                HAL_NVIC_EnableIRQ
 .text.HAL_SYSTICK_Config
                0x0800581a       0x18 cmake/stm32cubemx/CMakeFiles/STM32_Drivers.dir/__/__/Drivers/STM32F4xx_HAL_Driver/Src/stm32f4xx_hal_cortex.c.obj
                0x0800581a                HAL_SYSTICK_Config
 *fill*         0x08005832        0x2 
 .text.HAL_Init
                0x08005834       0x44 cmake/stm32cubemx/CMakeFiles/STM32_Drivers.dir/__/__/Drivers/STM32F4xx_HAL_Driver/Src/stm32f4xx_hal.c.obj
                0x08005834                HAL_Init
 .text.HAL_InitTick
                0x08005878       0x60 cmake/stm32cubemx/CMakeFiles/STM32_Drivers.dir/__/__/Drivers/STM32F4xx_HAL_Driver/Src/stm32f4xx_hal.c.obj
                0x08005878                HAL_InitTick
 .text.HAL_IncTick
                0x080058d8       0x28 cmake/stm32cubemx/CMakeFiles/STM32_Drivers.dir/__/__/Drivers/STM32F4xx_HAL_Driver/Src/stm32f4xx_hal.c.obj
                0x080058d8                HAL_IncTick
 .text.HAL_GetTick
                0x08005900       0x18 cmake/stm32cubemx/CMakeFiles/STM32_Drivers.dir/__/__/Drivers/STM32F4xx_HAL_Driver/Src/stm32f4xx_hal.c.obj
                0x08005900                HAL_GetTick
 .text.HAL_Delay
                0x08005918       0x48 cmake/stm32cubemx/CMakeFiles/STM32_Drivers.dir/__/__/Drivers/STM32F4xx_HAL_Driver/Src/stm32f4xx_hal.c.obj
                0x08005918                HAL_Delay
 .text.USBD_Init
                0x08005960       0x60 cmake/stm32cubemx/CMakeFiles/USB_Device_Library.dir/__/__/Middlewares/ST/STM32_USB_Device_Library/Core/Src/usbd_core.c.obj
                0x08005960                USBD_Init
 .text.USBD_RegisterClass
                0x080059c0       0x6c cmake/stm32cubemx/CMakeFiles/USB_Device_Library.dir/__/__/Middlewares/ST/STM32_USB_Device_Library/Core/Src/usbd_core.c.obj
                0x080059c0                USBD_RegisterClass
 .text.USBD_Start
                0x08005a2c       0x18 cmake/stm32cubemx/CMakeFiles/USB_Device_Library.dir/__/__/Middlewares/ST/STM32_USB_Device_Library/Core/Src/usbd_core.c.obj
                0x08005a2c                USBD_Start
 .text.USBD_RunTestMode
                0x08005a44       0x16 cmake/stm32cubemx/CMakeFiles/USB_Device_Library.dir/__/__/Middlewares/ST/STM32_USB_Device_Library/Core/Src/usbd_core.c.obj
                0x08005a44                USBD_RunTestMode
 .text.USBD_SetClassConfig
                0x08005a5a       0x38 cmake/stm32cubemx/CMakeFiles/USB_Device_Library.dir/__/__/Middlewares/ST/STM32_USB_Device_Library/Core/Src/usbd_core.c.obj
                0x08005a5a                USBD_SetClassConfig
 .text.USBD_ClrClassConfig
                0x08005a92       0x34 cmake/stm32cubemx/CMakeFiles/USB_Device_Library.dir/__/__/Middlewares/ST/STM32_USB_Device_Library/Core/Src/usbd_core.c.obj
                0x08005a92                USBD_ClrClassConfig
 .text.USBD_LL_SetupStage
                0x08005ac6       0xaa cmake/stm32cubemx/CMakeFiles/USB_Device_Library.dir/__/__/Middlewares/ST/STM32_USB_Device_Library/Core/Src/usbd_core.c.obj
                0x08005ac6                USBD_LL_SetupStage
 .text.USBD_LL_DataOutStage
                0x08005b70      0x178 cmake/stm32cubemx/CMakeFiles/USB_Device_Library.dir/__/__/Middlewares/ST/STM32_USB_Device_Library/Core/Src/usbd_core.c.obj
                0x08005b70                USBD_LL_DataOutStage
 .text.USBD_LL_DataInStage
                0x08005ce8      0x176 cmake/stm32cubemx/CMakeFiles/USB_Device_Library.dir/__/__/Middlewares/ST/STM32_USB_Device_Library/Core/Src/usbd_core.c.obj
                0x08005ce8                USBD_LL_DataInStage
 .text.USBD_LL_Reset
                0x08005e5e       0xa6 cmake/stm32cubemx/CMakeFiles/USB_Device_Library.dir/__/__/Middlewares/ST/STM32_USB_Device_Library/Core/Src/usbd_core.c.obj
                0x08005e5e                USBD_LL_Reset
 .text.USBD_LL_SetSpeed
                0x08005f04       0x20 cmake/stm32cubemx/CMakeFiles/USB_Device_Library.dir/__/__/Middlewares/ST/STM32_USB_Device_Library/Core/Src/usbd_core.c.obj
                0x08005f04                USBD_LL_SetSpeed
 .text.USBD_LL_Suspend
                0x08005f24       0x38 cmake/stm32cubemx/CMakeFiles/USB_Device_Library.dir/__/__/Middlewares/ST/STM32_USB_Device_Library/Core/Src/usbd_core.c.obj
                0x08005f24                USBD_LL_Suspend
 .text.USBD_LL_Resume
                0x08005f5c       0x30 cmake/stm32cubemx/CMakeFiles/USB_Device_Library.dir/__/__/Middlewares/ST/STM32_USB_Device_Library/Core/Src/usbd_core.c.obj
                0x08005f5c                USBD_LL_Resume
 .text.USBD_LL_SOF
                0x08005f8c       0x40 cmake/stm32cubemx/CMakeFiles/USB_Device_Library.dir/__/__/Middlewares/ST/STM32_USB_Device_Library/Core/Src/usbd_core.c.obj
                0x08005f8c                USBD_LL_SOF
 .text.USBD_LL_IsoINIncomplete
                0x08005fcc       0x64 cmake/stm32cubemx/CMakeFiles/USB_Device_Library.dir/__/__/Middlewares/ST/STM32_USB_Device_Library/Core/Src/usbd_core.c.obj
                0x08005fcc                USBD_LL_IsoINIncomplete
 .text.USBD_LL_IsoOUTIncomplete
                0x08006030       0x64 cmake/stm32cubemx/CMakeFiles/USB_Device_Library.dir/__/__/Middlewares/ST/STM32_USB_Device_Library/Core/Src/usbd_core.c.obj
                0x08006030                USBD_LL_IsoOUTIncomplete
 .text.USBD_LL_DevConnected
                0x08006094       0x16 cmake/stm32cubemx/CMakeFiles/USB_Device_Library.dir/__/__/Middlewares/ST/STM32_USB_Device_Library/Core/Src/usbd_core.c.obj
                0x08006094                USBD_LL_DevConnected
 .text.USBD_LL_DevDisconnected
                0x080060aa       0x46 cmake/stm32cubemx/CMakeFiles/USB_Device_Library.dir/__/__/Middlewares/ST/STM32_USB_Device_Library/Core/Src/usbd_core.c.obj
                0x080060aa                USBD_LL_DevDisconnected
 .text.USBD_CoreFindIF
                0x080060f0       0x1a cmake/stm32cubemx/CMakeFiles/USB_Device_Library.dir/__/__/Middlewares/ST/STM32_USB_Device_Library/Core/Src/usbd_core.c.obj
                0x080060f0                USBD_CoreFindIF
 .text.USBD_CoreFindEP
                0x0800610a       0x1a cmake/stm32cubemx/CMakeFiles/USB_Device_Library.dir/__/__/Middlewares/ST/STM32_USB_Device_Library/Core/Src/usbd_core.c.obj
                0x0800610a                USBD_CoreFindEP
 .text.USBD_GetEpDesc
                0x08006124       0x70 cmake/stm32cubemx/CMakeFiles/USB_Device_Library.dir/__/__/Middlewares/ST/STM32_USB_Device_Library/Core/Src/usbd_core.c.obj
                0x08006124                USBD_GetEpDesc
 .text.USBD_GetNextDesc
                0x08006194       0x38 cmake/stm32cubemx/CMakeFiles/USB_Device_Library.dir/__/__/Middlewares/ST/STM32_USB_Device_Library/Core/Src/usbd_core.c.obj
                0x08006194                USBD_GetNextDesc
 .text.SWAPBYTE
                0x080061cc       0x3e cmake/stm32cubemx/CMakeFiles/USB_Device_Library.dir/__/__/Middlewares/ST/STM32_USB_Device_Library/Core/Src/usbd_ctlreq.c.obj
 *fill*         0x0800620a        0x2 
 .text.USBD_StdDevReq
                0x0800620c       0xe4 cmake/stm32cubemx/CMakeFiles/USB_Device_Library.dir/__/__/Middlewares/ST/STM32_USB_Device_Library/Core/Src/usbd_ctlreq.c.obj
                0x0800620c                USBD_StdDevReq
 .text.USBD_StdItfReq
                0x080062f0       0xd8 cmake/stm32cubemx/CMakeFiles/USB_Device_Library.dir/__/__/Middlewares/ST/STM32_USB_Device_Library/Core/Src/usbd_ctlreq.c.obj
                0x080062f0                USBD_StdItfReq
 .text.USBD_StdEPReq
                0x080063c8      0x33e cmake/stm32cubemx/CMakeFiles/USB_Device_Library.dir/__/__/Middlewares/ST/STM32_USB_Device_Library/Core/Src/usbd_ctlreq.c.obj
                0x080063c8                USBD_StdEPReq
 *fill*         0x08006706        0x2 
 .text.USBD_GetDescriptor
                0x08006708      0x328 cmake/stm32cubemx/CMakeFiles/USB_Device_Library.dir/__/__/Middlewares/ST/STM32_USB_Device_Library/Core/Src/usbd_ctlreq.c.obj
 .text.USBD_SetAddress
                0x08006a30       0x88 cmake/stm32cubemx/CMakeFiles/USB_Device_Library.dir/__/__/Middlewares/ST/STM32_USB_Device_Library/Core/Src/usbd_ctlreq.c.obj
 .text.USBD_SetConfig
                0x08006ab8      0x154 cmake/stm32cubemx/CMakeFiles/USB_Device_Library.dir/__/__/Middlewares/ST/STM32_USB_Device_Library/Core/Src/usbd_ctlreq.c.obj
 .text.USBD_GetConfig
                0x08006c0c       0x6c cmake/stm32cubemx/CMakeFiles/USB_Device_Library.dir/__/__/Middlewares/ST/STM32_USB_Device_Library/Core/Src/usbd_ctlreq.c.obj
 .text.USBD_GetStatus
                0x08006c78       0x68 cmake/stm32cubemx/CMakeFiles/USB_Device_Library.dir/__/__/Middlewares/ST/STM32_USB_Device_Library/Core/Src/usbd_ctlreq.c.obj
 .text.USBD_SetFeature
                0x08006ce0       0x52 cmake/stm32cubemx/CMakeFiles/USB_Device_Library.dir/__/__/Middlewares/ST/STM32_USB_Device_Library/Core/Src/usbd_ctlreq.c.obj
 .text.USBD_ClrFeature
                0x08006d32       0x44 cmake/stm32cubemx/CMakeFiles/USB_Device_Library.dir/__/__/Middlewares/ST/STM32_USB_Device_Library/Core/Src/usbd_ctlreq.c.obj
 .text.USBD_ParseSetupRequest
                0x08006d76       0x74 cmake/stm32cubemx/CMakeFiles/USB_Device_Library.dir/__/__/Middlewares/ST/STM32_USB_Device_Library/Core/Src/usbd_ctlreq.c.obj
                0x08006d76                USBD_ParseSetupRequest
 .text.USBD_CtlError
                0x08006dea       0x22 cmake/stm32cubemx/CMakeFiles/USB_Device_Library.dir/__/__/Middlewares/ST/STM32_USB_Device_Library/Core/Src/usbd_ctlreq.c.obj
                0x08006dea                USBD_CtlError
 .text.USBD_GetString
                0x08006e0c       0xa4 cmake/stm32cubemx/CMakeFiles/USB_Device_Library.dir/__/__/Middlewares/ST/STM32_USB_Device_Library/Core/Src/usbd_ctlreq.c.obj
                0x08006e0c                USBD_GetString
 .text.USBD_GetLen
                0x08006eb0       0x34 cmake/stm32cubemx/CMakeFiles/USB_Device_Library.dir/__/__/Middlewares/ST/STM32_USB_Device_Library/Core/Src/usbd_ctlreq.c.obj
 .text.USBD_CtlSendData
                0x08006ee4       0x3c cmake/stm32cubemx/CMakeFiles/USB_Device_Library.dir/__/__/Middlewares/ST/STM32_USB_Device_Library/Core/Src/usbd_ioreq.c.obj
                0x08006ee4                USBD_CtlSendData
 .text.USBD_CtlContinueSendData
                0x08006f20       0x22 cmake/stm32cubemx/CMakeFiles/USB_Device_Library.dir/__/__/Middlewares/ST/STM32_USB_Device_Library/Core/Src/usbd_ioreq.c.obj
                0x08006f20                USBD_CtlContinueSendData
 .text.USBD_CtlPrepareRx
                0x08006f42       0x42 cmake/stm32cubemx/CMakeFiles/USB_Device_Library.dir/__/__/Middlewares/ST/STM32_USB_Device_Library/Core/Src/usbd_ioreq.c.obj
                0x08006f42                USBD_CtlPrepareRx
 .text.USBD_CtlContinueRx
                0x08006f84       0x22 cmake/stm32cubemx/CMakeFiles/USB_Device_Library.dir/__/__/Middlewares/ST/STM32_USB_Device_Library/Core/Src/usbd_ioreq.c.obj
                0x08006f84                USBD_CtlContinueRx
 .text.USBD_CtlSendStatus
                0x08006fa6       0x26 cmake/stm32cubemx/CMakeFiles/USB_Device_Library.dir/__/__/Middlewares/ST/STM32_USB_Device_Library/Core/Src/usbd_ioreq.c.obj
                0x08006fa6                USBD_CtlSendStatus
 .text.USBD_CtlReceiveStatus
                0x08006fcc       0x26 cmake/stm32cubemx/CMakeFiles/USB_Device_Library.dir/__/__/Middlewares/ST/STM32_USB_Device_Library/Core/Src/usbd_ioreq.c.obj
                0x08006fcc                USBD_CtlReceiveStatus
 *fill*         0x08006ff2        0x2 
 .text.USBD_CDC_Init
                0x08006ff4      0x1f0 cmake/stm32cubemx/CMakeFiles/USB_Device_Library.dir/__/__/Middlewares/ST/STM32_USB_Device_Library/Class/CDC/Src/usbd_cdc.c.obj
 .text.USBD_CDC_DeInit
                0x080071e4      0x104 cmake/stm32cubemx/CMakeFiles/USB_Device_Library.dir/__/__/Middlewares/ST/STM32_USB_Device_Library/Class/CDC/Src/usbd_cdc.c.obj
 .text.USBD_CDC_Setup
                0x080072e8      0x1b8 cmake/stm32cubemx/CMakeFiles/USB_Device_Library.dir/__/__/Middlewares/ST/STM32_USB_Device_Library/Class/CDC/Src/usbd_cdc.c.obj
 .text.USBD_CDC_DataIn
                0x080074a0       0xfe cmake/stm32cubemx/CMakeFiles/USB_Device_Library.dir/__/__/Middlewares/ST/STM32_USB_Device_Library/Class/CDC/Src/usbd_cdc.c.obj
 .text.USBD_CDC_DataOut
                0x0800759e       0x70 cmake/stm32cubemx/CMakeFiles/USB_Device_Library.dir/__/__/Middlewares/ST/STM32_USB_Device_Library/Class/CDC/Src/usbd_cdc.c.obj
 .text.USBD_CDC_EP0_RxReady
                0x0800760e       0x74 cmake/stm32cubemx/CMakeFiles/USB_Device_Library.dir/__/__/Middlewares/ST/STM32_USB_Device_Library/Class/CDC/Src/usbd_cdc.c.obj
 *fill*         0x08007682        0x2 
 .text.USBD_CDC_GetFSCfgDesc
                0x08007684       0x70 cmake/stm32cubemx/CMakeFiles/USB_Device_Library.dir/__/__/Middlewares/ST/STM32_USB_Device_Library/Class/CDC/Src/usbd_cdc.c.obj
 .text.USBD_CDC_GetHSCfgDesc
                0x080076f4       0x70 cmake/stm32cubemx/CMakeFiles/USB_Device_Library.dir/__/__/Middlewares/ST/STM32_USB_Device_Library/Class/CDC/Src/usbd_cdc.c.obj
 .text.USBD_CDC_GetOtherSpeedCfgDesc
                0x08007764       0x70 cmake/stm32cubemx/CMakeFiles/USB_Device_Library.dir/__/__/Middlewares/ST/STM32_USB_Device_Library/Class/CDC/Src/usbd_cdc.c.obj
 .text.USBD_CDC_GetDeviceQualifierDescriptor
                0x080077d4       0x20 cmake/stm32cubemx/CMakeFiles/USB_Device_Library.dir/__/__/Middlewares/ST/STM32_USB_Device_Library/Class/CDC/Src/usbd_cdc.c.obj
                0x080077d4                USBD_CDC_GetDeviceQualifierDescriptor
 .text.USBD_CDC_RegisterInterface
                0x080077f4       0x34 cmake/stm32cubemx/CMakeFiles/USB_Device_Library.dir/__/__/Middlewares/ST/STM32_USB_Device_Library/Class/CDC/Src/usbd_cdc.c.obj
                0x080077f4                USBD_CDC_RegisterInterface
 .text.USBD_CDC_SetTxBuffer
                0x08007828       0x44 cmake/stm32cubemx/CMakeFiles/USB_Device_Library.dir/__/__/Middlewares/ST/STM32_USB_Device_Library/Class/CDC/Src/usbd_cdc.c.obj
                0x08007828                USBD_CDC_SetTxBuffer
 .text.USBD_CDC_SetRxBuffer
                0x0800786c       0x3a cmake/stm32cubemx/CMakeFiles/USB_Device_Library.dir/__/__/Middlewares/ST/STM32_USB_Device_Library/Class/CDC/Src/usbd_cdc.c.obj
                0x0800786c                USBD_CDC_SetRxBuffer
 *fill*         0x080078a6        0x2 
 .text.USBD_CDC_ReceivePacket
                0x080078a8       0x6c cmake/stm32cubemx/CMakeFiles/USB_Device_Library.dir/__/__/Middlewares/ST/STM32_USB_Device_Library/Class/CDC/Src/usbd_cdc.c.obj
                0x080078a8                USBD_CDC_ReceivePacket
 *(.glue_7)
 .glue_7        0x08007914        0x0 linker stubs
 *(.glue_7t)
 .glue_7t       0x08007914        0x0 linker stubs
 *(.eh_frame)
 .eh_frame      0x08007914        0x0 /usr/lib/gcc/arm-none-eabi/13.2.1/thumb/v7e-m+fp/hard/crtbegin.o
 *(.init)
 .init          0x08007914        0x4 /usr/lib/gcc/arm-none-eabi/13.2.1/thumb/v7e-m+fp/hard/crti.o
                0x08007914                _init
 .init          0x08007918        0x8 /usr/lib/gcc/arm-none-eabi/13.2.1/thumb/v7e-m+fp/hard/crtn.o
 *(.fini)
 .fini          0x08007920        0x4 /usr/lib/gcc/arm-none-eabi/13.2.1/thumb/v7e-m+fp/hard/crti.o
                0x08007920                _fini
 .fini          0x08007924        0x8 /usr/lib/gcc/arm-none-eabi/13.2.1/thumb/v7e-m+fp/hard/crtn.o
                0x0800792c                        . = ALIGN (0x4)
                0x0800792c                        _etext = .

.vfp11_veneer   0x0800792c        0x0
 .vfp11_veneer  0x0800792c        0x0 linker stubs

.v4_bx          0x0800792c        0x0
 .v4_bx         0x0800792c        0x0 linker stubs

.iplt           0x0800792c        0x0
 .iplt          0x0800792c        0x0 /usr/lib/gcc/arm-none-eabi/13.2.1/thumb/v7e-m+fp/hard/crtbegin.o

.rodata         0x0800792c       0x58
                0x0800792c                        . = ALIGN (0x4)
 *(.rodata)
 .rodata        0x0800792c       0x46 CMakeFiles/firmware.dir/USB_DEVICE/App/usbd_desc.c.obj
 *(.rodata*)
 *fill*         0x08007972        0x2 
 .rodata.AHBPrescTable
                0x08007974       0x10 cmake/stm32cubemx/CMakeFiles/STM32_Drivers.dir/__/__/Core/Src/system_stm32f4xx.c.obj
                0x08007974                AHBPrescTable
                0x08007984                        . = ALIGN (0x4)

.ARM.extab      0x08007984        0x0
                0x08007984                        . = ALIGN (0x4)
 *(.ARM.extab* .gnu.linkonce.armextab.*)
                0x08007984                        . = ALIGN (0x4)

.ARM            0x08007984        0x8
                0x08007984                        . = ALIGN (0x4)
                0x08007984                        __exidx_start = .
 *(.ARM.exidx*)
 .ARM.exidx     0x08007984        0x8 /usr/lib/gcc/arm-none-eabi/13.2.1/thumb/v7e-m+fp/hard/libgcc.a(_udivmoddi4.o)
                0x0800798c                        __exidx_end = .
                0x0800798c                        . = ALIGN (0x4)

.preinit_array  0x0800798c        0x0
                0x0800798c                        . = ALIGN (0x4)
                0x0800798c                        PROVIDE (__preinit_array_start = .)
 *(.preinit_array*)
                0x0800798c                        PROVIDE (__preinit_array_end = .)
                0x0800798c                        . = ALIGN (0x4)

.init_array     0x0800798c        0x4
                0x0800798c                        . = ALIGN (0x4)
                0x0800798c                        PROVIDE (__init_array_start = .)
 *(SORT_BY_NAME(.init_array.*))
 *(.init_array*)
 .init_array    0x0800798c        0x4 /usr/lib/gcc/arm-none-eabi/13.2.1/thumb/v7e-m+fp/hard/crtbegin.o
                0x08007990                        PROVIDE (__init_array_end = .)
                0x08007990                        . = ALIGN (0x4)

.fini_array     0x08007990        0x4
                0x08007990                        . = ALIGN (0x4)
                0x08007990                        PROVIDE (__fini_array_start = .)
 *(SORT_BY_NAME(.fini_array.*))
 *(.fini_array*)
 .fini_array    0x08007990        0x4 /usr/lib/gcc/arm-none-eabi/13.2.1/thumb/v7e-m+fp/hard/crtbegin.o
                0x08007994                        PROVIDE (__fini_array_end = .)
                0x08007994                        . = ALIGN (0x4)
                0x08007994                        _sidata = LOADADDR (.data)

.rel.dyn        0x08007994        0x0
 .rel.iplt      0x08007994        0x0 /usr/lib/gcc/arm-none-eabi/13.2.1/thumb/v7e-m+fp/hard/crtbegin.o

.data           0x20000000      0x10c load address 0x08007994
                0x20000000                        . = ALIGN (0x4)
                0x20000000                        _sdata = .
 *(.data)
 *(.data*)
 .data.FS_Desc  0x20000000       0x20 CMakeFiles/firmware.dir/USB_DEVICE/App/usbd_desc.c.obj
                0x20000000                FS_Desc
 .data.USBD_FS_DeviceDesc
                0x20000020       0x12 CMakeFiles/firmware.dir/USB_DEVICE/App/usbd_desc.c.obj
                0x20000020                USBD_FS_DeviceDesc
 *fill*         0x20000032        0x2 
 .data.USBD_FS_BOSDesc
                0x20000034        0xc CMakeFiles/firmware.dir/USB_DEVICE/App/usbd_desc.c.obj
                0x20000034                USBD_FS_BOSDesc
 .data.USBD_LangIDDesc
                0x20000040        0x4 CMakeFiles/firmware.dir/USB_DEVICE/App/usbd_desc.c.obj
                0x20000040                USBD_LangIDDesc
 .data.USBD_StringSerial
                0x20000044       0x1a CMakeFiles/firmware.dir/USB_DEVICE/App/usbd_desc.c.obj
                0x20000044                USBD_StringSerial
 *fill*         0x2000005e        0x2 
 .data.USBD_Interface_fops_FS
                0x20000060       0x14 CMakeFiles/firmware.dir/USB_DEVICE/App/usbd_cdc_if.c.obj
                0x20000060                USBD_Interface_fops_FS
 .data.SystemCoreClock
                0x20000074        0x4 cmake/stm32cubemx/CMakeFiles/STM32_Drivers.dir/__/__/Core/Src/system_stm32f4xx.c.obj
                0x20000074                SystemCoreClock
 .data.uwTickPrio
                0x20000078        0x4 cmake/stm32cubemx/CMakeFiles/STM32_Drivers.dir/__/__/Drivers/STM32F4xx_HAL_Driver/Src/stm32f4xx_hal.c.obj
                0x20000078                uwTickPrio
 .data.uwTickFreq
                0x2000007c        0x1 cmake/stm32cubemx/CMakeFiles/STM32_Drivers.dir/__/__/Drivers/STM32F4xx_HAL_Driver/Src/stm32f4xx_hal.c.obj
                0x2000007c                uwTickFreq
 *fill*         0x2000007d        0x3 
 .data.USBD_CDC_DeviceQualifierDesc
                0x20000080        0xa cmake/stm32cubemx/CMakeFiles/USB_Device_Library.dir/__/__/Middlewares/ST/STM32_USB_Device_Library/Class/CDC/Src/usbd_cdc.c.obj
 *fill*         0x2000008a        0x2 
 .data.USBD_CDC
                0x2000008c       0x38 cmake/stm32cubemx/CMakeFiles/USB_Device_Library.dir/__/__/Middlewares/ST/STM32_USB_Device_Library/Class/CDC/Src/usbd_cdc.c.obj
                0x2000008c                USBD_CDC
 .data.USBD_CDC_CfgDesc
                0x200000c4       0x43 cmake/stm32cubemx/CMakeFiles/USB_Device_Library.dir/__/__/Middlewares/ST/STM32_USB_Device_Library/Class/CDC/Src/usbd_cdc.c.obj
 .data.CDCInEpAdd
                0x20000107        0x1 cmake/stm32cubemx/CMakeFiles/USB_Device_Library.dir/__/__/Middlewares/ST/STM32_USB_Device_Library/Class/CDC/Src/usbd_cdc.c.obj
 .data.CDCOutEpAdd
                0x20000108        0x1 cmake/stm32cubemx/CMakeFiles/USB_Device_Library.dir/__/__/Middlewares/ST/STM32_USB_Device_Library/Class/CDC/Src/usbd_cdc.c.obj
 .data.CDCCmdEpAdd
                0x20000109        0x1 cmake/stm32cubemx/CMakeFiles/USB_Device_Library.dir/__/__/Middlewares/ST/STM32_USB_Device_Library/Class/CDC/Src/usbd_cdc.c.obj
 *(.RamFunc)
 *(.RamFunc*)
                0x2000010c                        . = ALIGN (0x4)
 *fill*         0x2000010a        0x2 

.tm_clone_table
                0x2000010c        0x0 load address 0x08007aa0
 .tm_clone_table
                0x2000010c        0x0 /usr/lib/gcc/arm-none-eabi/13.2.1/thumb/v7e-m+fp/hard/crtbegin.o
 .tm_clone_table
                0x2000010c        0x0 /usr/lib/gcc/arm-none-eabi/13.2.1/thumb/v7e-m+fp/hard/crtend.o

.igot.plt       0x2000010c        0x0 load address 0x08007aa0
 .igot.plt      0x2000010c        0x0 /usr/lib/gcc/arm-none-eabi/13.2.1/thumb/v7e-m+fp/hard/crtbegin.o

.tdata          0x2000010c        0x0 load address 0x08007aa0
 *(.tdata .tdata.* .gnu.linkonce.td.*)
                0x2000010c                        . = ALIGN (0x4)
                0x2000010c                        _edata = .
                [!provide]                        PROVIDE (__data_end = .)
                [!provide]                        PROVIDE (__tdata_end = .)
                [!provide]                        PROVIDE (__tdata_start = ADDR (.tdata))
                [!provide]                        PROVIDE (__tdata_size = (__tdata_end - __tdata_start))
                [!provide]                        PROVIDE (__data_start = ADDR (.data))
                [!provide]                        PROVIDE (__data_size = (__data_end - __data_start))
                [!provide]                        PROVIDE (__tdata_source = LOADADDR (.tdata))
                [!provide]                        PROVIDE (__tdata_source_end = (LOADADDR (.tdata) + SIZEOF (.tdata)))
                [!provide]                        PROVIDE (__tdata_source_size = (__tdata_source_end - __tdata_source))
                [!provide]                        PROVIDE (__data_source = LOADADDR (.data))
                [!provide]                        PROVIDE (__data_source_end = __tdata_source_end)
                [!provide]                        PROVIDE (__data_source_size = (__data_source_end - __data_source))

.tbss           0x2000010c        0x0 load address 0x08007aa0
                0x2000010c                        _sbss = .
                0x2000010c                        __bss_start__ = _sbss
 *(.tbss .tbss.*)
                0x2000010c                        . = ALIGN (0x4)
                [!provide]                        PROVIDE (__tbss_end = .)
                [!provide]                        PROVIDE (__tbss_start = ADDR (.tbss))
                [!provide]                        PROVIDE (__tbss_size = (__tbss_end - __tbss_start))
                [!provide]                        PROVIDE (__tbss_offset = (ADDR (.tbss) - ADDR (.tdata)))
                [!provide]                        PROVIDE (__tls_base = __tdata_start)
                [!provide]                        PROVIDE (__tls_end = __tbss_end)
                [!provide]                        PROVIDE (__tls_size = (__tls_end - __tls_base))
                [!provide]                        PROVIDE (__tls_align = MAX (ALIGNOF (.tdata), ALIGNOF (.tbss)))
                [!provide]                        PROVIDE (__tls_size_align = (((__tls_size + __tls_align) - 0x1) & ~ ((__tls_align - 0x1))))
                [!provide]                        PROVIDE (__arm32_tls_tcb_offset = MAX (0x8, __tls_align))
                [!provide]                        PROVIDE (__arm64_tls_tcb_offset = MAX (0x10, __tls_align))

.bss            0x2000010c     0x1c04 load address 0x08007aa0
 *(.bss)
 .bss           0x2000010c       0x1c /usr/lib/gcc/arm-none-eabi/13.2.1/thumb/v7e-m+fp/hard/crtbegin.o
 *(.bss*)
 .bss.hpcd_USB_OTG_FS
                0x20000128      0x4e4 CMakeFiles/firmware.dir/USB_DEVICE/Target/usbd_conf.c.obj
                0x20000128                hpcd_USB_OTG_FS
 .bss.mem.0     0x2000060c      0x220 CMakeFiles/firmware.dir/USB_DEVICE/Target/usbd_conf.c.obj
 .bss.hUsbDeviceFS
                0x2000082c      0x2dc CMakeFiles/firmware.dir/USB_DEVICE/App/usb_device.c.obj
                0x2000082c                hUsbDeviceFS
 .bss.USBD_StrDesc
                0x20000b08      0x200 CMakeFiles/firmware.dir/USB_DEVICE/App/usbd_desc.c.obj
                0x20000b08                USBD_StrDesc
 .bss.UserRxBufferFS
                0x20000d08      0x800 CMakeFiles/firmware.dir/USB_DEVICE/App/usbd_cdc_if.c.obj
                0x20000d08                UserRxBufferFS
 .bss.UserTxBufferFS
                0x20001508      0x800 CMakeFiles/firmware.dir/USB_DEVICE/App/usbd_cdc_if.c.obj
                0x20001508                UserTxBufferFS
 .bss.uwTick    0x20001d08        0x4 cmake/stm32cubemx/CMakeFiles/STM32_Drivers.dir/__/__/Drivers/STM32F4xx_HAL_Driver/Src/stm32f4xx_hal.c.obj
                0x20001d08                uwTick
 .bss.cfgidx.0  0x20001d0c        0x1 cmake/stm32cubemx/CMakeFiles/USB_Device_Library.dir/__/__/Middlewares/ST/STM32_USB_Device_Library/Core/Src/usbd_ctlreq.c.obj
 *(COMMON)
                0x20001d10                        . = ALIGN (0x4)
 *fill*         0x20001d0d        0x3 
                0x20001d10                        _ebss = .
                0x20001d10                        __bss_end__ = _ebss
                [!provide]                        PROVIDE (__bss_end = .)
                [!provide]                        PROVIDE (__non_tls_bss_start = ADDR (.bss))
                [!provide]                        PROVIDE (__bss_start = __tbss_start)
                [!provide]                        PROVIDE (__bss_size = (__bss_end - __bss_start))

._user_heap_stack
                0x20001d10     0x1800 load address 0x08007aa0
                0x20001d10                        . = ALIGN (0x8)
                [!provide]                        PROVIDE (end = .)
                0x20001d10                        PROVIDE (_end = .)
                0x20002510                        . = (. + _Min_Heap_Size)
 *fill*         0x20001d10      0x800 
                0x20003510                        . = (. + _Min_Stack_Size)
 *fill*         0x20002510     0x1000 
                0x20003510                        . = ALIGN (0x8)

/DISCARD/
 libc.a:*(*)
 libm.a:*(*)
 libgcc.a:*(*)
OUTPUT(firmware.elf elf32-littlearm)
LOAD linker stubs

.ARM.attributes
                0x00000000       0x30
 .ARM.attributes
                0x00000000       0x22 /usr/lib/gcc/arm-none-eabi/13.2.1/thumb/v7e-m+fp/hard/crti.o
 .ARM.attributes
                0x00000022       0x34 /usr/lib/gcc/arm-none-eabi/13.2.1/thumb/v7e-m+fp/hard/crtbegin.o
 .ARM.attributes
                0x00000056       0x34 CMakeFiles/firmware.dir/USB_DEVICE/Target/usbd_conf.c.obj
 .ARM.attributes
                0x0000008a       0x34 CMakeFiles/firmware.dir/USB_DEVICE/App/usb_device.c.obj
 .ARM.attributes
                0x000000be       0x34 CMakeFiles/firmware.dir/USB_DEVICE/App/usbd_desc.c.obj
 .ARM.attributes
                0x000000f2       0x34 CMakeFiles/firmware.dir/USB_DEVICE/App/usbd_cdc_if.c.obj
 .ARM.attributes
                0x00000126       0x34 CMakeFiles/firmware.dir/Core/Src/main.cpp.obj
 .ARM.attributes
                0x0000015a       0x34 CMakeFiles/firmware.dir/Core/Src/gpio.c.obj
 .ARM.attributes
                0x0000018e       0x34 CMakeFiles/firmware.dir/Core/Src/stm32f4xx_it.c.obj
 .ARM.attributes
                0x000001c2       0x34 CMakeFiles/firmware.dir/Core/Src/stm32f4xx_hal_msp.c.obj
 .ARM.attributes
                0x000001f6       0x21 CMakeFiles/firmware.dir/startup_stm32f446xx.s.obj
 .ARM.attributes
                0x00000217       0x34 CMakeFiles/firmware.dir/__/src/core.cpp.obj
 .ARM.attributes
                0x0000024b       0x34 cmake/stm32cubemx/CMakeFiles/STM32_Drivers.dir/__/__/Core/Src/system_stm32f4xx.c.obj
 .ARM.attributes
                0x0000027f       0x34 cmake/stm32cubemx/CMakeFiles/STM32_Drivers.dir/__/__/Drivers/STM32F4xx_HAL_Driver/Src/stm32f4xx_hal_pcd.c.obj
 .ARM.attributes
                0x000002b3       0x34 cmake/stm32cubemx/CMakeFiles/STM32_Drivers.dir/__/__/Drivers/STM32F4xx_HAL_Driver/Src/stm32f4xx_hal_pcd_ex.c.obj
 .ARM.attributes
                0x000002e7       0x34 cmake/stm32cubemx/CMakeFiles/STM32_Drivers.dir/__/__/Drivers/STM32F4xx_HAL_Driver/Src/stm32f4xx_ll_usb.c.obj
 .ARM.attributes
                0x0000031b       0x34 cmake/stm32cubemx/CMakeFiles/STM32_Drivers.dir/__/__/Drivers/STM32F4xx_HAL_Driver/Src/stm32f4xx_hal_rcc.c.obj
 .ARM.attributes
                0x0000034f       0x34 cmake/stm32cubemx/CMakeFiles/STM32_Drivers.dir/__/__/Drivers/STM32F4xx_HAL_Driver/Src/stm32f4xx_hal_rcc_ex.c.obj
 .ARM.attributes
                0x00000383       0x34 cmake/stm32cubemx/CMakeFiles/STM32_Drivers.dir/__/__/Drivers/STM32F4xx_HAL_Driver/Src/stm32f4xx_hal_gpio.c.obj
 .ARM.attributes
                0x000003b7       0x34 cmake/stm32cubemx/CMakeFiles/STM32_Drivers.dir/__/__/Drivers/STM32F4xx_HAL_Driver/Src/stm32f4xx_hal_pwr_ex.c.obj
 .ARM.attributes
                0x000003eb       0x34 cmake/stm32cubemx/CMakeFiles/STM32_Drivers.dir/__/__/Drivers/STM32F4xx_HAL_Driver/Src/stm32f4xx_hal_cortex.c.obj
 .ARM.attributes
                0x0000041f       0x34 cmake/stm32cubemx/CMakeFiles/STM32_Drivers.dir/__/__/Drivers/STM32F4xx_HAL_Driver/Src/stm32f4xx_hal.c.obj
 .ARM.attributes
                0x00000453       0x34 cmake/stm32cubemx/CMakeFiles/USB_Device_Library.dir/__/__/Middlewares/ST/STM32_USB_Device_Library/Core/Src/usbd_core.c.obj
 .ARM.attributes
                0x00000487       0x34 cmake/stm32cubemx/CMakeFiles/USB_Device_Library.dir/__/__/Middlewares/ST/STM32_USB_Device_Library/Core/Src/usbd_ctlreq.c.obj
 .ARM.attributes
                0x000004bb       0x34 cmake/stm32cubemx/CMakeFiles/USB_Device_Library.dir/__/__/Middlewares/ST/STM32_USB_Device_Library/Core/Src/usbd_ioreq.c.obj
 .ARM.attributes
                0x000004ef       0x34 cmake/stm32cubemx/CMakeFiles/USB_Device_Library.dir/__/__/Middlewares/ST/STM32_USB_Device_Library/Class/CDC/Src/usbd_cdc.c.obj
 .ARM.attributes
                0x00000523       0x22 /usr/lib/gcc/arm-none-eabi/13.2.1/thumb/v7e-m+fp/hard/libgcc.a(_aeabi_uldivmod.o)
 .ARM.attributes
                0x00000545       0x34 /usr/lib/gcc/arm-none-eabi/13.2.1/thumb/v7e-m+fp/hard/libgcc.a(_udivmoddi4.o)
 .ARM.attributes
                0x00000579       0x22 /usr/lib/gcc/arm-none-eabi/13.2.1/thumb/v7e-m+fp/hard/libgcc.a(_dvmd_tls.o)
 .ARM.attributes
                0x0000059b       0x34 /usr/lib/gcc/arm-none-eabi/13.2.1/../../../arm-none-eabi/lib/thumb/v7e-m+fp/hard/libg_nano.a(libc_a-init.o)
 .ARM.attributes
                0x000005cf       0x34 /usr/lib/gcc/arm-none-eabi/13.2.1/../../../arm-none-eabi/lib/thumb/v7e-m+fp/hard/libg_nano.a(libc_a-memset.o)
 .ARM.attributes
                0x00000603       0x34 /usr/lib/gcc/arm-none-eabi/13.2.1/thumb/v7e-m+fp/hard/crtend.o
 .ARM.attributes
                0x00000637       0x22 /usr/lib/gcc/arm-none-eabi/13.2.1/thumb/v7e-m+fp/hard/crtn.o

.comment        0x00000000       0x26
 .comment       0x00000000       0x26 /usr/lib/gcc/arm-none-eabi/13.2.1/thumb/v7e-m+fp/hard/crtbegin.o
                                 0x27 (size before relaxing)
 .comment       0x00000026       0x27 CMakeFiles/firmware.dir/USB_DEVICE/Target/usbd_conf.c.obj
 .comment       0x00000026       0x27 CMakeFiles/firmware.dir/USB_DEVICE/App/usb_device.c.obj
 .comment       0x00000026       0x27 CMakeFiles/firmware.dir/USB_DEVICE/App/usbd_desc.c.obj
 .comment       0x00000026       0x27 CMakeFiles/firmware.dir/USB_DEVICE/App/usbd_cdc_if.c.obj
 .comment       0x00000026       0x27 CMakeFiles/firmware.dir/Core/Src/main.cpp.obj
 .comment       0x00000026       0x27 CMakeFiles/firmware.dir/Core/Src/gpio.c.obj
 .comment       0x00000026       0x27 CMakeFiles/firmware.dir/Core/Src/stm32f4xx_it.c.obj
 .comment       0x00000026       0x27 CMakeFiles/firmware.dir/Core/Src/stm32f4xx_hal_msp.c.obj
 .comment       0x00000026       0x27 CMakeFiles/firmware.dir/__/src/core.cpp.obj
 .comment       0x00000026       0x27 cmake/stm32cubemx/CMakeFiles/STM32_Drivers.dir/__/__/Core/Src/system_stm32f4xx.c.obj
 .comment       0x00000026       0x27 cmake/stm32cubemx/CMakeFiles/STM32_Drivers.dir/__/__/Drivers/STM32F4xx_HAL_Driver/Src/stm32f4xx_hal_pcd.c.obj
 .comment       0x00000026       0x27 cmake/stm32cubemx/CMakeFiles/STM32_Drivers.dir/__/__/Drivers/STM32F4xx_HAL_Driver/Src/stm32f4xx_hal_pcd_ex.c.obj
 .comment       0x00000026       0x27 cmake/stm32cubemx/CMakeFiles/STM32_Drivers.dir/__/__/Drivers/STM32F4xx_HAL_Driver/Src/stm32f4xx_ll_usb.c.obj
 .comment       0x00000026       0x27 cmake/stm32cubemx/CMakeFiles/STM32_Drivers.dir/__/__/Drivers/STM32F4xx_HAL_Driver/Src/stm32f4xx_hal_rcc.c.obj
 .comment       0x00000026       0x27 cmake/stm32cubemx/CMakeFiles/STM32_Drivers.dir/__/__/Drivers/STM32F4xx_HAL_Driver/Src/stm32f4xx_hal_rcc_ex.c.obj
 .comment       0x00000026       0x27 cmake/stm32cubemx/CMakeFiles/STM32_Drivers.dir/__/__/Drivers/STM32F4xx_HAL_Driver/Src/stm32f4xx_hal_gpio.c.obj
 .comment       0x00000026       0x27 cmake/stm32cubemx/CMakeFiles/STM32_Drivers.dir/__/__/Drivers/STM32F4xx_HAL_Driver/Src/stm32f4xx_hal_pwr_ex.c.obj
 .comment       0x00000026       0x27 cmake/stm32cubemx/CMakeFiles/STM32_Drivers.dir/__/__/Drivers/STM32F4xx_HAL_Driver/Src/stm32f4xx_hal_cortex.c.obj
 .comment       0x00000026       0x27 cmake/stm32cubemx/CMakeFiles/STM32_Drivers.dir/__/__/Drivers/STM32F4xx_HAL_Driver/Src/stm32f4xx_hal.c.obj
 .comment       0x00000026       0x27 cmake/stm32cubemx/CMakeFiles/USB_Device_Library.dir/__/__/Middlewares/ST/STM32_USB_Device_Library/Core/Src/usbd_core.c.obj
 .comment       0x00000026       0x27 cmake/stm32cubemx/CMakeFiles/USB_Device_Library.dir/__/__/Middlewares/ST/STM32_USB_Device_Library/Core/Src/usbd_ctlreq.c.obj
 .comment       0x00000026       0x27 cmake/stm32cubemx/CMakeFiles/USB_Device_Library.dir/__/__/Middlewares/ST/STM32_USB_Device_Library/Core/Src/usbd_ioreq.c.obj
 .comment       0x00000026       0x27 cmake/stm32cubemx/CMakeFiles/USB_Device_Library.dir/__/__/Middlewares/ST/STM32_USB_Device_Library/Class/CDC/Src/usbd_cdc.c.obj
 .comment       0x00000026       0x27 /usr/lib/gcc/arm-none-eabi/13.2.1/thumb/v7e-m+fp/hard/libgcc.a(_udivmoddi4.o)
 .comment       0x00000026       0x27 /usr/lib/gcc/arm-none-eabi/13.2.1/../../../arm-none-eabi/lib/thumb/v7e-m+fp/hard/libg_nano.a(libc_a-init.o)
 .comment       0x00000026       0x27 /usr/lib/gcc/arm-none-eabi/13.2.1/../../../arm-none-eabi/lib/thumb/v7e-m+fp/hard/libg_nano.a(libc_a-memset.o)
 .comment       0x00000026       0x27 /usr/lib/gcc/arm-none-eabi/13.2.1/thumb/v7e-m+fp/hard/crtend.o

.debug_info     0x00000000     0xfdf2
 .debug_info    0x00000000     0x1f35 CMakeFiles/firmware.dir/USB_DEVICE/Target/usbd_conf.c.obj
 .debug_info    0x00001f35      0x6eb CMakeFiles/firmware.dir/USB_DEVICE/App/usb_device.c.obj
 .debug_info    0x00002620      0x493 CMakeFiles/firmware.dir/USB_DEVICE/App/usbd_desc.c.obj
 .debug_info    0x00002ab3      0x8e4 CMakeFiles/firmware.dir/USB_DEVICE/App/usbd_cdc_if.c.obj
 .debug_info    0x00003397      0xbc7 CMakeFiles/firmware.dir/Core/Src/main.cpp.obj
 .debug_info    0x00003f5e      0x405 CMakeFiles/firmware.dir/Core/Src/gpio.c.obj
 .debug_info    0x00004363      0x661 CMakeFiles/firmware.dir/Core/Src/stm32f4xx_it.c.obj
 .debug_info    0x000049c4      0x28d CMakeFiles/firmware.dir/Core/Src/stm32f4xx_hal_msp.c.obj
 .debug_info    0x00004c51       0x30 CMakeFiles/firmware.dir/startup_stm32f446xx.s.obj
 .debug_info    0x00004c81      0x1bb CMakeFiles/firmware.dir/__/src/core.cpp.obj
 .debug_info    0x00004e3c      0x530 cmake/stm32cubemx/CMakeFiles/STM32_Drivers.dir/__/__/Core/Src/system_stm32f4xx.c.obj
 .debug_info    0x0000536c     0x15bf cmake/stm32cubemx/CMakeFiles/STM32_Drivers.dir/__/__/Drivers/STM32F4xx_HAL_Driver/Src/stm32f4xx_hal_pcd.c.obj
 .debug_info    0x0000692b      0x790 cmake/stm32cubemx/CMakeFiles/STM32_Drivers.dir/__/__/Drivers/STM32F4xx_HAL_Driver/Src/stm32f4xx_hal_pcd_ex.c.obj
 .debug_info    0x000070bb     0x19cd cmake/stm32cubemx/CMakeFiles/STM32_Drivers.dir/__/__/Drivers/STM32F4xx_HAL_Driver/Src/stm32f4xx_ll_usb.c.obj
 .debug_info    0x00008a88      0x8cf cmake/stm32cubemx/CMakeFiles/STM32_Drivers.dir/__/__/Drivers/STM32F4xx_HAL_Driver/Src/stm32f4xx_hal_rcc.c.obj
 .debug_info    0x00009357      0x93c cmake/stm32cubemx/CMakeFiles/STM32_Drivers.dir/__/__/Drivers/STM32F4xx_HAL_Driver/Src/stm32f4xx_hal_rcc_ex.c.obj
 .debug_info    0x00009c93      0x6e7 cmake/stm32cubemx/CMakeFiles/STM32_Drivers.dir/__/__/Drivers/STM32F4xx_HAL_Driver/Src/stm32f4xx_hal_gpio.c.obj
 .debug_info    0x0000a37a      0x6c2 cmake/stm32cubemx/CMakeFiles/STM32_Drivers.dir/__/__/Drivers/STM32F4xx_HAL_Driver/Src/stm32f4xx_hal_pwr_ex.c.obj
 .debug_info    0x0000aa3c      0xd86 cmake/stm32cubemx/CMakeFiles/STM32_Drivers.dir/__/__/Drivers/STM32F4xx_HAL_Driver/Src/stm32f4xx_hal_cortex.c.obj
 .debug_info    0x0000b7c2      0x98e cmake/stm32cubemx/CMakeFiles/STM32_Drivers.dir/__/__/Drivers/STM32F4xx_HAL_Driver/Src/stm32f4xx_hal.c.obj
 .debug_info    0x0000c150      0xdfb cmake/stm32cubemx/CMakeFiles/USB_Device_Library.dir/__/__/Middlewares/ST/STM32_USB_Device_Library/Core/Src/usbd_core.c.obj
 .debug_info    0x0000cf4b      0xad4 cmake/stm32cubemx/CMakeFiles/USB_Device_Library.dir/__/__/Middlewares/ST/STM32_USB_Device_Library/Core/Src/usbd_ctlreq.c.obj
 .debug_info    0x0000da1f      0x74b cmake/stm32cubemx/CMakeFiles/USB_Device_Library.dir/__/__/Middlewares/ST/STM32_USB_Device_Library/Core/Src/usbd_ioreq.c.obj
 .debug_info    0x0000e16a     0x12f3 cmake/stm32cubemx/CMakeFiles/USB_Device_Library.dir/__/__/Middlewares/ST/STM32_USB_Device_Library/Class/CDC/Src/usbd_cdc.c.obj
 .debug_info    0x0000f45d       0x24 /usr/lib/gcc/arm-none-eabi/13.2.1/thumb/v7e-m+fp/hard/libgcc.a(_aeabi_uldivmod.o)
 .debug_info    0x0000f481      0x6f5 /usr/lib/gcc/arm-none-eabi/13.2.1/thumb/v7e-m+fp/hard/libgcc.a(_udivmoddi4.o)
 .debug_info    0x0000fb76       0x3c /usr/lib/gcc/arm-none-eabi/13.2.1/thumb/v7e-m+fp/hard/libgcc.a(_dvmd_tls.o)
 .debug_info    0x0000fbb2      0x10b /usr/lib/gcc/arm-none-eabi/13.2.1/../../../arm-none-eabi/lib/thumb/v7e-m+fp/hard/libg_nano.a(libc_a-init.o)
 .debug_info    0x0000fcbd      0x135 /usr/lib/gcc/arm-none-eabi/13.2.1/../../../arm-none-eabi/lib/thumb/v7e-m+fp/hard/libg_nano.a(libc_a-memset.o)

.debug_abbrev   0x00000000     0x3393
 .debug_abbrev  0x00000000      0x341 CMakeFiles/firmware.dir/USB_DEVICE/Target/usbd_conf.c.obj
 .debug_abbrev  0x00000341      0x195 CMakeFiles/firmware.dir/USB_DEVICE/App/usb_device.c.obj
 .debug_abbrev  0x000004d6      0x1e4 CMakeFiles/firmware.dir/USB_DEVICE/App/usbd_desc.c.obj
 .debug_abbrev  0x000006ba      0x29d CMakeFiles/firmware.dir/USB_DEVICE/App/usbd_cdc_if.c.obj
 .debug_abbrev  0x00000957      0x2aa CMakeFiles/firmware.dir/Core/Src/main.cpp.obj
 .debug_abbrev  0x00000c01      0x152 CMakeFiles/firmware.dir/Core/Src/gpio.c.obj
 .debug_abbrev  0x00000d53      0x1a4 CMakeFiles/firmware.dir/Core/Src/stm32f4xx_it.c.obj
 .debug_abbrev  0x00000ef7       0xd8 CMakeFiles/firmware.dir/Core/Src/stm32f4xx_hal_msp.c.obj
 .debug_abbrev  0x00000fcf       0x24 CMakeFiles/firmware.dir/startup_stm32f446xx.s.obj
 .debug_abbrev  0x00000ff3      0x10e CMakeFiles/firmware.dir/__/src/core.cpp.obj
 .debug_abbrev  0x00001101      0x11b cmake/stm32cubemx/CMakeFiles/STM32_Drivers.dir/__/__/Core/Src/system_stm32f4xx.c.obj
 .debug_abbrev  0x0000121c      0x2d0 cmake/stm32cubemx/CMakeFiles/STM32_Drivers.dir/__/__/Drivers/STM32F4xx_HAL_Driver/Src/stm32f4xx_hal_pcd.c.obj
 .debug_abbrev  0x000014ec      0x1dd cmake/stm32cubemx/CMakeFiles/STM32_Drivers.dir/__/__/Drivers/STM32F4xx_HAL_Driver/Src/stm32f4xx_hal_pcd_ex.c.obj
 .debug_abbrev  0x000016c9      0x2b3 cmake/stm32cubemx/CMakeFiles/STM32_Drivers.dir/__/__/Drivers/STM32F4xx_HAL_Driver/Src/stm32f4xx_ll_usb.c.obj
 .debug_abbrev  0x0000197c      0x2b7 cmake/stm32cubemx/CMakeFiles/STM32_Drivers.dir/__/__/Drivers/STM32F4xx_HAL_Driver/Src/stm32f4xx_hal_rcc.c.obj
 .debug_abbrev  0x00001c33      0x211 cmake/stm32cubemx/CMakeFiles/STM32_Drivers.dir/__/__/Drivers/STM32F4xx_HAL_Driver/Src/stm32f4xx_hal_rcc_ex.c.obj
 .debug_abbrev  0x00001e44      0x1d4 cmake/stm32cubemx/CMakeFiles/STM32_Drivers.dir/__/__/Drivers/STM32F4xx_HAL_Driver/Src/stm32f4xx_hal_gpio.c.obj
 .debug_abbrev  0x00002018      0x1cf cmake/stm32cubemx/CMakeFiles/STM32_Drivers.dir/__/__/Drivers/STM32F4xx_HAL_Driver/Src/stm32f4xx_hal_pwr_ex.c.obj
 .debug_abbrev  0x000021e7      0x31d cmake/stm32cubemx/CMakeFiles/STM32_Drivers.dir/__/__/Drivers/STM32F4xx_HAL_Driver/Src/stm32f4xx_hal_cortex.c.obj
 .debug_abbrev  0x00002504      0x214 cmake/stm32cubemx/CMakeFiles/STM32_Drivers.dir/__/__/Drivers/STM32F4xx_HAL_Driver/Src/stm32f4xx_hal.c.obj
 .debug_abbrev  0x00002718      0x27c cmake/stm32cubemx/CMakeFiles/USB_Device_Library.dir/__/__/Middlewares/ST/STM32_USB_Device_Library/Core/Src/usbd_core.c.obj
 .debug_abbrev  0x00002994      0x26f cmake/stm32cubemx/CMakeFiles/USB_Device_Library.dir/__/__/Middlewares/ST/STM32_USB_Device_Library/Core/Src/usbd_ctlreq.c.obj
 .debug_abbrev  0x00002c03      0x19a cmake/stm32cubemx/CMakeFiles/USB_Device_Library.dir/__/__/Middlewares/ST/STM32_USB_Device_Library/Core/Src/usbd_ioreq.c.obj
 .debug_abbrev  0x00002d9d      0x2d2 cmake/stm32cubemx/CMakeFiles/USB_Device_Library.dir/__/__/Middlewares/ST/STM32_USB_Device_Library/Class/CDC/Src/usbd_cdc.c.obj
 .debug_abbrev  0x0000306f       0x14 /usr/lib/gcc/arm-none-eabi/13.2.1/thumb/v7e-m+fp/hard/libgcc.a(_aeabi_uldivmod.o)
 .debug_abbrev  0x00003083      0x16a /usr/lib/gcc/arm-none-eabi/13.2.1/thumb/v7e-m+fp/hard/libgcc.a(_udivmoddi4.o)
 .debug_abbrev  0x000031ed       0x26 /usr/lib/gcc/arm-none-eabi/13.2.1/thumb/v7e-m+fp/hard/libgcc.a(_dvmd_tls.o)
 .debug_abbrev  0x00003213       0xc9 /usr/lib/gcc/arm-none-eabi/13.2.1/../../../arm-none-eabi/lib/thumb/v7e-m+fp/hard/libg_nano.a(libc_a-init.o)
 .debug_abbrev  0x000032dc       0xb7 /usr/lib/gcc/arm-none-eabi/13.2.1/../../../arm-none-eabi/lib/thumb/v7e-m+fp/hard/libg_nano.a(libc_a-memset.o)

.debug_aranges  0x00000000      0xd28
 .debug_aranges
                0x00000000      0x118 CMakeFiles/firmware.dir/USB_DEVICE/Target/usbd_conf.c.obj
 .debug_aranges
                0x00000118       0x20 CMakeFiles/firmware.dir/USB_DEVICE/App/usb_device.c.obj
 .debug_aranges
                0x00000138       0x68 CMakeFiles/firmware.dir/USB_DEVICE/App/usbd_desc.c.obj
 .debug_aranges
                0x000001a0       0x48 CMakeFiles/firmware.dir/USB_DEVICE/App/usbd_cdc_if.c.obj
 .debug_aranges
                0x000001e8       0x30 CMakeFiles/firmware.dir/Core/Src/main.cpp.obj
 .debug_aranges
                0x00000218       0x20 CMakeFiles/firmware.dir/Core/Src/gpio.c.obj
 .debug_aranges
                0x00000238       0x68 CMakeFiles/firmware.dir/Core/Src/stm32f4xx_it.c.obj
 .debug_aranges
                0x000002a0       0x20 CMakeFiles/firmware.dir/Core/Src/stm32f4xx_hal_msp.c.obj
 .debug_aranges
                0x000002c0       0x28 CMakeFiles/firmware.dir/startup_stm32f446xx.s.obj
 .debug_aranges
                0x000002e8       0x28 CMakeFiles/firmware.dir/__/src/core.cpp.obj
 .debug_aranges
                0x00000310       0x28 cmake/stm32cubemx/CMakeFiles/STM32_Drivers.dir/__/__/Core/Src/system_stm32f4xx.c.obj
 .debug_aranges
                0x00000338      0x148 cmake/stm32cubemx/CMakeFiles/STM32_Drivers.dir/__/__/Drivers/STM32F4xx_HAL_Driver/Src/stm32f4xx_hal_pcd.c.obj
 .debug_aranges
                0x00000480       0x48 cmake/stm32cubemx/CMakeFiles/STM32_Drivers.dir/__/__/Drivers/STM32F4xx_HAL_Driver/Src/stm32f4xx_hal_pcd_ex.c.obj
 .debug_aranges
                0x000004c8      0x1a0 cmake/stm32cubemx/CMakeFiles/STM32_Drivers.dir/__/__/Drivers/STM32F4xx_HAL_Driver/Src/stm32f4xx_ll_usb.c.obj
 .debug_aranges
                0x00000668       0x88 cmake/stm32cubemx/CMakeFiles/STM32_Drivers.dir/__/__/Drivers/STM32F4xx_HAL_Driver/Src/stm32f4xx_hal_rcc.c.obj
 .debug_aranges
                0x000006f0       0x78 cmake/stm32cubemx/CMakeFiles/STM32_Drivers.dir/__/__/Drivers/STM32F4xx_HAL_Driver/Src/stm32f4xx_hal_rcc_ex.c.obj
 .debug_aranges
                0x00000768       0x58 cmake/stm32cubemx/CMakeFiles/STM32_Drivers.dir/__/__/Drivers/STM32F4xx_HAL_Driver/Src/stm32f4xx_hal_gpio.c.obj
 .debug_aranges
                0x000007c0       0x60 cmake/stm32cubemx/CMakeFiles/STM32_Drivers.dir/__/__/Drivers/STM32F4xx_HAL_Driver/Src/stm32f4xx_hal_pwr_ex.c.obj
 .debug_aranges
                0x00000820      0x130 cmake/stm32cubemx/CMakeFiles/STM32_Drivers.dir/__/__/Drivers/STM32F4xx_HAL_Driver/Src/stm32f4xx_hal_cortex.c.obj
 .debug_aranges
                0x00000950       0xf0 cmake/stm32cubemx/CMakeFiles/STM32_Drivers.dir/__/__/Drivers/STM32F4xx_HAL_Driver/Src/stm32f4xx_hal.c.obj
 .debug_aranges
                0x00000a40       0xd8 cmake/stm32cubemx/CMakeFiles/USB_Device_Library.dir/__/__/Middlewares/ST/STM32_USB_Device_Library/Core/Src/usbd_core.c.obj
 .debug_aranges
                0x00000b18       0x90 cmake/stm32cubemx/CMakeFiles/USB_Device_Library.dir/__/__/Middlewares/ST/STM32_USB_Device_Library/Core/Src/usbd_ctlreq.c.obj
 .debug_aranges
                0x00000ba8       0x50 cmake/stm32cubemx/CMakeFiles/USB_Device_Library.dir/__/__/Middlewares/ST/STM32_USB_Device_Library/Core/Src/usbd_ioreq.c.obj
 .debug_aranges
                0x00000bf8       0x90 cmake/stm32cubemx/CMakeFiles/USB_Device_Library.dir/__/__/Middlewares/ST/STM32_USB_Device_Library/Class/CDC/Src/usbd_cdc.c.obj
 .debug_aranges
                0x00000c88       0x20 /usr/lib/gcc/arm-none-eabi/13.2.1/thumb/v7e-m+fp/hard/libgcc.a(_aeabi_uldivmod.o)
 .debug_aranges
                0x00000ca8       0x20 /usr/lib/gcc/arm-none-eabi/13.2.1/thumb/v7e-m+fp/hard/libgcc.a(_udivmoddi4.o)
 .debug_aranges
                0x00000cc8       0x20 /usr/lib/gcc/arm-none-eabi/13.2.1/thumb/v7e-m+fp/hard/libgcc.a(_dvmd_tls.o)
 .debug_aranges
                0x00000ce8       0x20 /usr/lib/gcc/arm-none-eabi/13.2.1/../../../arm-none-eabi/lib/thumb/v7e-m+fp/hard/libg_nano.a(libc_a-init.o)
 .debug_aranges
                0x00000d08       0x20 /usr/lib/gcc/arm-none-eabi/13.2.1/../../../arm-none-eabi/lib/thumb/v7e-m+fp/hard/libg_nano.a(libc_a-memset.o)

.debug_rnglists
                0x00000000      0x9bc
 .debug_rnglists
                0x00000000       0xd0 CMakeFiles/firmware.dir/USB_DEVICE/Target/usbd_conf.c.obj
 .debug_rnglists
                0x000000d0       0x13 CMakeFiles/firmware.dir/USB_DEVICE/App/usb_device.c.obj
 .debug_rnglists
                0x000000e3       0x49 CMakeFiles/firmware.dir/USB_DEVICE/App/usbd_desc.c.obj
 .debug_rnglists
                0x0000012c       0x32 CMakeFiles/firmware.dir/USB_DEVICE/App/usbd_cdc_if.c.obj
 .debug_rnglists
                0x0000015e       0x20 CMakeFiles/firmware.dir/Core/Src/main.cpp.obj
 .debug_rnglists
                0x0000017e       0x14 CMakeFiles/firmware.dir/Core/Src/gpio.c.obj
 .debug_rnglists
                0x00000192       0x49 CMakeFiles/firmware.dir/Core/Src/stm32f4xx_it.c.obj
 .debug_rnglists
                0x000001db       0x13 CMakeFiles/firmware.dir/Core/Src/stm32f4xx_hal_msp.c.obj
 .debug_rnglists
                0x000001ee       0x19 CMakeFiles/firmware.dir/startup_stm32f446xx.s.obj
 .debug_rnglists
                0x00000207       0x19 CMakeFiles/firmware.dir/__/src/core.cpp.obj
 .debug_rnglists
                0x00000220       0x1a cmake/stm32cubemx/CMakeFiles/STM32_Drivers.dir/__/__/Core/Src/system_stm32f4xx.c.obj
 .debug_rnglists
                0x0000023a       0xfa cmake/stm32cubemx/CMakeFiles/STM32_Drivers.dir/__/__/Drivers/STM32F4xx_HAL_Driver/Src/stm32f4xx_hal_pcd.c.obj
 .debug_rnglists
                0x00000334       0x32 cmake/stm32cubemx/CMakeFiles/STM32_Drivers.dir/__/__/Drivers/STM32F4xx_HAL_Driver/Src/stm32f4xx_hal_pcd_ex.c.obj
 .debug_rnglists
                0x00000366      0x147 cmake/stm32cubemx/CMakeFiles/STM32_Drivers.dir/__/__/Drivers/STM32F4xx_HAL_Driver/Src/stm32f4xx_ll_usb.c.obj
 .debug_rnglists
                0x000004ad       0x66 cmake/stm32cubemx/CMakeFiles/STM32_Drivers.dir/__/__/Drivers/STM32F4xx_HAL_Driver/Src/stm32f4xx_hal_rcc.c.obj
 .debug_rnglists
                0x00000513       0x5e cmake/stm32cubemx/CMakeFiles/STM32_Drivers.dir/__/__/Drivers/STM32F4xx_HAL_Driver/Src/stm32f4xx_hal_rcc_ex.c.obj
 .debug_rnglists
                0x00000571       0x3f cmake/stm32cubemx/CMakeFiles/STM32_Drivers.dir/__/__/Drivers/STM32F4xx_HAL_Driver/Src/stm32f4xx_hal_gpio.c.obj
 .debug_rnglists
                0x000005b0       0x47 cmake/stm32cubemx/CMakeFiles/STM32_Drivers.dir/__/__/Drivers/STM32F4xx_HAL_Driver/Src/stm32f4xx_hal_pwr_ex.c.obj
 .debug_rnglists
                0x000005f7       0xe0 cmake/stm32cubemx/CMakeFiles/STM32_Drivers.dir/__/__/Drivers/STM32F4xx_HAL_Driver/Src/stm32f4xx_hal_cortex.c.obj
 .debug_rnglists
                0x000006d7       0xaf cmake/stm32cubemx/CMakeFiles/STM32_Drivers.dir/__/__/Drivers/STM32F4xx_HAL_Driver/Src/stm32f4xx_hal.c.obj
 .debug_rnglists
                0x00000786       0xa1 cmake/stm32cubemx/CMakeFiles/USB_Device_Library.dir/__/__/Middlewares/ST/STM32_USB_Device_Library/Core/Src/usbd_core.c.obj
 .debug_rnglists
                0x00000827       0x6e cmake/stm32cubemx/CMakeFiles/USB_Device_Library.dir/__/__/Middlewares/ST/STM32_USB_Device_Library/Core/Src/usbd_ctlreq.c.obj
 .debug_rnglists
                0x00000895       0x37 cmake/stm32cubemx/CMakeFiles/USB_Device_Library.dir/__/__/Middlewares/ST/STM32_USB_Device_Library/Core/Src/usbd_ioreq.c.obj
 .debug_rnglists
                0x000008cc       0x6c cmake/stm32cubemx/CMakeFiles/USB_Device_Library.dir/__/__/Middlewares/ST/STM32_USB_Device_Library/Class/CDC/Src/usbd_cdc.c.obj
 .debug_rnglists
                0x00000938       0x84 /usr/lib/gcc/arm-none-eabi/13.2.1/thumb/v7e-m+fp/hard/libgcc.a(_udivmoddi4.o)

.debug_macro    0x00000000    0x26104
 .debug_macro   0x00000000      0x33b CMakeFiles/firmware.dir/USB_DEVICE/Target/usbd_conf.c.obj
 .debug_macro   0x0000033b      0xad8 CMakeFiles/firmware.dir/USB_DEVICE/Target/usbd_conf.c.obj
 .debug_macro   0x00000e13       0x2e CMakeFiles/firmware.dir/USB_DEVICE/Target/usbd_conf.c.obj
 .debug_macro   0x00000e41       0x28 CMakeFiles/firmware.dir/USB_DEVICE/Target/usbd_conf.c.obj
 .debug_macro   0x00000e69      0x34e CMakeFiles/firmware.dir/USB_DEVICE/Target/usbd_conf.c.obj
 .debug_macro   0x000011b7       0x1c CMakeFiles/firmware.dir/USB_DEVICE/Target/usbd_conf.c.obj
 .debug_macro   0x000011d3       0x22 CMakeFiles/firmware.dir/USB_DEVICE/Target/usbd_conf.c.obj
 .debug_macro   0x000011f5       0xfb CMakeFiles/firmware.dir/USB_DEVICE/Target/usbd_conf.c.obj
 .debug_macro   0x000012f0     0x1011 CMakeFiles/firmware.dir/USB_DEVICE/Target/usbd_conf.c.obj
 .debug_macro   0x00002301      0x11f CMakeFiles/firmware.dir/USB_DEVICE/Target/usbd_conf.c.obj
 .debug_macro   0x00002420    0x1675e CMakeFiles/firmware.dir/USB_DEVICE/Target/usbd_conf.c.obj
 .debug_macro   0x00018b7e       0x6d CMakeFiles/firmware.dir/USB_DEVICE/Target/usbd_conf.c.obj
 .debug_macro   0x00018beb      0x295 CMakeFiles/firmware.dir/USB_DEVICE/Target/usbd_conf.c.obj
 .debug_macro   0x00018e80     0x3693 CMakeFiles/firmware.dir/USB_DEVICE/Target/usbd_conf.c.obj
 .debug_macro   0x0001c513      0x190 CMakeFiles/firmware.dir/USB_DEVICE/Target/usbd_conf.c.obj
 .debug_macro   0x0001c6a3       0x5c CMakeFiles/firmware.dir/USB_DEVICE/Target/usbd_conf.c.obj
 .debug_macro   0x0001c6ff      0xca5 CMakeFiles/firmware.dir/USB_DEVICE/Target/usbd_conf.c.obj
 .debug_macro   0x0001d3a4      0x9e9 CMakeFiles/firmware.dir/USB_DEVICE/Target/usbd_conf.c.obj
 .debug_macro   0x0001dd8d      0x115 CMakeFiles/firmware.dir/USB_DEVICE/Target/usbd_conf.c.obj
 .debug_macro   0x0001dea2      0x1a0 CMakeFiles/firmware.dir/USB_DEVICE/Target/usbd_conf.c.obj
 .debug_macro   0x0001e042       0xa5 CMakeFiles/firmware.dir/USB_DEVICE/Target/usbd_conf.c.obj
 .debug_macro   0x0001e0e7      0x16d CMakeFiles/firmware.dir/USB_DEVICE/Target/usbd_conf.c.obj
 .debug_macro   0x0001e254      0x287 CMakeFiles/firmware.dir/USB_DEVICE/Target/usbd_conf.c.obj
 .debug_macro   0x0001e4db       0x5f CMakeFiles/firmware.dir/USB_DEVICE/Target/usbd_conf.c.obj
 .debug_macro   0x0001e53a      0x236 CMakeFiles/firmware.dir/USB_DEVICE/Target/usbd_conf.c.obj
 .debug_macro   0x0001e770      0x132 CMakeFiles/firmware.dir/USB_DEVICE/Target/usbd_conf.c.obj
 .debug_macro   0x0001e8a2      0x29c CMakeFiles/firmware.dir/USB_DEVICE/Target/usbd_conf.c.obj
 .debug_macro   0x0001eb3e       0x2e CMakeFiles/firmware.dir/USB_DEVICE/Target/usbd_conf.c.obj
 .debug_macro   0x0001eb6c      0x127 CMakeFiles/firmware.dir/USB_DEVICE/Target/usbd_conf.c.obj
 .debug_macro   0x0001ec93       0xe8 CMakeFiles/firmware.dir/USB_DEVICE/Target/usbd_conf.c.obj
 .debug_macro   0x0001ed7b       0x89 CMakeFiles/firmware.dir/USB_DEVICE/Target/usbd_conf.c.obj
 .debug_macro   0x0001ee04      0x293 CMakeFiles/firmware.dir/USB_DEVICE/Target/usbd_conf.c.obj
 .debug_macro   0x0001f097       0xba CMakeFiles/firmware.dir/USB_DEVICE/Target/usbd_conf.c.obj
 .debug_macro   0x0001f151      0x126 CMakeFiles/firmware.dir/USB_DEVICE/Target/usbd_conf.c.obj
 .debug_macro   0x0001f277       0x22 CMakeFiles/firmware.dir/USB_DEVICE/Target/usbd_conf.c.obj
 .debug_macro   0x0001f299       0x60 CMakeFiles/firmware.dir/USB_DEVICE/Target/usbd_conf.c.obj
 .debug_macro   0x0001f2f9       0x2a CMakeFiles/firmware.dir/USB_DEVICE/Target/usbd_conf.c.obj
 .debug_macro   0x0001f323       0x94 CMakeFiles/firmware.dir/USB_DEVICE/Target/usbd_conf.c.obj
 .debug_macro   0x0001f3b7       0x3c CMakeFiles/firmware.dir/USB_DEVICE/Target/usbd_conf.c.obj
 .debug_macro   0x0001f3f3       0x34 CMakeFiles/firmware.dir/USB_DEVICE/Target/usbd_conf.c.obj
 .debug_macro   0x0001f427       0x16 CMakeFiles/firmware.dir/USB_DEVICE/Target/usbd_conf.c.obj
 .debug_macro   0x0001f43d       0x57 CMakeFiles/firmware.dir/USB_DEVICE/Target/usbd_conf.c.obj
 .debug_macro   0x0001f494       0x3c CMakeFiles/firmware.dir/USB_DEVICE/Target/usbd_conf.c.obj
 .debug_macro   0x0001f4d0      0x370 CMakeFiles/firmware.dir/USB_DEVICE/Target/usbd_conf.c.obj
 .debug_macro   0x0001f840       0x10 CMakeFiles/firmware.dir/USB_DEVICE/Target/usbd_conf.c.obj
 .debug_macro   0x0001f850       0x16 CMakeFiles/firmware.dir/USB_DEVICE/Target/usbd_conf.c.obj
 .debug_macro   0x0001f866       0x4a CMakeFiles/firmware.dir/USB_DEVICE/Target/usbd_conf.c.obj
 .debug_macro   0x0001f8b0       0x34 CMakeFiles/firmware.dir/USB_DEVICE/Target/usbd_conf.c.obj
 .debug_macro   0x0001f8e4       0x10 CMakeFiles/firmware.dir/USB_DEVICE/Target/usbd_conf.c.obj
 .debug_macro   0x0001f8f4       0x52 CMakeFiles/firmware.dir/USB_DEVICE/Target/usbd_conf.c.obj
 .debug_macro   0x0001f946      0x1de CMakeFiles/firmware.dir/USB_DEVICE/Target/usbd_conf.c.obj
 .debug_macro   0x0001fb24       0x16 CMakeFiles/firmware.dir/USB_DEVICE/Target/usbd_conf.c.obj
 .debug_macro   0x0001fb3a       0x16 CMakeFiles/firmware.dir/USB_DEVICE/Target/usbd_conf.c.obj
 .debug_macro   0x0001fb50      0x170 CMakeFiles/firmware.dir/USB_DEVICE/Target/usbd_conf.c.obj
 .debug_macro   0x0001fcc0       0x16 CMakeFiles/firmware.dir/USB_DEVICE/Target/usbd_conf.c.obj
 .debug_macro   0x0001fcd6       0x16 CMakeFiles/firmware.dir/USB_DEVICE/Target/usbd_conf.c.obj
 .debug_macro   0x0001fcec       0x29 CMakeFiles/firmware.dir/USB_DEVICE/Target/usbd_conf.c.obj
 .debug_macro   0x0001fd15       0x16 CMakeFiles/firmware.dir/USB_DEVICE/Target/usbd_conf.c.obj
 .debug_macro   0x0001fd2b       0x65 CMakeFiles/firmware.dir/USB_DEVICE/Target/usbd_conf.c.obj
 .debug_macro   0x0001fd90      0x20f CMakeFiles/firmware.dir/USB_DEVICE/Target/usbd_conf.c.obj
 .debug_macro   0x0001ff9f       0x95 CMakeFiles/firmware.dir/USB_DEVICE/Target/usbd_conf.c.obj
 .debug_macro   0x00020034      0x357 CMakeFiles/firmware.dir/USB_DEVICE/App/usb_device.c.obj
 .debug_macro   0x0002038b       0x22 CMakeFiles/firmware.dir/USB_DEVICE/App/usb_device.c.obj