Archive member included to satisfy reference by file (symbol)

/usr/lib/gcc/arm-none-eabi/13.2.1/thumb/v7e-m+fp/hard/libgcc.a(_aeabi_uldivmod.o)
                              cmake/stm32cubemx/CMakeFiles/STM32_Drivers.dir/__/__/Drivers/STM32F4xx_HAL_Driver/Src/stm32f4xx_hal_rcc.c.obj (__aeabi_uldivmod)
/usr/lib/gcc/arm-none-eabi/13.2.1/thumb/v7e-m+fp/hard/libgcc.a(_udivmoddi4.o)
                              /usr/lib/gcc/arm-none-eabi/13.2.1/thumb/v7e-m+fp/hard/libgcc.a(_aeabi_uldivmod.o) (__udivmoddi4)
/usr/lib/gcc/arm-none-eabi/13.2.1/thumb/v7e-m+fp/hard/libgcc.a(_dvmd_tls.o)
                              /usr/lib/gcc/arm-none-eabi/13.2.1/thumb/v7e-m+fp/hard/libgcc.a(_aeabi_uldivmod.o) (__aeabi_ldiv0)
/usr/lib/gcc/arm-none-eabi/13.2.1/../../../arm-none-eabi/lib/thumb/v7e-m+fp/hard/libg_nano.a(libc_a-init.o)
                              /usr/lib/gcc/arm-none-eabi/13.2.1/../../../arm-none-eabi/lib/thumb/v7e-m+fp/hard/crt0.o (__libc_init_array)
/usr/lib/gcc/arm-none-eabi/13.2.1/../../../arm-none-eabi/lib/thumb/v7e-m+fp/hard/libg_nano.a(libc_a-memset.o)
                              /usr/lib/gcc/arm-none-eabi/13.2.1/../../../arm-none-eabi/lib/thumb/v7e-m+fp/hard/crt0.o (memset)
/usr/lib/gcc/arm-none-eabi/13.2.1/../../../arm-none-eabi/lib/thumb/v7e-m+fp/hard/libg_nano.a(libc_a-errno.o)
                              CMakeFiles/firmware.dir/Core/Src/sysmem.c.obj (__errno)
/usr/lib/gcc/arm-none-eabi/13.2.1/../../../arm-none-eabi/lib/thumb/v7e-m+fp/hard/libg_nano.a(libc_a-exit.o)
                              /usr/lib/gcc/arm-none-eabi/13.2.1/../../../arm-none-eabi/lib/thumb/v7e-m+fp/hard/crt0.o (exit)
/usr/lib/gcc/arm-none-eabi/13.2.1/../../../arm-none-eabi/lib/thumb/v7e-m+fp/hard/libg_nano.a(libc_a-atexit.o)
                              /usr/lib/gcc/arm-none-eabi/13.2.1/../../../arm-none-eabi/lib/thumb/v7e-m+fp/hard/crt0.o (atexit)
/usr/lib/gcc/arm-none-eabi/13.2.1/../../../arm-none-eabi/lib/thumb/v7e-m+fp/hard/libg_nano.a(libc_a-fini.o)
                              /usr/lib/gcc/arm-none-eabi/13.2.1/../../../arm-none-eabi/lib/thumb/v7e-m+fp/hard/crt0.o (__libc_fini_array)
/usr/lib/gcc/arm-none-eabi/13.2.1/../../../arm-none-eabi/lib/thumb/v7e-m+fp/hard/libg_nano.a(libc_a-impure.o)
                              /usr/lib/gcc/arm-none-eabi/13.2.1/../../../arm-none-eabi/lib/thumb/v7e-m+fp/hard/libg_nano.a(libc_a-errno.o) (_impure_ptr)
/usr/lib/gcc/arm-none-eabi/13.2.1/../../../arm-none-eabi/lib/thumb/v7e-m+fp/hard/libg_nano.a(libc_a-findfp.o)
                              /usr/lib/gcc/arm-none-eabi/13.2.1/../../../arm-none-eabi/lib/thumb/v7e-m+fp/hard/libg_nano.a(libc_a-exit.o) (__stdio_exit_handler)
/usr/lib/gcc/arm-none-eabi/13.2.1/../../../arm-none-eabi/lib/thumb/v7e-m+fp/hard/libg_nano.a(libc_a-fflush.o)
                              /usr/lib/gcc/arm-none-eabi/13.2.1/../../../arm-none-eabi/lib/thumb/v7e-m+fp/hard/libg_nano.a(libc_a-findfp.o) (_fflush_r)
/usr/lib/gcc/arm-none-eabi/13.2.1/../../../arm-none-eabi/lib/thumb/v7e-m+fp/hard/libg_nano.a(libc_a-mallocr.o)
                              /usr/lib/gcc/arm-none-eabi/13.2.1/../../../arm-none-eabi/lib/thumb/v7e-m+fp/hard/libg_nano.a(libc_a-findfp.o) (_malloc_r)
/usr/lib/gcc/arm-none-eabi/13.2.1/../../../arm-none-eabi/lib/thumb/v7e-m+fp/hard/libg_nano.a(libc_a-freer.o)
                              /usr/lib/gcc/arm-none-eabi/13.2.1/../../../arm-none-eabi/lib/thumb/v7e-m+fp/hard/libg_nano.a(libc_a-fflush.o) (_free_r)
/usr/lib/gcc/arm-none-eabi/13.2.1/../../../arm-none-eabi/lib/thumb/v7e-m+fp/hard/libg_nano.a(libc_a-fwalk.o)
                              /usr/lib/gcc/arm-none-eabi/13.2.1/../../../arm-none-eabi/lib/thumb/v7e-m+fp/hard/libg_nano.a(libc_a-findfp.o) (_fwalk_sglue)
/usr/lib/gcc/arm-none-eabi/13.2.1/../../../arm-none-eabi/lib/thumb/v7e-m+fp/hard/libg_nano.a(libc_a-__atexit.o)
                              /usr/lib/gcc/arm-none-eabi/13.2.1/../../../arm-none-eabi/lib/thumb/v7e-m+fp/hard/libg_nano.a(libc_a-atexit.o) (__register_exitproc)
/usr/lib/gcc/arm-none-eabi/13.2.1/../../../arm-none-eabi/lib/thumb/v7e-m+fp/hard/libg_nano.a(libc_a-mlock.o)
                              /usr/lib/gcc/arm-none-eabi/13.2.1/../../../arm-none-eabi/lib/thumb/v7e-m+fp/hard/libg_nano.a(libc_a-mallocr.o) (__malloc_lock)
/usr/lib/gcc/arm-none-eabi/13.2.1/../../../arm-none-eabi/lib/thumb/v7e-m+fp/hard/libg_nano.a(libc_a-sbrkr.o)
                              /usr/lib/gcc/arm-none-eabi/13.2.1/../../../arm-none-eabi/lib/thumb/v7e-m+fp/hard/libg_nano.a(libc_a-mallocr.o) (_sbrk_r)
/usr/lib/gcc/arm-none-eabi/13.2.1/../../../arm-none-eabi/lib/thumb/v7e-m+fp/hard/libg_nano.a(libc_a-stdio.o)
                              /usr/lib/gcc/arm-none-eabi/13.2.1/../../../arm-none-eabi/lib/thumb/v7e-m+fp/hard/libg_nano.a(libc_a-findfp.o) (__sread)
/usr/lib/gcc/arm-none-eabi/13.2.1/../../../arm-none-eabi/lib/thumb/v7e-m+fp/hard/libg_nano.a(libc_a-closer.o)
[...]
Memory Configuration

Name             Origin             Length             Attributes
RAM              0x20000000         0x00020000         xrw
FLASH            0x08000000         0x00040000         xr
*default*        0x00000000         0xffffffff

Linker script and memory map

LOAD /usr/lib/gcc/arm-none-eabi/13.2.1/thumb/v7e-m+fp/hard/crti.o
LOAD /usr/lib/gcc/arm-none-eabi/13.2.1/thumb/v7e-m+fp/hard/crtbegin.o
LOAD /usr/lib/gcc/arm-none-eabi/13.2.1/../../../arm-none-eabi/lib/thumb/v7e-m+fp/hard/crt0.o
LOAD CMakeFiles/firmware.dir/USB_DEVICE/Target/usbd_conf.c.obj
LOAD CMakeFiles/firmware.dir/USB_DEVICE/App/usb_device.c.obj
LOAD CMakeFiles/firmware.dir/USB_DEVICE/App/usbd_desc.c.obj
LOAD CMakeFiles/firmware.dir/USB_DEVICE/App/usbd_cdc_if.c.obj
LOAD CMakeFiles/firmware.dir/Core/Src/main.c.obj
LOAD CMakeFiles/firmware.dir/Core/Src/gpio.c.obj
LOAD CMakeFiles/firmware.dir/Core/Src/stm32f4xx_it.c.obj
LOAD CMakeFiles/firmware.dir/Core/Src/stm32f4xx_hal_msp.c.obj
LOAD CMakeFiles/firmware.dir/Core/Src/sysmem.c.obj
LOAD CMakeFiles/firmware.dir/Core/Src/syscalls.c.obj
LOAD CMakeFiles/firmware.dir/startup_stm32f446xx.s.obj
LOAD CMakeFiles/firmware.dir/__/src/core.cpp.obj
LOAD cmake/stm32cubemx/CMakeFiles/STM32_Drivers.dir/__/__/Core/Src/system_stm32f4xx.c.obj
LOAD cmake/stm32cubemx/CMakeFiles/STM32_Drivers.dir/__/__/Drivers/STM32F4xx_HAL_Driver/Src/stm32f4xx_hal_pcd.c.obj
LOAD cmake/stm32cubemx/CMakeFiles/STM32_Drivers.dir/__/__/Drivers/STM32F4xx_HAL_Driver/Src/stm32f4xx_hal_pcd_ex.c.obj
LOAD cmake/stm32cubemx/CMakeFiles/STM32_Drivers.dir/__/__/Drivers/STM32F4xx_HAL_Driver/Src/stm32f4xx_ll_usb.c.obj
LOAD cmake/stm32cubemx/CMakeFiles/STM32_Drivers.dir/__/__/Drivers/STM32F4xx_HAL_Driver/Src/stm32f4xx_hal_rcc.c.obj
LOAD cmake/stm32cubemx/CMakeFiles/STM32_Drivers.dir/__/__/Drivers/STM32F4xx_HAL_Driver/Src/stm32f4xx_hal_rcc_ex.c.obj
LOAD cmake/stm32cubemx/CMakeFiles/STM32_Drivers.dir/__/__/Drivers/STM32F4xx_HAL_Driver/Src/stm32f4xx_hal_flash.c.obj
LOAD cmake/stm32cubemx/CMakeFiles/STM32_Drivers.dir/__/__/Drivers/STM32F4xx_HAL_Driver/Src/stm32f4xx_hal_flash_ex.c.obj
LOAD cmake/stm32cubemx/CMakeFiles/STM32_Drivers.dir/__/__/Drivers/STM32F4xx_HAL_Driver/Src/stm32f4xx_hal_flash_ramfunc.c.obj
LOAD cmake/stm32cubemx/CMakeFiles/STM32_Drivers.dir/__/__/Drivers/STM32F4xx_HAL_Driver/Src/stm32f4xx_hal_gpio.c.obj
LOAD cmake/stm32cubemx/CMakeFiles/STM32_Drivers.dir/__/__/Drivers/STM32F4xx_HAL_Driver/Src/stm32f4xx_hal_dma_ex.c.obj
LOAD cmake/stm32cubemx/CMakeFiles/STM32_Drivers.dir/__/__/Drivers/STM32F4xx_HAL_Driver/Src/stm32f4xx_hal_dma.c.obj
LOAD cmake/stm32cubemx/CMakeFiles/STM32_Drivers.dir/__/__/Drivers/STM32F4xx_HAL_Driver/Src/stm32f4xx_hal_pwr.c.obj
LOAD cmake/stm32cubemx/CMakeFiles/STM32_Drivers.dir/__/__/Drivers/STM32F4xx_HAL_Driver/Src/stm32f4xx_hal_pwr_ex.c.obj
LOAD cmake/stm32cubemx/CMakeFiles/STM32_Drivers.dir/__/__/Drivers/STM32F4xx_HAL_Driver/Src/stm32f4xx_hal_cortex.c.obj
LOAD cmake/stm32cubemx/CMakeFiles/STM32_Drivers.dir/__/__/Drivers/STM32F4xx_HAL_Driver/Src/stm32f4xx_hal.c.obj
LOAD cmake/stm32cubemx/CMakeFiles/STM32_Drivers.dir/__/__/Drivers/STM32F4xx_HAL_Driver/Src/stm32f4xx_hal_exti.c.obj
LOAD cmake/stm32cubemx/CMakeFiles/USB_Device_Library.dir/__/__/Middlewares/ST/STM32_USB_Device_Library/Core/Src/usbd_core.c.obj
LOAD cmake/stm32cubemx/CMakeFiles/USB_Device_Library.dir/__/__/Middlewares/ST/STM32_USB_Device_Library/Core/Src/usbd_ctlreq.c.obj
LOAD cmake/stm32cubemx/CMakeFiles/USB_Device_Library.dir/__/__/Middlewares/ST/STM32_USB_Device_Library/Core/Src/usbd_ioreq.c.obj
LOAD cmake/stm32cubemx/CMakeFiles/USB_Device_Library.dir/__/__/Middlewares/ST/STM32_USB_Device_Library/Class/CDC/Src/usbd_cdc.c.obj
LOAD ../lib/EmbeddedLib/libEmbeddedLib.a
LOAD ../lib/WireLib/libWireLib.a
LOAD ../lib/ActionLib/libActionLib.a
LOAD ../lib/EmbeddedLib/libEmbeddedLib.a
LOAD /usr/lib/gcc/arm-none-eabi/13.2.1/../../../arm-none-eabi/lib/thumb/v7e-m+fp/hard/libstdc++_nano.a
LOAD /usr/lib/gcc/arm-none-eabi/13.2.1/../../../arm-none-eabi/lib/thumb/v7e-m+fp/hard/libm.a
START GROUP
LOAD /usr/lib/gcc/arm-none-eabi/13.2.1/thumb/v7e-m+fp/hard/libgcc.a
LOAD /usr/lib/gcc/arm-none-eabi/13.2.1/../../../arm-none-eabi/lib/thumb/v7e-m+fp/hard/libg_nano.a
LOAD /usr/lib/gcc/arm-none-eabi/13.2.1/../../../arm-none-eabi/lib/thumb/v7e-m+fp/hard/libc_nano.a
END GROUP
START GROUP
LOAD /usr/lib/gcc/arm-none-eabi/13.2.1/thumb/v7e-m+fp/hard/libgcc.a
LOAD /usr/lib/gcc/arm-none-eabi/13.2.1/../../../arm-none-eabi/lib/thumb/v7e-m+fp/hard/libc_nano.a
END GROUP
LOAD /usr/lib/gcc/arm-none-eabi/13.2.1/thumb/v7e-m+fp/hard/crtend.o
LOAD /usr/lib/gcc/arm-none-eabi/13.2.1/thumb/v7e-m+fp/hard/crtn.o
                0x20020000                        _estack = (ORIGIN (RAM) + LENGTH (RAM))
                0x00000800                        _Min_Heap_Size = 0x800
                0x00001000                        _Min_Stack_Size = 0x1000

.isr_vector     0x08000000      0x1c4
                0x08000000                        . = ALIGN (0x4)
 *(.isr_vector)
 .isr_vector    0x08000000      0x1c4 CMakeFiles/firmware.dir/startup_stm32f446xx.s.obj
                0x08000000                g_pfnVectors
                0x080001c4                        . = ALIGN (0x4)

.text           0x080001c4     0x7774
                0x080001c4                        . = ALIGN (0x4)
 *(.text)
 .text          0x080001c4       0x88 /usr/lib/gcc/arm-none-eabi/13.2.1/thumb/v7e-m+fp/hard/crtbegin.o
 .text          0x0800024c       0x30 /usr/lib/gcc/arm-none-eabi/13.2.1/thumb/v7e-m+fp/hard/libgcc.a(_aeabi_uldivmod.o)
                0x0800024c                __aeabi_uldivmod
 .text          0x0800027c      0x2bc /usr/lib/gcc/arm-none-eabi/13.2.1/thumb/v7e-m+fp/hard/libgcc.a(_udivmoddi4.o)
                0x0800027c                __udivmoddi4
 .text          0x08000538        0x4 /usr/lib/gcc/arm-none-eabi/13.2.1/thumb/v7e-m+fp/hard/libgcc.a(_dvmd_tls.o)
                0x08000538                __aeabi_ldiv0
                0x08000538                __aeabi_idiv0
 .text          0x0800053c       0x50 /usr/lib/gcc/arm-none-eabi/13.2.1/../../../arm-none-eabi/lib/thumb/v7e-m+fp/hard/libg_nano.a(libc_a-init.o)
                0x0800053c                __libc_init_array
 .text          0x0800058c       0xa4 /usr/lib/gcc/arm-none-eabi/13.2.1/../../../arm-none-eabi/lib/thumb/v7e-m+fp/hard/libg_nano.a(libc_a-memset.o)
                0x0800058c                memset
 *(.text*)
 .text.HAL_PCD_MspInit
                0x08000630      0x104 CMakeFiles/firmware.dir/USB_DEVICE/Target/usbd_conf.c.obj
                0x08000630                HAL_PCD_MspInit
 .text.HAL_PCD_SetupStageCallback
                0x08000734       0x24 CMakeFiles/firmware.dir/USB_DEVICE/Target/usbd_conf.c.obj
                0x08000734                HAL_PCD_SetupStageCallback
 .text.HAL_PCD_DataOutStageCallback
                0x08000758       0x36 CMakeFiles/firmware.dir/USB_DEVICE/Target/usbd_conf.c.obj
                0x08000758                HAL_PCD_DataOutStageCallback
 .text.HAL_PCD_DataInStageCallback
                0x0800078e       0x34 CMakeFiles/firmware.dir/USB_DEVICE/Target/usbd_conf.c.obj
                0x0800078e                HAL_PCD_DataInStageCallback
 .text.HAL_PCD_SOFCallback
                0x080007c2       0x1c CMakeFiles/firmware.dir/USB_DEVICE/Target/usbd_conf.c.obj
                0x080007c2                HAL_PCD_SOFCallback
 .text.HAL_PCD_ResetCallback
                0x080007de       0x50 CMakeFiles/firmware.dir/USB_DEVICE/Target/usbd_conf.c.obj
                0x080007de                HAL_PCD_ResetCallback
 *fill*         0x0800082e        0x2 
 .text.HAL_PCD_SuspendCallback
                0x08000830       0x4c CMakeFiles/firmware.dir/USB_DEVICE/Target/usbd_conf.c.obj
                0x08000830                HAL_PCD_SuspendCallback
 .text.HAL_PCD_ResumeCallback
                0x0800087c       0x1c CMakeFiles/firmware.dir/USB_DEVICE/Target/usbd_conf.c.obj
                0x0800087c                HAL_PCD_ResumeCallback
 .text.HAL_PCD_ISOOUTIncompleteCallback
                0x08000898       0x24 CMakeFiles/firmware.dir/USB_DEVICE/Target/usbd_conf.c.obj
                0x08000898                HAL_PCD_ISOOUTIncompleteCallback
 .text.HAL_PCD_ISOINIncompleteCallback
                0x080008bc       0x24 CMakeFiles/firmware.dir/USB_DEVICE/Target/usbd_conf.c.obj
                0x080008bc                HAL_PCD_ISOINIncompleteCallback
 .text.HAL_PCD_ConnectCallback
                0x080008e0       0x1c CMakeFiles/firmware.dir/USB_DEVICE/Target/usbd_conf.c.obj
                0x080008e0                HAL_PCD_ConnectCallback
 .text.HAL_PCD_DisconnectCallback
                0x080008fc       0x1c CMakeFiles/firmware.dir/USB_DEVICE/Target/usbd_conf.c.obj
                0x080008fc                HAL_PCD_DisconnectCallback
 .text.USBD_LL_Init
                0x08000918       0x98 CMakeFiles/firmware.dir/USB_DEVICE/Target/usbd_conf.c.obj
                0x08000918                USBD_LL_Init
 .text.USBD_LL_Start
                0x080009b0       0x36 CMakeFiles/firmware.dir/USB_DEVICE/Target/usbd_conf.c.obj
                0x080009b0                USBD_LL_Start
 .text.USBD_LL_OpenEP
                0x080009e6       0x4c CMakeFiles/firmware.dir/USB_DEVICE/Target/usbd_conf.c.obj
                0x080009e6                USBD_LL_OpenEP
 .text.USBD_LL_CloseEP
                0x08000a32       0x3e CMakeFiles/firmware.dir/USB_DEVICE/Target/usbd_conf.c.obj
                0x08000a32                USBD_LL_CloseEP
 .text.USBD_LL_StallEP
                0x08000a70       0x3e CMakeFiles/firmware.dir/USB_DEVICE/Target/usbd_conf.c.obj
                0x08000a70                USBD_LL_StallEP
 .text.USBD_LL_ClearStallEP
                0x08000aae       0x3e CMakeFiles/firmware.dir/USB_DEVICE/Target/usbd_conf.c.obj
                0x08000aae                USBD_LL_ClearStallEP
 .text.USBD_LL_IsStallEP
                0x08000aec       0x58 CMakeFiles/firmware.dir/USB_DEVICE/Target/usbd_conf.c.obj
                0x08000aec                USBD_LL_IsStallEP
 .text.USBD_LL_SetUSBAddress
                0x08000b44       0x3e CMakeFiles/firmware.dir/USB_DEVICE/Target/usbd_conf.c.obj
                0x08000b44                USBD_LL_SetUSBAddress
 .text.USBD_LL_Transmit
                0x08000b82       0x42 CMakeFiles/firmware.dir/USB_DEVICE/Target/usbd_conf.c.obj
                0x08000b82                USBD_LL_Transmit
 .text.USBD_LL_PrepareReceive
                0x08000bc4       0x42 CMakeFiles/firmware.dir/USB_DEVICE/Target/usbd_conf.c.obj
                0x08000bc4                USBD_LL_PrepareReceive
 .text.USBD_LL_GetRxDataSize
                0x08000c06       0x26 CMakeFiles/firmware.dir/USB_DEVICE/Target/usbd_conf.c.obj
                0x08000c06                USBD_LL_GetRxDataSize
 .text.HAL_PCDEx_LPM_Callback
                0x08000c2c       0x9c CMakeFiles/firmware.dir/USB_DEVICE/Target/usbd_conf.c.obj
                0x08000c2c                HAL_PCDEx_LPM_Callback
 .text.USBD_static_malloc
                0x08000cc8       0x1c CMakeFiles/firmware.dir/USB_DEVICE/Target/usbd_conf.c.obj
                0x08000cc8                USBD_static_malloc
 .text.USBD_static_free
                0x08000ce4       0x14 CMakeFiles/firmware.dir/USB_DEVICE/Target/usbd_conf.c.obj
                0x08000ce4                USBD_static_free
 .text.USBD_Get_USB_Status
                0x08000cf8       0x58 CMakeFiles/firmware.dir/USB_DEVICE/Target/usbd_conf.c.obj
                0x08000cf8                USBD_Get_USB_Status
 .text.MX_USB_DEVICE_Init
                0x08000d50       0x60 CMakeFiles/firmware.dir/USB_DEVICE/App/usb_device.c.obj
                0x08000d50                MX_USB_DEVICE_Init
 .text.USBD_FS_DeviceDescriptor
                0x08000db0       0x24 CMakeFiles/firmware.dir/USB_DEVICE/App/usbd_desc.c.obj
                0x08000db0                USBD_FS_DeviceDescriptor
 .text.USBD_FS_LangIDStrDescriptor
                0x08000dd4       0x24 CMakeFiles/firmware.dir/USB_DEVICE/App/usbd_desc.c.obj
                0x08000dd4                USBD_FS_LangIDStrDescriptor
 .text.USBD_FS_ProductStrDescriptor
                0x08000df8       0x3c CMakeFiles/firmware.dir/USB_DEVICE/App/usbd_desc.c.obj
                0x08000df8                USBD_FS_ProductStrDescriptor
 .text.USBD_FS_ManufacturerStrDescriptor
                0x08000e34       0x28 CMakeFiles/firmware.dir/USB_DEVICE/App/usbd_desc.c.obj
                0x08000e34                USBD_FS_ManufacturerStrDescriptor
 .text.USBD_FS_SerialStrDescriptor
                0x08000e5c       0x24 CMakeFiles/firmware.dir/USB_DEVICE/App/usbd_desc.c.obj
                0x08000e5c                USBD_FS_SerialStrDescriptor
 .text.USBD_FS_ConfigStrDescriptor
                0x08000e80       0x3c CMakeFiles/firmware.dir/USB_DEVICE/App/usbd_desc.c.obj
                0x08000e80                USBD_FS_ConfigStrDescriptor
 .text.USBD_FS_InterfaceStrDescriptor
                0x08000ebc       0x3c CMakeFiles/firmware.dir/USB_DEVICE/App/usbd_desc.c.obj
                0x08000ebc                USBD_FS_InterfaceStrDescriptor
 .text.USBD_FS_USR_BOSDescriptor
                0x08000ef8       0x24 CMakeFiles/firmware.dir/USB_DEVICE/App/usbd_desc.c.obj
                0x08000ef8                USBD_FS_USR_BOSDescriptor
 .text.Get_SerialNum
                0x08000f1c       0x58 CMakeFiles/firmware.dir/USB_DEVICE/App/usbd_desc.c.obj
 .text.IntToUnicode
                0x08000f74       0x7e CMakeFiles/firmware.dir/USB_DEVICE/App/usbd_desc.c.obj
 *fill*         0x08000ff2        0x2 
 .text.CDC_Init_FS
                0x08000ff4       0x28 CMakeFiles/firmware.dir/USB_DEVICE/App/usbd_cdc_if.c.obj
 .text.CDC_DeInit_FS
                0x0800101c       0x10 CMakeFiles/firmware.dir/USB_DEVICE/App/usbd_cdc_if.c.obj
 .text.CDC_Control_FS
                0x0800102c       0xbc CMakeFiles/firmware.dir/USB_DEVICE/App/usbd_cdc_if.c.obj
 .text.CDC_Receive_FS
                0x080010e8       0x28 CMakeFiles/firmware.dir/USB_DEVICE/App/usbd_cdc_if.c.obj
 .text.CDC_TransmitCplt_FS
                0x08001110       0x22 CMakeFiles/firmware.dir/USB_DEVICE/App/usbd_cdc_if.c.obj
 .text.main     0x08001132       0x18 CMakeFiles/firmware.dir/Core/Src/main.c.obj
                0x08001132                main
 *fill*         0x0800114a        0x2 
 .text.SystemClock_Config
                0x0800114c       0xe4 CMakeFiles/firmware.dir/Core/Src/main.c.obj
                0x0800114c                SystemClock_Config
 .text.Error_Handler
                0x08001230        0xc CMakeFiles/firmware.dir/Core/Src/main.c.obj
                0x08001230                Error_Handler
 .text.MX_GPIO_Init
                0x0800123c      0x10c CMakeFiles/firmware.dir/Core/Src/gpio.c.obj
                0x0800123c                MX_GPIO_Init
 .text.NMI_Handler
                0x08001348        0x8 CMakeFiles/firmware.dir/Core/Src/stm32f4xx_it.c.obj
                0x08001348                NMI_Handler
 .text.HardFault_Handler
                0x08001350        0x8 CMakeFiles/firmware.dir/Core/Src/stm32f4xx_it.c.obj
                0x08001350                HardFault_Handler
 .text.MemManage_Handler
                0x08001358        0x8 CMakeFiles/firmware.dir/Core/Src/stm32f4xx_it.c.obj
                0x08001358                MemManage_Handler
 .text.BusFault_Handler
                0x08001360        0x8 CMakeFiles/firmware.dir/Core/Src/stm32f4xx_it.c.obj
                0x08001360                BusFault_Handler
 .text.UsageFault_Handler
                0x08001368        0x8 CMakeFiles/firmware.dir/Core/Src/stm32f4xx_it.c.obj
                0x08001368                UsageFault_Handler
 .text.SVC_Handler
                0x08001370        0xe CMakeFiles/firmware.dir/Core/Src/stm32f4xx_it.c.obj
                0x08001370                SVC_Handler
 .text.DebugMon_Handler
                0x0800137e        0xe CMakeFiles/firmware.dir/Core/Src/stm32f4xx_it.c.obj
                0x0800137e                DebugMon_Handler
 .text.PendSV_Handler
                0x0800138c        0xe CMakeFiles/firmware.dir/Core/Src/stm32f4xx_it.c.obj
                0x0800138c                PendSV_Handler
 .text.SysTick_Handler
                0x0800139a        0xc CMakeFiles/firmware.dir/Core/Src/stm32f4xx_it.c.obj
                0x0800139a                SysTick_Handler
 *fill*         0x080013a6        0x2 
 .text.OTG_FS_IRQHandler
                0x080013a8       0x14 CMakeFiles/firmware.dir/Core/Src/stm32f4xx_it.c.obj
                0x080013a8                OTG_FS_IRQHandler
 .text.HAL_MspInit
                0x080013bc       0x50 CMakeFiles/firmware.dir/Core/Src/stm32f4xx_hal_msp.c.obj
                0x080013bc                HAL_MspInit
 .text.Reset_Handler
                0x0800140c       0x50 CMakeFiles/firmware.dir/startup_stm32f446xx.s.obj
                0x0800140c                Reset_Handler
 .text.Default_Handler
                0x0800145c        0x2 CMakeFiles/firmware.dir/startup_stm32f446xx.s.obj
                0x0800145c                RTC_Alarm_IRQHandler
                0x0800145c                EXTI2_IRQHandler
                0x0800145c                TIM8_CC_IRQHandler
                0x0800145c                FMPI2C1_EV_IRQHandler
                0x0800145c                SPI4_IRQHandler
                0x0800145c                TIM1_CC_IRQHandler
                0x0800145c                DMA2_Stream5_IRQHandler
                0x0800145c                DMA1_Stream5_IRQHandler
                0x0800145c                PVD_IRQHandler
                0x0800145c                SDIO_IRQHandler
                0x0800145c                TAMP_STAMP_IRQHandler
                0x0800145c                CAN2_RX1_IRQHandler
                0x0800145c                EXTI3_IRQHandler
                0x0800145c                TIM8_TRG_COM_TIM14_IRQHandler
                0x0800145c                TIM1_UP_TIM10_IRQHandler
                0x0800145c                TIM8_UP_TIM13_IRQHandler
                0x0800145c                I2C3_ER_IRQHandler
                0x0800145c                EXTI0_IRQHandler
                0x0800145c                I2C2_EV_IRQHandler
                0x0800145c                DMA1_Stream2_IRQHandler
                0x0800145c                CAN1_RX0_IRQHandler
                0x0800145c                FPU_IRQHandler
                0x0800145c                OTG_HS_WKUP_IRQHandler
                0x0800145c                CAN2_SCE_IRQHandler
                0x0800145c                DMA2_Stream2_IRQHandler
                0x0800145c                SPI1_IRQHandler
                0x0800145c                TIM6_DAC_IRQHandler
                0x0800145c                TIM1_BRK_TIM9_IRQHandler
                0x0800145c                DCMI_IRQHandler
                0x0800145c                CAN2_RX0_IRQHandler
                0x0800145c                DMA2_Stream3_IRQHandler
                0x0800145c                SAI2_IRQHandler
                0x0800145c                USART6_IRQHandler
                0x0800145c                USART3_IRQHandler
                0x0800145c                CAN1_RX1_IRQHandler
                0x0800145c                UART5_IRQHandler
                0x0800145c                DMA2_Stream0_IRQHandler
                0x0800145c                TIM4_IRQHandler
                0x0800145c                QUADSPI_IRQHandler
                0x0800145c                I2C1_EV_IRQHandler
                0x0800145c                DMA1_Stream6_IRQHandler
                0x0800145c                DMA1_Stream1_IRQHandler
                0x0800145c                UART4_IRQHandler
                0x0800145c                TIM3_IRQHandler
                0x0800145c                RCC_IRQHandler
                0x0800145c                TIM8_BRK_TIM12_IRQHandler
                0x0800145c                Default_Handler
                0x0800145c                CEC_IRQHandler
                0x0800145c                EXTI15_10_IRQHandler
                0x0800145c                ADC_IRQHandler
                0x0800145c                DMA1_Stream7_IRQHandler
                0x0800145c                TIM7_IRQHandler
                0x0800145c                CAN2_TX_IRQHandler
                0x0800145c                TIM5_IRQHandler
                0x0800145c                DMA2_Stream7_IRQHandler
                0x0800145c                I2C3_EV_IRQHandler
                0x0800145c                EXTI9_5_IRQHandler
                0x0800145c                RTC_WKUP_IRQHandler
                0x0800145c                SPDIF_RX_IRQHandler
                0x0800145c                SPI2_IRQHandler
                0x0800145c                OTG_HS_EP1_IN_IRQHandler
                0x0800145c                DMA1_Stream0_IRQHandler
                0x0800145c                CAN1_TX_IRQHandler
                0x0800145c                FMPI2C1_ER_IRQHandler
                0x0800145c                EXTI4_IRQHandler
                0x0800145c                OTG_HS_EP1_OUT_IRQHandler
                0x0800145c                WWDG_IRQHandler
                0x0800145c                TIM2_IRQHandler
                0x0800145c                OTG_FS_WKUP_IRQHandler
                0x0800145c                TIM1_TRG_COM_TIM11_IRQHandler
                0x0800145c                OTG_HS_IRQHandler
                0x0800145c                EXTI1_IRQHandler
                0x0800145c                USART2_IRQHandler
                0x0800145c                I2C2_ER_IRQHandler
                0x0800145c                DMA2_Stream1_IRQHandler
                0x0800145c                CAN1_SCE_IRQHandler
                0x0800145c                FLASH_IRQHandler
                0x0800145c                DMA2_Stream4_IRQHandler
                0x0800145c                USART1_IRQHandler
                0x0800145c                SPI3_IRQHandler
                0x0800145c                DMA1_Stream4_IRQHandler
                0x0800145c                I2C1_ER_IRQHandler
                0x0800145c                FMC_IRQHandler
                0x0800145c                DMA2_Stream6_IRQHandler
                0x0800145c                SAI1_IRQHandler
                0x0800145c                DMA1_Stream3_IRQHandler
 *fill*         0x0800145e        0x2 
 .text.SystemInit
                0x08001460       0x24 cmake/stm32cubemx/CMakeFiles/STM32_Drivers.dir/__/__/Core/Src/system_stm32f4xx.c.obj
                0x08001460                SystemInit
 .text.HAL_PCD_Init
                0x08001484      0x22c cmake/stm32cubemx/CMakeFiles/STM32_Drivers.dir/__/__/Drivers/STM32F4xx_HAL_Driver/Src/stm32f4xx_hal_pcd.c.obj
                0x08001484                HAL_PCD_Init
 .text.HAL_PCD_Start
                0x080016b0       0x6a cmake/stm32cubemx/CMakeFiles/STM32_Drivers.dir/__/__/Drivers/STM32F4xx_HAL_Driver/Src/stm32f4xx_hal_pcd.c.obj
                0x080016b0                HAL_PCD_Start
 .text.HAL_PCD_IRQHandler
                0x0800171a      0x99c cmake/stm32cubemx/CMakeFiles/STM32_Drivers.dir/__/__/Drivers/STM32F4xx_HAL_Driver/Src/stm32f4xx_hal_pcd.c.obj
                0x0800171a                HAL_PCD_IRQHandler
 .text.HAL_PCD_SetAddress
                0x080020b6       0x48 cmake/stm32cubemx/CMakeFiles/STM32_Drivers.dir/__/__/Drivers/STM32F4xx_HAL_Driver/Src/stm32f4xx_hal_pcd.c.obj
                0x080020b6                HAL_PCD_SetAddress
 .text.HAL_PCD_EP_Open
                0x080020fe       0xd4 cmake/stm32cubemx/CMakeFiles/STM32_Drivers.dir/__/__/Drivers/STM32F4xx_HAL_Driver/Src/stm32f4xx_hal_pcd.c.obj
                0x080020fe                HAL_PCD_EP_Open
 .text.HAL_PCD_EP_Close
                0x080021d2       0x94 cmake/stm32cubemx/CMakeFiles/STM32_Drivers.dir/__/__/Drivers/STM32F4xx_HAL_Driver/Src/stm32f4xx_hal_pcd.c.obj
                0x080021d2                HAL_PCD_EP_Close
 .text.HAL_PCD_EP_Receive
                0x08002266       0x76 cmake/stm32cubemx/CMakeFiles/STM32_Drivers.dir/__/__/Drivers/STM32F4xx_HAL_Driver/Src/stm32f4xx_hal_pcd.c.obj
                0x08002266                HAL_PCD_EP_Receive
 .text.HAL_PCD_EP_GetRxCount
                0x080022dc       0x30 cmake/stm32cubemx/CMakeFiles/STM32_Drivers.dir/__/__/Drivers/STM32F4xx_HAL_Driver/Src/stm32f4xx_hal_pcd.c.obj
                0x080022dc                HAL_PCD_EP_GetRxCount
 .text.HAL_PCD_EP_Transmit
                0x0800230c       0x74 cmake/stm32cubemx/CMakeFiles/STM32_Drivers.dir/__/__/Drivers/STM32F4xx_HAL_Driver/Src/stm32f4xx_hal_pcd.c.obj
                0x0800230c                HAL_PCD_EP_Transmit
 .text.HAL_PCD_EP_SetStall
                0x08002380       0xc6 cmake/stm32cubemx/CMakeFiles/STM32_Drivers.dir/__/__/Drivers/STM32F4xx_HAL_Driver/Src/stm32f4xx_hal_pcd.c.obj
                0x08002380                HAL_PCD_EP_SetStall
 .text.HAL_PCD_EP_ClrStall
                0x08002446       0xac cmake/stm32cubemx/CMakeFiles/STM32_Drivers.dir/__/__/Drivers/STM32F4xx_HAL_Driver/Src/stm32f4xx_hal_pcd.c.obj
                0x08002446                HAL_PCD_EP_ClrStall
 .text.HAL_PCD_EP_Abort
                0x080024f2       0x62 cmake/stm32cubemx/CMakeFiles/STM32_Drivers.dir/__/__/Drivers/STM32F4xx_HAL_Driver/Src/stm32f4xx_hal_pcd.c.obj
                0x080024f2                HAL_PCD_EP_Abort
 .text.PCD_WriteEmptyTxFifo
                0x08002554      0x118 cmake/stm32cubemx/CMakeFiles/STM32_Drivers.dir/__/__/Drivers/STM32F4xx_HAL_Driver/Src/stm32f4xx_hal_pcd.c.obj
 .text.PCD_EP_OutXfrComplete_int
                0x0800266c      0x1d0 cmake/stm32cubemx/CMakeFiles/STM32_Drivers.dir/__/__/Drivers/STM32F4xx_HAL_Driver/Src/stm32f4xx_hal_pcd.c.obj
 .text.PCD_EP_OutSetupPacket_int
                0x0800283c       0x8c cmake/stm32cubemx/CMakeFiles/STM32_Drivers.dir/__/__/Drivers/STM32F4xx_HAL_Driver/Src/stm32f4xx_hal_pcd.c.obj
 .text.HAL_PCDEx_SetTxFiFo
                0x080028c8       0x8e cmake/stm32cubemx/CMakeFiles/STM32_Drivers.dir/__/__/Drivers/STM32F4xx_HAL_Driver/Src/stm32f4xx_hal_pcd_ex.c.obj
                0x080028c8                HAL_PCDEx_SetTxFiFo
 .text.HAL_PCDEx_SetRxFiFo
                0x08002956       0x22 cmake/stm32cubemx/CMakeFiles/STM32_Drivers.dir/__/__/Drivers/STM32F4xx_HAL_Driver/Src/stm32f4xx_hal_pcd_ex.c.obj
                0x08002956                HAL_PCDEx_SetRxFiFo
 .text.HAL_PCDEx_ActivateLPM
                0x08002978       0x48 cmake/stm32cubemx/CMakeFiles/STM32_Drivers.dir/__/__/Drivers/STM32F4xx_HAL_Driver/Src/stm32f4xx_hal_pcd_ex.c.obj
                0x08002978                HAL_PCDEx_ActivateLPM
 .text.USB_CoreInit
                0x080029c0       0xc8 cmake/stm32cubemx/CMakeFiles/STM32_Drivers.dir/__/__/Drivers/STM32F4xx_HAL_Driver/Src/stm32f4xx_ll_usb.c.obj
                0x080029c0                USB_CoreInit
 .text.USB_SetTurnaroundTime
                0x08002a88      0x144 cmake/stm32cubemx/CMakeFiles/STM32_Drivers.dir/__/__/Drivers/STM32F4xx_HAL_Driver/Src/stm32f4xx_ll_usb.c.obj
                0x08002a88                USB_SetTurnaroundTime
 .text.USB_EnableGlobalInt
                0x08002bcc       0x22 cmake/stm32cubemx/CMakeFiles/STM32_Drivers.dir/__/__/Drivers/STM32F4xx_HAL_Driver/Src/stm32f4xx_ll_usb.c.obj
                0x08002bcc                USB_EnableGlobalInt
 .text.USB_DisableGlobalInt
                0x08002bee       0x22 cmake/stm32cubemx/CMakeFiles/STM32_Drivers.dir/__/__/Drivers/STM32F4xx_HAL_Driver/Src/stm32f4xx_ll_usb.c.obj
                0x08002bee                USB_DisableGlobalInt
 .text.USB_SetCurrentMode
                0x08002c10       0x98 cmake/stm32cubemx/CMakeFiles/STM32_Drivers.dir/__/__/Drivers/STM32F4xx_HAL_Driver/Src/stm32f4xx_ll_usb.c.obj
                0x08002c10                USB_SetCurrentMode
 .text.USB_DevInit
                0x08002ca8      0x2bc cmake/stm32cubemx/CMakeFiles/STM32_Drivers.dir/__/__/Drivers/STM32F4xx_HAL_Driver/Src/stm32f4xx_ll_usb.c.obj
                0x08002ca8                USB_DevInit
 .text.USB_FlushTxFifo
                0x08002f64       0x64 cmake/stm32cubemx/CMakeFiles/STM32_Drivers.dir/__/__/Drivers/STM32F4xx_HAL_Driver/Src/stm32f4xx_ll_usb.c.obj
                0x08002f64                USB_FlushTxFifo
 .text.USB_FlushRxFifo
                0x08002fc8       0x5c cmake/stm32cubemx/CMakeFiles/STM32_Drivers.dir/__/__/Drivers/STM32F4xx_HAL_Driver/Src/stm32f4xx_ll_usb.c.obj
                0x08002fc8                USB_FlushRxFifo
 .text.USB_SetDevSpeed
                0x08003024       0x32 cmake/stm32cubemx/CMakeFiles/STM32_Drivers.dir/__/__/Drivers/STM32F4xx_HAL_Driver/Src/stm32f4xx_ll_usb.c.obj
                0x08003024                USB_SetDevSpeed
 .text.USB_GetDevSpeed
                0x08003056       0x4a cmake/stm32cubemx/CMakeFiles/STM32_Drivers.dir/__/__/Drivers/STM32F4xx_HAL_Driver/Src/stm32f4xx_ll_usb.c.obj
                0x08003056                USB_GetDevSpeed
 .text.USB_ActivateEndpoint
                0x080030a0      0x10e cmake/stm32cubemx/CMakeFiles/STM32_Drivers.dir/__/__/Drivers/STM32F4xx_HAL_Driver/Src/stm32f4xx_ll_usb.c.obj
                0x080030a0                USB_ActivateEndpoint
 *fill*         0x080031ae        0x2 
 .text.USB_DeactivateEndpoint
                0x080031b0      0x1b8 cmake/stm32cubemx/CMakeFiles/STM32_Drivers.dir/__/__/Drivers/STM32F4xx_HAL_Driver/Src/stm32f4xx_ll_usb.c.obj
                0x080031b0                USB_DeactivateEndpoint
 .text.USB_EPStartXfer
                0x08003368      0x53c cmake/stm32cubemx/CMakeFiles/STM32_Drivers.dir/__/__/Drivers/STM32F4xx_HAL_Driver/Src/stm32f4xx_ll_usb.c.obj
                0x08003368                USB_EPStartXfer
 .text.USB_EPStopXfer
                0x080038a4      0x154 cmake/stm32cubemx/CMakeFiles/STM32_Drivers.dir/__/__/Drivers/STM32F4xx_HAL_Driver/Src/stm32f4xx_ll_usb.c.obj
                0x080038a4                USB_EPStopXfer
 .text.USB_WritePacket
                0x080039f8       0x7c cmake/stm32cubemx/CMakeFiles/STM32_Drivers.dir/__/__/Drivers/STM32F4xx_HAL_Driver/Src/stm32f4xx_ll_usb.c.obj
                0x080039f8                USB_WritePacket
 .text.USB_ReadPacket
                0x08003a74       0xb0 cmake/stm32cubemx/CMakeFiles/STM32_Drivers.dir/__/__/Drivers/STM32F4xx_HAL_Driver/Src/stm32f4xx_ll_usb.c.obj
                0x08003a74                USB_ReadPacket
 .text.USB_EPSetStall
                0x08003b24       0xdc cmake/stm32cubemx/CMakeFiles/STM32_Drivers.dir/__/__/Drivers/STM32F4xx_HAL_Driver/Src/stm32f4xx_ll_usb.c.obj
                0x08003b24                USB_EPSetStall
 .text.USB_EPClearStall
                0x08003c00       0xcc cmake/stm32cubemx/CMakeFiles/STM32_Drivers.dir/__/__/Drivers/STM32F4xx_HAL_Driver/Src/stm32f4xx_ll_usb.c.obj
                0x08003c00                USB_EPClearStall
 .text.USB_SetDevAddress
                0x08003ccc       0x4c cmake/stm32cubemx/CMakeFiles/STM32_Drivers.dir/__/__/Drivers/STM32F4xx_HAL_Driver/Src/stm32f4xx_ll_usb.c.obj
                0x08003ccc                USB_SetDevAddress
 .text.USB_DevConnect
                0x08003d18       0x42 cmake/stm32cubemx/CMakeFiles/STM32_Drivers.dir/__/__/Drivers/STM32F4xx_HAL_Driver/Src/stm32f4xx_ll_usb.c.obj
                0x08003d18                USB_DevConnect
 .text.USB_DevDisconnect
                0x08003d5a       0x42 cmake/stm32cubemx/CMakeFiles/STM32_Drivers.dir/__/__/Drivers/STM32F4xx_HAL_Driver/Src/stm32f4xx_ll_usb.c.obj
                0x08003d5a                USB_DevDisconnect
 .text.USB_ReadInterrupts
                0x08003d9c       0x26 cmake/stm32cubemx/CMakeFiles/STM32_Drivers.dir/__/__/Drivers/STM32F4xx_HAL_Driver/Src/stm32f4xx_ll_usb.c.obj
                0x08003d9c                USB_ReadInterrupts
 .text.USB_ReadDevAllOutEpInterrupt
                0x08003dc2       0x34 cmake/stm32cubemx/CMakeFiles/STM32_Drivers.dir/__/__/Drivers/STM32F4xx_HAL_Driver/Src/stm32f4xx_ll_usb.c.obj
                0x08003dc2                USB_ReadDevAllOutEpInterrupt
 .text.USB_ReadDevAllInEpInterrupt
                0x08003df6       0x34 cmake/stm32cubemx/CMakeFiles/STM32_Drivers.dir/__/__/Drivers/STM32F4xx_HAL_Driver/Src/stm32f4xx_ll_usb.c.obj
                0x08003df6                USB_ReadDevAllInEpInterrupt
 .text.USB_ReadDevOutEPInterrupt
                0x08003e2a       0x3c cmake/stm32cubemx/CMakeFiles/STM32_Drivers.dir/__/__/Drivers/STM32F4xx_HAL_Driver/Src/stm32f4xx_ll_usb.c.obj
                0x08003e2a                USB_ReadDevOutEPInterrupt
 .text.USB_ReadDevInEPInterrupt
                0x08003e66       0x5c cmake/stm32cubemx/CMakeFiles/STM32_Drivers.dir/__/__/Drivers/STM32F4xx_HAL_Driver/Src/stm32f4xx_ll_usb.c.obj
                0x08003e66                USB_ReadDevInEPInterrupt
 .text.USB_GetMode
                0x08003ec2       0x1c cmake/stm32cubemx/CMakeFiles/STM32_Drivers.dir/__/__/Drivers/STM32F4xx_HAL_Driver/Src/stm32f4xx_ll_usb.c.obj
                0x08003ec2                USB_GetMode
 .text.USB_ActivateSetup
                0x08003ede       0x46 cmake/stm32cubemx/CMakeFiles/STM32_Drivers.dir/__/__/Drivers/STM32F4xx_HAL_Driver/Src/stm32f4xx_ll_usb.c.obj
                0x08003ede                USB_ActivateSetup
 .text.USB_EP0_OutStart
                0x08003f24       0xbc cmake/stm32cubemx/CMakeFiles/STM32_Drivers.dir/__/__/Drivers/STM32F4xx_HAL_Driver/Src/stm32f4xx_ll_usb.c.obj
                0x08003f24                USB_EP0_OutStart
 .text.USB_CoreReset
                0x08003fe0       0x70 cmake/stm32cubemx/CMakeFiles/STM32_Drivers.dir/__/__/Drivers/STM32F4xx_HAL_Driver/Src/stm32f4xx_ll_usb.c.obj
 .text.HAL_RCC_ClockConfig
                0x08004050      0x1cc cmake/stm32cubemx/CMakeFiles/STM32_Drivers.dir/__/__/Drivers/STM32F4xx_HAL_Driver/Src/stm32f4xx_hal_rcc.c.obj
                0x08004050                HAL_RCC_ClockConfig
 .text.HAL_RCC_GetHCLKFreq
                0x0800421c       0x18 cmake/stm32cubemx/CMakeFiles/STM32_Drivers.dir/__/__/Drivers/STM32F4xx_HAL_Driver/Src/stm32f4xx_hal_rcc.c.obj
                0x0800421c                HAL_RCC_GetHCLKFreq
 .text.HAL_RCCEx_PeriphCLKConfig
                0x08004234      0x654 cmake/stm32cubemx/CMakeFiles/STM32_Drivers.dir/__/__/Drivers/STM32F4xx_HAL_Driver/Src/stm32f4xx_hal_rcc_ex.c.obj
                0x08004234                HAL_RCCEx_PeriphCLKConfig
 .text.HAL_RCC_GetSysClockFreq
                0x08004888      0x45c cmake/stm32cubemx/CMakeFiles/STM32_Drivers.dir/__/__/Drivers/STM32F4xx_HAL_Driver/Src/stm32f4xx_hal_rcc_ex.c.obj
                0x08004888                HAL_RCC_GetSysClockFreq
 .text.HAL_RCC_OscConfig
                0x08004ce4      0x53c cmake/stm32cubemx/CMakeFiles/STM32_Drivers.dir/__/__/Drivers/STM32F4xx_HAL_Driver/Src/stm32f4xx_hal_rcc_ex.c.obj
                0x08004ce4                HAL_RCC_OscConfig
 .text.HAL_GPIO_Init
                0x08005220      0x328 cmake/stm32cubemx/CMakeFiles/STM32_Drivers.dir/__/__/Drivers/STM32F4xx_HAL_Driver/Src/stm32f4xx_hal_gpio.c.obj
                0x08005220                HAL_GPIO_Init
 .text.HAL_GPIO_WritePin
                0x08005548       0x32 cmake/stm32cubemx/CMakeFiles/STM32_Drivers.dir/__/__/Drivers/STM32F4xx_HAL_Driver/Src/stm32f4xx_hal_gpio.c.obj
                0x08005548                HAL_GPIO_WritePin
 *fill*         0x0800557a        0x2 
 .text.HAL_PWREx_EnableOverDrive
                0x0800557c       0xa0 cmake/stm32cubemx/CMakeFiles/STM32_Drivers.dir/__/__/Drivers/STM32F4xx_HAL_Driver/Src/stm32f4xx_hal_pwr_ex.c.obj
                0x0800557c                HAL_PWREx_EnableOverDrive
 .text.__NVIC_SetPriorityGrouping
                0x0800561c       0x48 cmake/stm32cubemx/CMakeFiles/STM32_Drivers.dir/__/__/Drivers/STM32F4xx_HAL_Driver/Src/stm32f4xx_hal_cortex.c.obj
 .text.__NVIC_GetPriorityGrouping
                0x08005664       0x1c cmake/stm32cubemx/CMakeFiles/STM32_Drivers.dir/__/__/Drivers/STM32F4xx_HAL_Driver/Src/stm32f4xx_hal_cortex.c.obj
 .text.__NVIC_EnableIRQ
                0x08005680       0x3c cmake/stm32cubemx/CMakeFiles/STM32_Drivers.dir/__/__/Drivers/STM32F4xx_HAL_Driver/Src/stm32f4xx_hal_cortex.c.obj
 .text.__NVIC_SetPriority
                0x080056bc       0x54 cmake/stm32cubemx/CMakeFiles/STM32_Drivers.dir/__/__/Drivers/STM32F4xx_HAL_Driver/Src/stm32f4xx_hal_cortex.c.obj
 .text.NVIC_EncodePriority
                0x08005710       0x66 cmake/stm32cubemx/CMakeFiles/STM32_Drivers.dir/__/__/Drivers/STM32F4xx_HAL_Driver/Src/stm32f4xx_hal_cortex.c.obj
 *fill*         0x08005776        0x2 
 .text.SysTick_Config
                0x08005778       0x44 cmake/stm32cubemx/CMakeFiles/STM32_Drivers.dir/__/__/Drivers/STM32F4xx_HAL_Driver/Src/stm32f4xx_hal_cortex.c.obj
 .text.HAL_NVIC_SetPriorityGrouping
                0x080057bc       0x16 cmake/stm32cubemx/CMakeFiles/STM32_Drivers.dir/__/__/Drivers/STM32F4xx_HAL_Driver/Src/stm32f4xx_hal_cortex.c.obj
                0x080057bc                HAL_NVIC_SetPriorityGrouping
 .text.HAL_NVIC_SetPriority
                0x080057d2       0x38 cmake/stm32cubemx/CMakeFiles/STM32_Drivers.dir/__/__/Drivers/STM32F4xx_HAL_Driver/Src/stm32f4xx_hal_cortex.c.obj
                0x080057d2                HAL_NVIC_SetPriority
 .text.HAL_NVIC_EnableIRQ
                0x0800580a       0x1c cmake/stm32cubemx/CMakeFiles/STM32_Drivers.dir/__/__/Drivers/STM32F4xx_HAL_Driver/Src/stm32f4xx_hal_cortex.c.obj
                0x0800580a                HAL_NVIC_EnableIRQ
 .text.HAL_SYSTICK_Config
                0x08005826       0x18 cmake/stm32cubemx/CMakeFiles/STM32_Drivers.dir/__/__/Drivers/STM32F4xx_HAL_Driver/Src/stm32f4xx_hal_cortex.c.obj
                0x08005826                HAL_SYSTICK_Config
 *fill*         0x0800583e        0x2 
 .text.HAL_Init
                0x08005840       0x44 cmake/stm32cubemx/CMakeFiles/STM32_Drivers.dir/__/__/Drivers/STM32F4xx_HAL_Driver/Src/stm32f4xx_hal.c.obj
                0x08005840                HAL_Init
 .text.HAL_InitTick
                0x08005884       0x60 cmake/stm32cubemx/CMakeFiles/STM32_Drivers.dir/__/__/Drivers/STM32F4xx_HAL_Driver/Src/stm32f4xx_hal.c.obj
                0x08005884                HAL_InitTick
 .text.HAL_IncTick
                0x080058e4       0x28 cmake/stm32cubemx/CMakeFiles/STM32_Drivers.dir/__/__/Drivers/STM32F4xx_HAL_Driver/Src/stm32f4xx_hal.c.obj
                0x080058e4                HAL_IncTick
 .text.HAL_GetTick
                0x0800590c       0x18 cmake/stm32cubemx/CMakeFiles/STM32_Drivers.dir/__/__/Drivers/STM32F4xx_HAL_Driver/Src/stm32f4xx_hal.c.obj
                0x0800590c                HAL_GetTick
 .text.HAL_Delay
                0x08005924       0x48 cmake/stm32cubemx/CMakeFiles/STM32_Drivers.dir/__/__/Drivers/STM32F4xx_HAL_Driver/Src/stm32f4xx_hal.c.obj
                0x08005924                HAL_Delay
 .text.USBD_Init
                0x0800596c       0x60 cmake/stm32cubemx/CMakeFiles/USB_Device_Library.dir/__/__/Middlewares/ST/STM32_USB_Device_Library/Core/Src/usbd_core.c.obj
                0x0800596c                USBD_Init
 .text.USBD_RegisterClass
                0x080059cc       0x6c cmake/stm32cubemx/CMakeFiles/USB_Device_Library.dir/__/__/Middlewares/ST/STM32_USB_Device_Library/Core/Src/usbd_core.c.obj
                0x080059cc                USBD_RegisterClass
 .text.USBD_Start
                0x08005a38       0x18 cmake/stm32cubemx/CMakeFiles/USB_Device_Library.dir/__/__/Middlewares/ST/STM32_USB_Device_Library/Core/Src/usbd_core.c.obj
                0x08005a38                USBD_Start
 .text.USBD_RunTestMode
                0x08005a50       0x16 cmake/stm32cubemx/CMakeFiles/USB_Device_Library.dir/__/__/Middlewares/ST/STM32_USB_Device_Library/Core/Src/usbd_core.c.obj
                0x08005a50                USBD_RunTestMode
 .text.USBD_SetClassConfig
                0x08005a66       0x38 cmake/stm32cubemx/CMakeFiles/USB_Device_Library.dir/__/__/Middlewares/ST/STM32_USB_Device_Library/Core/Src/usbd_core.c.obj
                0x08005a66                USBD_SetClassConfig
 .text.USBD_ClrClassConfig
                0x08005a9e       0x34 cmake/stm32cubemx/CMakeFiles/USB_Device_Library.dir/__/__/Middlewares/ST/STM32_USB_Device_Library/Core/Src/usbd_core.c.obj
                0x08005a9e                USBD_ClrClassConfig
 .text.USBD_LL_SetupStage
                0x08005ad2       0xaa cmake/stm32cubemx/CMakeFiles/USB_Device_Library.dir/__/__/Middlewares/ST/STM32_USB_Device_Library/Core/Src/usbd_core.c.obj
                0x08005ad2                USBD_LL_SetupStage
 .text.USBD_LL_DataOutStage
                0x08005b7c      0x178 cmake/stm32cubemx/CMakeFiles/USB_Device_Library.dir/__/__/Middlewares/ST/STM32_USB_Device_Library/Core/Src/usbd_core.c.obj
                0x08005b7c                USBD_LL_DataOutStage
 .text.USBD_LL_DataInStage
                0x08005cf4      0x176 cmake/stm32cubemx/CMakeFiles/USB_Device_Library.dir/__/__/Middlewares/ST/STM32_USB_Device_Library/Core/Src/usbd_core.c.obj
                0x08005cf4                USBD_LL_DataInStage
 .text.USBD_LL_Reset
                0x08005e6a       0xa6 cmake/stm32cubemx/CMakeFiles/USB_Device_Library.dir/__/__/Middlewares/ST/STM32_USB_Device_Library/Core/Src/usbd_core.c.obj
                0x08005e6a                USBD_LL_Reset
 .text.USBD_LL_SetSpeed
                0x08005f10       0x20 cmake/stm32cubemx/CMakeFiles/USB_Device_Library.dir/__/__/Middlewares/ST/STM32_USB_Device_Library/Core/Src/usbd_core.c.obj
                0x08005f10                USBD_LL_SetSpeed
 .text.USBD_LL_Suspend
                0x08005f30       0x38 cmake/stm32cubemx/CMakeFiles/USB_Device_Library.dir/__/__/Middlewares/ST/STM32_USB_Device_Library/Core/Src/usbd_core.c.obj
                0x08005f30                USBD_LL_Suspend
 .text.USBD_LL_Resume
                0x08005f68       0x30 cmake/stm32cubemx/CMakeFiles/USB_Device_Library.dir/__/__/Middlewares/ST/STM32_USB_Device_Library/Core/Src/usbd_core.c.obj
                0x08005f68                USBD_LL_Resume
 .text.USBD_LL_SOF
                0x08005f98       0x40 cmake/stm32cubemx/CMakeFiles/USB_Device_Library.dir/__/__/Middlewares/ST/STM32_USB_Device_Library/Core/Src/usbd_core.c.obj
                0x08005f98                USBD_LL_SOF
 .text.USBD_LL_IsoINIncomplete
                0x08005fd8       0x64 cmake/stm32cubemx/CMakeFiles/USB_Device_Library.dir/__/__/Middlewares/ST/STM32_USB_Device_Library/Core/Src/usbd_core.c.obj
                0x08005fd8                USBD_LL_IsoINIncomplete
 .text.USBD_LL_IsoOUTIncomplete
                0x0800603c       0x64 cmake/stm32cubemx/CMakeFiles/USB_Device_Library.dir/__/__/Middlewares/ST/STM32_USB_Device_Library/Core/Src/usbd_core.c.obj
                0x0800603c                USBD_LL_IsoOUTIncomplete
 .text.USBD_LL_DevConnected
                0x080060a0       0x16 cmake/stm32cubemx/CMakeFiles/USB_Device_Library.dir/__/__/Middlewares/ST/STM32_USB_Device_Library/Core/Src/usbd_core.c.obj
                0x080060a0                USBD_LL_DevConnected
 .text.USBD_LL_DevDisconnected
                0x080060b6       0x46 cmake/stm32cubemx/CMakeFiles/USB_Device_Library.dir/__/__/Middlewares/ST/STM32_USB_Device_Library/Core/Src/usbd_core.c.obj
                0x080060b6                USBD_LL_DevDisconnected
 .text.USBD_CoreFindIF
                0x080060fc       0x1a cmake/stm32cubemx/CMakeFiles/USB_Device_Library.dir/__/__/Middlewares/ST/STM32_USB_Device_Library/Core/Src/usbd_core.c.obj
                0x080060fc                USBD_CoreFindIF
 .text.USBD_CoreFindEP
                0x08006116       0x1a cmake/stm32cubemx/CMakeFiles/USB_Device_Library.dir/__/__/Middlewares/ST/STM32_USB_Device_Library/Core/Src/usbd_core.c.obj
                0x08006116                USBD_CoreFindEP
 .text.USBD_GetEpDesc
                0x08006130       0x70 cmake/stm32cubemx/CMakeFiles/USB_Device_Library.dir/__/__/Middlewares/ST/STM32_USB_Device_Library/Core/Src/usbd_core.c.obj
                0x08006130                USBD_GetEpDesc
 .text.USBD_GetNextDesc
                0x080061a0       0x38 cmake/stm32cubemx/CMakeFiles/USB_Device_Library.dir/__/__/Middlewares/ST/STM32_USB_Device_Library/Core/Src/usbd_core.c.obj
                0x080061a0                USBD_GetNextDesc
 .text.SWAPBYTE
                0x080061d8       0x3e cmake/stm32cubemx/CMakeFiles/USB_Device_Library.dir/__/__/Middlewares/ST/STM32_USB_Device_Library/Core/Src/usbd_ctlreq.c.obj
 *fill*         0x08006216        0x2 
 .text.USBD_StdDevReq
                0x08006218       0xe4 cmake/stm32cubemx/CMakeFiles/USB_Device_Library.dir/__/__/Middlewares/ST/STM32_USB_Device_Library/Core/Src/usbd_ctlreq.c.obj
                0x08006218                USBD_StdDevReq
 .text.USBD_StdItfReq
                0x080062fc       0xd8 cmake/stm32cubemx/CMakeFiles/USB_Device_Library.dir/__/__/Middlewares/ST/STM32_USB_Device_Library/Core/Src/usbd_ctlreq.c.obj
                0x080062fc                USBD_StdItfReq
 .text.USBD_StdEPReq
                0x080063d4      0x33e cmake/stm32cubemx/CMakeFiles/USB_Device_Library.dir/__/__/Middlewares/ST/STM32_USB_Device_Library/Core/Src/usbd_ctlreq.c.obj
                0x080063d4                USBD_StdEPReq
 *fill*         0x08006712        0x2 
 .text.USBD_GetDescriptor
                0x08006714      0x328 cmake/stm32cubemx/CMakeFiles/USB_Device_Library.dir/__/__/Middlewares/ST/STM32_USB_Device_Library/Core/Src/usbd_ctlreq.c.obj
 .text.USBD_SetAddress
                0x08006a3c       0x88 cmake/stm32cubemx/CMakeFiles/USB_Device_Library.dir/__/__/Middlewares/ST/STM32_USB_Device_Library/Core/Src/usbd_ctlreq.c.obj
 .text.USBD_SetConfig
                0x08006ac4      0x154 cmake/stm32cubemx/CMakeFiles/USB_Device_Library.dir/__/__/Middlewares/ST/STM32_USB_Device_Library/Core/Src/usbd_ctlreq.c.obj
 .text.USBD_GetConfig
                0x08006c18       0x6c cmake/stm32cubemx/CMakeFiles/USB_Device_Library.dir/__/__/Middlewares/ST/STM32_USB_Device_Library/Core/Src/usbd_ctlreq.c.obj
 .text.USBD_GetStatus
                0x08006c84       0x68 cmake/stm32cubemx/CMakeFiles/USB_Device_Library.dir/__/__/Middlewares/ST/STM32_USB_Device_Library/Core/Src/usbd_ctlreq.c.obj
 .text.USBD_SetFeature
                0x08006cec       0x52 cmake/stm32cubemx/CMakeFiles/USB_Device_Library.dir/__/__/Middlewares/ST/STM32_USB_Device_Library/Core/Src/usbd_ctlreq.c.obj
 .text.USBD_ClrFeature
                0x08006d3e       0x44 cmake/stm32cubemx/CMakeFiles/USB_Device_Library.dir/__/__/Middlewares/ST/STM32_USB_Device_Library/Core/Src/usbd_ctlreq.c.obj
 .text.USBD_ParseSetupRequest
                0x08006d82       0x74 cmake/stm32cubemx/CMakeFiles/USB_Device_Library.dir/__/__/Middlewares/ST/STM32_USB_Device_Library/Core/Src/usbd_ctlreq.c.obj
                0x08006d82                USBD_ParseSetupRequest
 .text.USBD_CtlError
                0x08006df6       0x22 cmake/stm32cubemx/CMakeFiles/USB_Device_Library.dir/__/__/Middlewares/ST/STM32_USB_Device_Library/Core/Src/usbd_ctlreq.c.obj
                0x08006df6                USBD_CtlError
 .text.USBD_GetString
                0x08006e18       0xa4 cmake/stm32cubemx/CMakeFiles/USB_Device_Library.dir/__/__/Middlewares/ST/STM32_USB_Device_Library/Core/Src/usbd_ctlreq.c.obj
                0x08006e18                USBD_GetString
 .text.USBD_GetLen
                0x08006ebc       0x34 cmake/stm32cubemx/CMakeFiles/USB_Device_Library.dir/__/__/Middlewares/ST/STM32_USB_Device_Library/Core/Src/usbd_ctlreq.c.obj
 .text.USBD_CtlSendData
                0x08006ef0       0x3c cmake/stm32cubemx/CMakeFiles/USB_Device_Library.dir/__/__/Middlewares/ST/STM32_USB_Device_Library/Core/Src/usbd_ioreq.c.obj
                0x08006ef0                USBD_CtlSendData
 .text.USBD_CtlContinueSendData
                0x08006f2c       0x22 cmake/stm32cubemx/CMakeFiles/USB_Device_Library.dir/__/__/Middlewares/ST/STM32_USB_Device_Library/Core/Src/usbd_ioreq.c.obj
                0x08006f2c                USBD_CtlContinueSendData
 .text.USBD_CtlPrepareRx
                0x08006f4e       0x42 cmake/stm32cubemx/CMakeFiles/USB_Device_Library.dir/__/__/Middlewares/ST/STM32_USB_Device_Library/Core/Src/usbd_ioreq.c.obj
                0x08006f4e                USBD_CtlPrepareRx
 .text.USBD_CtlContinueRx
                0x08006f90       0x22 cmake/stm32cubemx/CMakeFiles/USB_Device_Library.dir/__/__/Middlewares/ST/STM32_USB_Device_Library/Core/Src/usbd_ioreq.c.obj
                0x08006f90                USBD_CtlContinueRx
 .text.USBD_CtlSendStatus
                0x08006fb2       0x26 cmake/stm32cubemx/CMakeFiles/USB_Device_Library.dir/__/__/Middlewares/ST/STM32_USB_Device_Library/Core/Src/usbd_ioreq.c.obj
                0x08006fb2                USBD_CtlSendStatus
 .text.USBD_CtlReceiveStatus
                0x08006fd8       0x26 cmake/stm32cubemx/CMakeFiles/USB_Device_Library.dir/__/__/Middlewares/ST/STM32_USB_Device_Library/Core/Src/usbd_ioreq.c.obj
                0x08006fd8                USBD_CtlReceiveStatus
 *fill*         0x08006ffe        0x2 
 .text.USBD_CDC_Init
                0x08007000      0x1f0 cmake/stm32cubemx/CMakeFiles/USB_Device_Library.dir/__/__/Middlewares/ST/STM32_USB_Device_Library/Class/CDC/Src/usbd_cdc.c.obj
 .text.USBD_CDC_DeInit
                0x080071f0      0x104 cmake/stm32cubemx/CMakeFiles/USB_Device_Library.dir/__/__/Middlewares/ST/STM32_USB_Device_Library/Class/CDC/Src/usbd_cdc.c.obj
 .text.USBD_CDC_Setup
                0x080072f4      0x1b8 cmake/stm32cubemx/CMakeFiles/USB_Device_Library.dir/__/__/Middlewares/ST/STM32_USB_Device_Library/Class/CDC/Src/usbd_cdc.c.obj
 .text.USBD_CDC_DataIn
                0x080074ac       0xfe cmake/stm32cubemx/CMakeFiles/USB_Device_Library.dir/__/__/Middlewares/ST/STM32_USB_Device_Library/Class/CDC/Src/usbd_cdc.c.obj
 .text.USBD_CDC_DataOut
                0x080075aa       0x70 cmake/stm32cubemx/CMakeFiles/USB_Device_Library.dir/__/__/Middlewares/ST/STM32_USB_Device_Library/Class/CDC/Src/usbd_cdc.c.obj
 .text.USBD_CDC_EP0_RxReady
                0x0800761a       0x74 cmake/stm32cubemx/CMakeFiles/USB_Device_Library.dir/__/__/Middlewares/ST/STM32_USB_Device_Library/Class/CDC/Src/usbd_cdc.c.obj
 *fill*         0x0800768e        0x2 
 .text.USBD_CDC_GetFSCfgDesc
                0x08007690       0x70 cmake/stm32cubemx/CMakeFiles/USB_Device_Library.dir/__/__/Middlewares/ST/STM32_USB_Device_Library/Class/CDC/Src/usbd_cdc.c.obj
 .text.USBD_CDC_GetHSCfgDesc
                0x08007700       0x70 cmake/stm32cubemx/CMakeFiles/USB_Device_Library.dir/__/__/Middlewares/ST/STM32_USB_Device_Library/Class/CDC/Src/usbd_cdc.c.obj
 .text.USBD_CDC_GetOtherSpeedCfgDesc
                0x08007770       0x70 cmake/stm32cubemx/CMakeFiles/USB_Device_Library.dir/__/__/Middlewares/ST/STM32_USB_Device_Library/Class/CDC/Src/usbd_cdc.c.obj
 .text.USBD_CDC_GetDeviceQualifierDescriptor
                0x080077e0       0x20 cmake/stm32cubemx/CMakeFiles/USB_Device_Library.dir/__/__/Middlewares/ST/STM32_USB_Device_Library/Class/CDC/Src/usbd_cdc.c.obj
                0x080077e0                USBD_CDC_GetDeviceQualifierDescriptor
 .text.USBD_CDC_RegisterInterface
                0x08007800       0x34 cmake/stm32cubemx/CMakeFiles/USB_Device_Library.dir/__/__/Middlewares/ST/STM32_USB_Device_Library/Class/CDC/Src/usbd_cdc.c.obj
                0x08007800                USBD_CDC_RegisterInterface
 .text.USBD_CDC_SetTxBuffer
                0x08007834       0x44 cmake/stm32cubemx/CMakeFiles/USB_Device_Library.dir/__/__/Middlewares/ST/STM32_USB_Device_Library/Class/CDC/Src/usbd_cdc.c.obj
                0x08007834                USBD_CDC_SetTxBuffer
 .text.USBD_CDC_SetRxBuffer
                0x08007878       0x3a cmake/stm32cubemx/CMakeFiles/USB_Device_Library.dir/__/__/Middlewares/ST/STM32_USB_Device_Library/Class/CDC/Src/usbd_cdc.c.obj
                0x08007878                USBD_CDC_SetRxBuffer
 *fill*         0x080078b2        0x2 
 .text.USBD_CDC_ReceivePacket
                0x080078b4       0x6c cmake/stm32cubemx/CMakeFiles/USB_Device_Library.dir/__/__/Middlewares/ST/STM32_USB_Device_Library/Class/CDC/Src/usbd_cdc.c.obj
                0x080078b4                USBD_CDC_ReceivePacket
 *(.glue_7)
 .glue_7        0x08007920        0x0 linker stubs
 *(.glue_7t)
 .glue_7t       0x08007920        0x0 linker stubs
 *(.eh_frame)
 .eh_frame      0x08007920        0x0 /usr/lib/gcc/arm-none-eabi/13.2.1/thumb/v7e-m+fp/hard/crtbegin.o
 *(.init)
 .init          0x08007920        0x4 /usr/lib/gcc/arm-none-eabi/13.2.1/thumb/v7e-m+fp/hard/crti.o
                0x08007920                _init
 .init          0x08007924        0x8 /usr/lib/gcc/arm-none-eabi/13.2.1/thumb/v7e-m+fp/hard/crtn.o
 *(.fini)
 .fini          0x0800792c        0x4 /usr/lib/gcc/arm-none-eabi/13.2.1/thumb/v7e-m+fp/hard/crti.o
                0x0800792c                _fini
 .fini          0x08007930        0x8 /usr/lib/gcc/arm-none-eabi/13.2.1/thumb/v7e-m+fp/hard/crtn.o
                0x08007938                        . = ALIGN (0x4)
                0x08007938                        _etext = .

.vfp11_veneer   0x08007938        0x0
 .vfp11_veneer  0x08007938        0x0 linker stubs

.v4_bx          0x08007938        0x0
 .v4_bx         0x08007938        0x0 linker stubs

.iplt           0x08007938        0x0
 .iplt          0x08007938        0x0 /usr/lib/gcc/arm-none-eabi/13.2.1/thumb/v7e-m+fp/hard/crtbegin.o

.rodata         0x08007938       0x58
                0x08007938                        . = ALIGN (0x4)
 *(.rodata)
 .rodata        0x08007938       0x46 CMakeFiles/firmware.dir/USB_DEVICE/App/usbd_desc.c.obj
 *(.rodata*)
 *fill*         0x0800797e        0x2 
 .rodata.AHBPrescTable
                0x08007980       0x10 cmake/stm32cubemx/CMakeFiles/STM32_Drivers.dir/__/__/Core/Src/system_stm32f4xx.c.obj
                0x08007980                AHBPrescTable
                0x08007990                        . = ALIGN (0x4)

.ARM.extab      0x08007990        0x0
                0x08007990                        . = ALIGN (0x4)
 *(.ARM.extab* .gnu.linkonce.armextab.*)
                0x08007990                        . = ALIGN (0x4)

.ARM            0x08007990        0x8
                0x08007990                        . = ALIGN (0x4)
                0x08007990                        __exidx_start = .
 *(.ARM.exidx*)
 .ARM.exidx     0x08007990        0x8 /usr/lib/gcc/arm-none-eabi/13.2.1/thumb/v7e-m+fp/hard/libgcc.a(_udivmoddi4.o)
                0x08007998                        __exidx_end = .
                0x08007998                        . = ALIGN (0x4)

.preinit_array  0x08007998        0x0
                0x08007998                        . = ALIGN (0x4)
                0x08007998                        PROVIDE (__preinit_array_start = .)
 *(.preinit_array*)
                0x08007998                        PROVIDE (__preinit_array_end = .)
                0x08007998                        . = ALIGN (0x4)

.init_array     0x08007998        0x4
                0x08007998                        . = ALIGN (0x4)
                0x08007998                        PROVIDE (__init_array_start = .)
 *(SORT_BY_NAME(.init_array.*))
 *(.init_array*)
 .init_array    0x08007998        0x4 /usr/lib/gcc/arm-none-eabi/13.2.1/thumb/v7e-m+fp/hard/crtbegin.o
                0x0800799c                        PROVIDE (__init_array_end = .)
                0x0800799c                        . = ALIGN (0x4)

.fini_array     0x0800799c        0x4
                0x0800799c                        . = ALIGN (0x4)
                0x0800799c                        PROVIDE (__fini_array_start = .)
 *(SORT_BY_NAME(.fini_array.*))
 *(.fini_array*)
 .fini_array    0x0800799c        0x4 /usr/lib/gcc/arm-none-eabi/13.2.1/thumb/v7e-m+fp/hard/crtbegin.o
                0x080079a0                        PROVIDE (__fini_array_end = .)
                0x080079a0                        . = ALIGN (0x4)
                0x080079a0                        _sidata = LOADADDR (.data)

.rel.dyn        0x080079a0        0x0
 .rel.iplt      0x080079a0        0x0 /usr/lib/gcc/arm-none-eabi/13.2.1/thumb/v7e-m+fp/hard/crtbegin.o

.data           0x20000000      0x10c load address 0x080079a0
                0x20000000                        . = ALIGN (0x4)
                0x20000000                        _sdata = .
 *(.data)
 *(.data*)
 .data.FS_Desc  0x20000000       0x20 CMakeFiles/firmware.dir/USB_DEVICE/App/usbd_desc.c.obj
                0x20000000                FS_Desc
 .data.USBD_FS_DeviceDesc
                0x20000020       0x12 CMakeFiles/firmware.dir/USB_DEVICE/App/usbd_desc.c.obj
                0x20000020                USBD_FS_DeviceDesc
 *fill*         0x20000032        0x2 
 .data.USBD_FS_BOSDesc
                0x20000034        0xc CMakeFiles/firmware.dir/USB_DEVICE/App/usbd_desc.c.obj
                0x20000034                USBD_FS_BOSDesc
 .data.USBD_LangIDDesc
                0x20000040        0x4 CMakeFiles/firmware.dir/USB_DEVICE/App/usbd_desc.c.obj
                0x20000040                USBD_LangIDDesc
 .data.USBD_StringSerial
                0x20000044       0x1a CMakeFiles/firmware.dir/USB_DEVICE/App/usbd_desc.c.obj
                0x20000044                USBD_StringSerial
 *fill*         0x2000005e        0x2 
 .data.USBD_Interface_fops_FS
                0x20000060       0x14 CMakeFiles/firmware.dir/USB_DEVICE/App/usbd_cdc_if.c.obj
                0x20000060                USBD_Interface_fops_FS
 .data.SystemCoreClock
                0x20000074        0x4 cmake/stm32cubemx/CMakeFiles/STM32_Drivers.dir/__/__/Core/Src/system_stm32f4xx.c.obj
                0x20000074                SystemCoreClock
 .data.uwTickPrio
                0x20000078        0x4 cmake/stm32cubemx/CMakeFiles/STM32_Drivers.dir/__/__/Drivers/STM32F4xx_HAL_Driver/Src/stm32f4xx_hal.c.obj
                0x20000078                uwTickPrio
 .data.uwTickFreq
                0x2000007c        0x1 cmake/stm32cubemx/CMakeFiles/STM32_Drivers.dir/__/__/Drivers/STM32F4xx_HAL_Driver/Src/stm32f4xx_hal.c.obj
                0x2000007c                uwTickFreq
 *fill*         0x2000007d        0x3 
 .data.USBD_CDC_DeviceQualifierDesc
                0x20000080        0xa cmake/stm32cubemx/CMakeFiles/USB_Device_Library.dir/__/__/Middlewares/ST/STM32_USB_Device_Library/Class/CDC/Src/usbd_cdc.c.obj
 *fill*         0x2000008a        0x2 
 .data.USBD_CDC
                0x2000008c       0x38 cmake/stm32cubemx/CMakeFiles/USB_Device_Library.dir/__/__/Middlewares/ST/STM32_USB_Device_Library/Class/CDC/Src/usbd_cdc.c.obj
                0x2000008c                USBD_CDC
 .data.USBD_CDC_CfgDesc
                0x200000c4       0x43 cmake/stm32cubemx/CMakeFiles/USB_Device_Library.dir/__/__/Middlewares/ST/STM32_USB_Device_Library/Class/CDC/Src/usbd_cdc.c.obj
 .data.CDCInEpAdd
                0x20000107        0x1 cmake/stm32cubemx/CMakeFiles/USB_Device_Library.dir/__/__/Middlewares/ST/STM32_USB_Device_Library/Class/CDC/Src/usbd_cdc.c.obj
 .data.CDCOutEpAdd
                0x20000108        0x1 cmake/stm32cubemx/CMakeFiles/USB_Device_Library.dir/__/__/Middlewares/ST/STM32_USB_Device_Library/Class/CDC/Src/usbd_cdc.c.obj
 .data.CDCCmdEpAdd
                0x20000109        0x1 cmake/stm32cubemx/CMakeFiles/USB_Device_Library.dir/__/__/Middlewares/ST/STM32_USB_Device_Library/Class/CDC/Src/usbd_cdc.c.obj
 *(.RamFunc)
 *(.RamFunc*)
                0x2000010c                        . = ALIGN (0x4)
 *fill*         0x2000010a        0x2 

.tm_clone_table
                0x2000010c        0x0 load address 0x08007aac
 .tm_clone_table
                0x2000010c        0x0 /usr/lib/gcc/arm-none-eabi/13.2.1/thumb/v7e-m+fp/hard/crtbegin.o
 .tm_clone_table
                0x2000010c        0x0 /usr/lib/gcc/arm-none-eabi/13.2.1/thumb/v7e-m+fp/hard/crtend.o

.igot.plt       0x2000010c        0x0 load address 0x08007aac
 .igot.plt      0x2000010c        0x0 /usr/lib/gcc/arm-none-eabi/13.2.1/thumb/v7e-m+fp/hard/crtbegin.o

.tdata          0x2000010c        0x0 load address 0x08007aac
 *(.tdata .tdata.* .gnu.linkonce.td.*)
                0x2000010c                        . = ALIGN (0x4)
                0x2000010c                        _edata = .
                [!provide]                        PROVIDE (__data_end = .)
                [!provide]                        PROVIDE (__tdata_end = .)
                [!provide]                        PROVIDE (__tdata_start = ADDR (.tdata))
                [!provide]                        PROVIDE (__tdata_size = (__tdata_end - __tdata_start))
                [!provide]                        PROVIDE (__data_start = ADDR (.data))
                [!provide]                        PROVIDE (__data_size = (__data_end - __data_start))
                [!provide]                        PROVIDE (__tdata_source = LOADADDR (.tdata))
                [!provide]                        PROVIDE (__tdata_source_end = (LOADADDR (.tdata) + SIZEOF (.tdata)))
                [!provide]                        PROVIDE (__tdata_source_size = (__tdata_source_end - __tdata_source))
                [!provide]                        PROVIDE (__data_source = LOADADDR (.data))
                [!provide]                        PROVIDE (__data_source_end = __tdata_source_end)
                [!provide]                        PROVIDE (__data_source_size = (__data_source_end - __data_source))

.tbss           0x2000010c        0x0 load address 0x08007aac
                0x2000010c                        _sbss = .
                0x2000010c                        __bss_start__ = _sbss
 *(.tbss .tbss.*)
                0x2000010c                        . = ALIGN (0x4)
                [!provide]                        PROVIDE (__tbss_end = .)
                [!provide]                        PROVIDE (__tbss_start = ADDR (.tbss))
                [!provide]                        PROVIDE (__tbss_size = (__tbss_end - __tbss_start))
                [!provide]                        PROVIDE (__tbss_offset = (ADDR (.tbss) - ADDR (.tdata)))
                [!provide]                        PROVIDE (__tls_base = __tdata_start)
                [!provide]                        PROVIDE (__tls_end = __tbss_end)
                [!provide]                        PROVIDE (__tls_size = (__tls_end - __tls_base))
                [!provide]                        PROVIDE (__tls_align = MAX (ALIGNOF (.tdata), ALIGNOF (.tbss)))
                [!provide]                        PROVIDE (__tls_size_align = (((__tls_size + __tls_align) - 0x1) & ~ ((__tls_align - 0x1))))
                [!provide]                        PROVIDE (__arm32_tls_tcb_offset = MAX (0x8, __tls_align))
                [!provide]                        PROVIDE (__arm64_tls_tcb_offset = MAX (0x10, __tls_align))

.bss            0x2000010c     0x1c04 load address 0x08007aac
 *(.bss)
 .bss           0x2000010c       0x1c /usr/lib/gcc/arm-none-eabi/13.2.1/thumb/v7e-m+fp/hard/crtbegin.o
 *(.bss*)
 .bss.hpcd_USB_OTG_FS
                0x20000128      0x4e4 CMakeFiles/firmware.dir/USB_DEVICE/Target/usbd_conf.c.obj
                0x20000128                hpcd_USB_OTG_FS
 .bss.mem.0     0x2000060c      0x220 CMakeFiles/firmware.dir/USB_DEVICE/Target/usbd_conf.c.obj
 .bss.hUsbDeviceFS
                0x2000082c      0x2dc CMakeFiles/firmware.dir/USB_DEVICE/App/usb_device.c.obj
                0x2000082c                hUsbDeviceFS
 .bss.USBD_StrDesc
                0x20000b08      0x200 CMakeFiles/firmware.dir/USB_DEVICE/App/usbd_desc.c.obj
                0x20000b08                USBD_StrDesc
 .bss.UserRxBufferFS
                0x20000d08      0x800 CMakeFiles/firmware.dir/USB_DEVICE/App/usbd_cdc_if.c.obj
                0x20000d08                UserRxBufferFS
 .bss.UserTxBufferFS
                0x20001508      0x800 CMakeFiles/firmware.dir/USB_DEVICE/App/usbd_cdc_if.c.obj
                0x20001508                UserTxBufferFS
 .bss.uwTick    0x20001d08        0x4 cmake/stm32cubemx/CMakeFiles/STM32_Drivers.dir/__/__/Drivers/STM32F4xx_HAL_Driver/Src/stm32f4xx_hal.c.obj
                0x20001d08                uwTick
 .bss.cfgidx.0  0x20001d0c        0x1 cmake/stm32cubemx/CMakeFiles/USB_Device_Library.dir/__/__/Middlewares/ST/STM32_USB_Device_Library/Core/Src/usbd_ctlreq.c.obj
 *(COMMON)
                0x20001d10                        . = ALIGN (0x4)
 *fill*         0x20001d0d        0x3 
                0x20001d10                        _ebss = .
                0x20001d10                        __bss_end__ = _ebss
                [!provide]                        PROVIDE (__bss_end = .)
                [!provide]                        PROVIDE (__non_tls_bss_start = ADDR (.bss))
                [!provide]                        PROVIDE (__bss_start = __tbss_start)
                [!provide]                        PROVIDE (__bss_size = (__bss_end - __bss_start))

._user_heap_stack
                0x20001d10     0x1800 load address 0x08007aac
                0x20001d10                        . = ALIGN (0x8)
                [!provide]                        PROVIDE (end = .)
                0x20001d10                        PROVIDE (_end = .)
                0x20002510                        . = (. + _Min_Heap_Size)
 *fill*         0x20001d10      0x800 
                0x20003510                        . = (. + _Min_Stack_Size)
 *fill*         0x20002510     0x1000 
                0x20003510                        . = ALIGN (0x8)

/DISCARD/
 libc.a:*(*)
 libm.a:*(*)
 libgcc.a:*(*)
OUTPUT(firmware.elf elf32-littlearm)
LOAD linker stubs

.ARM.attributes
                0x00000000       0x30
 .ARM.attributes
                0x00000000       0x22 /usr/lib/gcc/arm-none-eabi/13.2.1/thumb/v7e-m+fp/hard/crti.o
 .ARM.attributes
                0x00000022       0x34 /usr/lib/gcc/arm-none-eabi/13.2.1/thumb/v7e-m+fp/hard/crtbegin.o
 .ARM.attributes
                0x00000056       0x34 CMakeFiles/firmware.dir/USB_DEVICE/Target/usbd_conf.c.obj
 .ARM.attributes
                0x0000008a       0x34 CMakeFiles/firmware.dir/USB_DEVICE/App/usb_device.c.obj
 .ARM.attributes
                0x000000be       0x34 CMakeFiles/firmware.dir/USB_DEVICE/App/usbd_desc.c.obj
 .ARM.attributes
                0x000000f2       0x34 CMakeFiles/firmware.dir/USB_DEVICE/App/usbd_cdc_if.c.obj
 .ARM.attributes
                0x00000126       0x34 CMakeFiles/firmware.dir/Core/Src/main.c.obj
 .ARM.attributes
                0x0000015a       0x34 CMakeFiles/firmware.dir/Core/Src/gpio.c.obj
 .ARM.attributes
                0x0000018e       0x34 CMakeFiles/firmware.dir/Core/Src/stm32f4xx_it.c.obj
 .ARM.attributes
                0x000001c2       0x34 CMakeFiles/firmware.dir/Core/Src/stm32f4xx_hal_msp.c.obj
 .ARM.attributes
                0x000001f6       0x21 CMakeFiles/firmware.dir/startup_stm32f446xx.s.obj
 .ARM.attributes
                0x00000217       0x34 cmake/stm32cubemx/CMakeFiles/STM32_Drivers.dir/__/__/Core/Src/system_stm32f4xx.c.obj
 .ARM.attributes
                0x0000024b       0x34 cmake/stm32cubemx/CMakeFiles/STM32_Drivers.dir/__/__/Drivers/STM32F4xx_HAL_Driver/Src/stm32f4xx_hal_pcd.c.obj
 .ARM.attributes
                0x0000027f       0x34 cmake/stm32cubemx/CMakeFiles/STM32_Drivers.dir/__/__/Drivers/STM32F4xx_HAL_Driver/Src/stm32f4xx_hal_pcd_ex.c.obj
 .ARM.attributes
                0x000002b3       0x34 cmake/stm32cubemx/CMakeFiles/STM32_Drivers.dir/__/__/Drivers/STM32F4xx_HAL_Driver/Src/stm32f4xx_ll_usb.c.obj
 .ARM.attributes
                0x000002e7       0x34 cmake/stm32cubemx/CMakeFiles/STM32_Drivers.dir/__/__/Drivers/STM32F4xx_HAL_Driver/Src/stm32f4xx_hal_rcc.c.obj
 .ARM.attributes
                0x0000031b       0x34 cmake/stm32cubemx/CMakeFiles/STM32_Drivers.dir/__/__/Drivers/STM32F4xx_HAL_Driver/Src/stm32f4xx_hal_rcc_ex.c.obj
 .ARM.attributes
                0x0000034f       0x34 cmake/stm32cubemx/CMakeFiles/STM32_Drivers.dir/__/__/Drivers/STM32F4xx_HAL_Driver/Src/stm32f4xx_hal_gpio.c.obj
 .ARM.attributes
                0x00000383       0x34 cmake/stm32cubemx/CMakeFiles/STM32_Drivers.dir/__/__/Drivers/STM32F4xx_HAL_Driver/Src/stm32f4xx_hal_pwr_ex.c.obj
 .ARM.attributes
                0x000003b7       0x34 cmake/stm32cubemx/CMakeFiles/STM32_Drivers.dir/__/__/Drivers/STM32F4xx_HAL_Driver/Src/stm32f4xx_hal_cortex.c.obj
 .ARM.attributes
                0x000003eb       0x34 cmake/stm32cubemx/CMakeFiles/STM32_Drivers.dir/__/__/Drivers/STM32F4xx_HAL_Driver/Src/stm32f4xx_hal.c.obj
 .ARM.attributes
                0x0000041f       0x34 cmake/stm32cubemx/CMakeFiles/USB_Device_Library.dir/__/__/Middlewares/ST/STM32_USB_Device_Library/Core/Src/usbd_core.c.obj
 .ARM.attributes
                0x00000453       0x34 cmake/stm32cubemx/CMakeFiles/USB_Device_Library.dir/__/__/Middlewares/ST/STM32_USB_Device_Library/Core/Src/usbd_ctlreq.c.obj
 .ARM.attributes
                0x00000487       0x34 cmake/stm32cubemx/CMakeFiles/USB_Device_Library.dir/__/__/Middlewares/ST/STM32_USB_Device_Library/Core/Src/usbd_ioreq.c.obj
 .ARM.attributes
                0x000004bb       0x34 cmake/stm32cubemx/CMakeFiles/USB_Device_Library.dir/__/__/Middlewares/ST/STM32_USB_Device_Library/Class/CDC/Src/usbd_cdc.c.obj
 .ARM.attributes
                0x000004ef       0x22 /usr/lib/gcc/arm-none-eabi/13.2.1/thumb/v7e-m+fp/hard/libgcc.a(_aeabi_uldivmod.o)
 .ARM.attributes
                0x00000511       0x34 /usr/lib/gcc/arm-none-eabi/13.2.1/thumb/v7e-m+fp/hard/libgcc.a(_udivmoddi4.o)
 .ARM.attributes
                0x00000545       0x22 /usr/lib/gcc/arm-none-eabi/13.2.1/thumb/v7e-m+fp/hard/libgcc.a(_dvmd_tls.o)
 .ARM.attributes
                0x00000567       0x34 /usr/lib/gcc/arm-none-eabi/13.2.1/../../../arm-none-eabi/lib/thumb/v7e-m+fp/hard/libg_nano.a(libc_a-init.o)
 .ARM.attributes
                0x0000059b       0x34 /usr/lib/gcc/arm-none-eabi/13.2.1/../../../arm-none-eabi/lib/thumb/v7e-m+fp/hard/libg_nano.a(libc_a-memset.o)
 .ARM.attributes
                0x000005cf       0x34 /usr/lib/gcc/arm-none-eabi/13.2.1/thumb/v7e-m+fp/hard/crtend.o
 .ARM.attributes
                0x00000603       0x22 /usr/lib/gcc/arm-none-eabi/13.2.1/thumb/v7e-m+fp/hard/crtn.o

.comment        0x00000000       0x26
 .comment       0x00000000       0x26 /usr/lib/gcc/arm-none-eabi/13.2.1/thumb/v7e-m+fp/hard/crtbegin.o
                                 0x27 (size before relaxing)
 .comment       0x00000026       0x27 CMakeFiles/firmware.dir/USB_DEVICE/Target/usbd_conf.c.obj
 .comment       0x00000026       0x27 CMakeFiles/firmware.dir/USB_DEVICE/App/usb_device.c.obj
 .comment       0x00000026       0x27 CMakeFiles/firmware.dir/USB_DEVICE/App/usbd_desc.c.obj
 .comment       0x00000026       0x27 CMakeFiles/firmware.dir/USB_DEVICE/App/usbd_cdc_if.c.obj
 .comment       0x00000026       0x27 CMakeFiles/firmware.dir/Core/Src/main.c.obj
 .comment       0x00000026       0x27 CMakeFiles/firmware.dir/Core/Src/gpio.c.obj
 .comment       0x00000026       0x27 CMakeFiles/firmware.dir/Core/Src/stm32f4xx_it.c.obj
 .comment       0x00000026       0x27 CMakeFiles/firmware.dir/Core/Src/stm32f4xx_hal_msp.c.obj
 .comment       0x00000026       0x27 cmake/stm32cubemx/CMakeFiles/STM32_Drivers.dir/__/__/Core/Src/system_stm32f4xx.c.obj
 .comment       0x00000026       0x27 cmake/stm32cubemx/CMakeFiles/STM32_Drivers.dir/__/__/Drivers/STM32F4xx_HAL_Driver/Src/stm32f4xx_hal_pcd.c.obj
 .comment       0x00000026       0x27 cmake/stm32cubemx/CMakeFiles/STM32_Drivers.dir/__/__/Drivers/STM32F4xx_HAL_Driver/Src/stm32f4xx_hal_pcd_ex.c.obj
 .comment       0x00000026       0x27 cmake/stm32cubemx/CMakeFiles/STM32_Drivers.dir/__/__/Drivers/STM32F4xx_HAL_Driver/Src/stm32f4xx_ll_usb.c.obj
 .comment       0x00000026       0x27 cmake/stm32cubemx/CMakeFiles/STM32_Drivers.dir/__/__/Drivers/STM32F4xx_HAL_Driver/Src/stm32f4xx_hal_rcc.c.obj
 .comment       0x00000026       0x27 cmake/stm32cubemx/CMakeFiles/STM32_Drivers.dir/__/__/Drivers/STM32F4xx_HAL_Driver/Src/stm32f4xx_hal_rcc_ex.c.obj
 .comment       0x00000026       0x27 cmake/stm32cubemx/CMakeFiles/STM32_Drivers.dir/__/__/Drivers/STM32F4xx_HAL_Driver/Src/stm32f4xx_hal_gpio.c.obj
 .comment       0x00000026       0x27 cmake/stm32cubemx/CMakeFiles/STM32_Drivers.dir/__/__/Drivers/STM32F4xx_HAL_Driver/Src/stm32f4xx_hal_pwr_ex.c.obj
 .comment       0x00000026       0x27 cmake/stm32cubemx/CMakeFiles/STM32_Drivers.dir/__/__/Drivers/STM32F4xx_HAL_Driver/Src/stm32f4xx_hal_cortex.c.obj
 .comment       0x00000026       0x27 cmake/stm32cubemx/CMakeFiles/STM32_Drivers.dir/__/__/Drivers/STM32F4xx_HAL_Driver/Src/stm32f4xx_hal.c.obj
 .comment       0x00000026       0x27 cmake/stm32cubemx/CMakeFiles/USB_Device_Library.dir/__/__/Middlewares/ST/STM32_USB_Device_Library/Core/Src/usbd_core.c.obj
 .comment       0x00000026       0x27 cmake/stm32cubemx/CMakeFiles/USB_Device_Library.dir/__/__/Middlewares/ST/STM32_USB_Device_Library/Core/Src/usbd_ctlreq.c.obj
 .comment       0x00000026       0x27 cmake/stm32cubemx/CMakeFiles/USB_Device_Library.dir/__/__/Middlewares/ST/STM32_USB_Device_Library/Core/Src/usbd_ioreq.c.obj
 .comment       0x00000026       0x27 cmake/stm32cubemx/CMakeFiles/USB_Device_Library.dir/__/__/Middlewares/ST/STM32_USB_Device_Library/Class/CDC/Src/usbd_cdc.c.obj
 .comment       0x00000026       0x27 /usr/lib/gcc/arm-none-eabi/13.2.1/thumb/v7e-m+fp/hard/libgcc.a(_udivmoddi4.o)
 .comment       0x00000026       0x27 /usr/lib/gcc/arm-none-eabi/13.2.1/../../../arm-none-eabi/lib/thumb/v7e-m+fp/hard/libg_nano.a(libc_a-init.o)
 .comment       0x00000026       0x27 /usr/lib/gcc/arm-none-eabi/13.2.1/../../../arm-none-eabi/lib/thumb/v7e-m+fp/hard/libg_nano.a(libc_a-memset.o)
 .comment       0x00000026       0x27 /usr/lib/gcc/arm-none-eabi/13.2.1/thumb/v7e-m+fp/hard/crtend.o

.debug_info     0x00000000     0xf589
 .debug_info    0x00000000     0x1f35 CMakeFiles/firmware.dir/USB_DEVICE/Target/usbd_conf.c.obj
 .debug_info    0x00001f35      0x6eb CMakeFiles/firmware.dir/USB_DEVICE/App/usb_device.c.obj
 .debug_info    0x00002620      0x493 CMakeFiles/firmware.dir/USB_DEVICE/App/usbd_desc.c.obj
 .debug_info    0x00002ab3      0x8e4 CMakeFiles/firmware.dir/USB_DEVICE/App/usbd_cdc_if.c.obj
 .debug_info    0x00003397      0x4f1 CMakeFiles/firmware.dir/Core/Src/main.c.obj
 .debug_info    0x00003888      0x42d CMakeFiles/firmware.dir/Core/Src/gpio.c.obj
 .debug_info    0x00003cb5      0x661 CMakeFiles/firmware.dir/Core/Src/stm32f4xx_it.c.obj
 .debug_info    0x00004316      0x28d CMakeFiles/firmware.dir/Core/Src/stm32f4xx_hal_msp.c.obj
 .debug_info    0x000045a3       0x30 CMakeFiles/firmware.dir/startup_stm32f446xx.s.obj
 .debug_info    0x000045d3      0x530 cmake/stm32cubemx/CMakeFiles/STM32_Drivers.dir/__/__/Core/Src/system_stm32f4xx.c.obj
 .debug_info    0x00004b03     0x15bf cmake/stm32cubemx/CMakeFiles/STM32_Drivers.dir/__/__/Drivers/STM32F4xx_HAL_Driver/Src/stm32f4xx_hal_pcd.c.obj
 .debug_info    0x000060c2      0x790 cmake/stm32cubemx/CMakeFiles/STM32_Drivers.dir/__/__/Drivers/STM32F4xx_HAL_Driver/Src/stm32f4xx_hal_pcd_ex.c.obj
 .debug_info    0x00006852     0x19cd cmake/stm32cubemx/CMakeFiles/STM32_Drivers.dir/__/__/Drivers/STM32F4xx_HAL_Driver/Src/stm32f4xx_ll_usb.c.obj
 .debug_info    0x0000821f      0x8cf cmake/stm32cubemx/CMakeFiles/STM32_Drivers.dir/__/__/Drivers/STM32F4xx_HAL_Driver/Src/stm32f4xx_hal_rcc.c.obj
 .debug_info    0x00008aee      0x93c cmake/stm32cubemx/CMakeFiles/STM32_Drivers.dir/__/__/Drivers/STM32F4xx_HAL_Driver/Src/stm32f4xx_hal_rcc_ex.c.obj
 .debug_info    0x0000942a      0x6e7 cmake/stm32cubemx/CMakeFiles/STM32_Drivers.dir/__/__/Drivers/STM32F4xx_HAL_Driver/Src/stm32f4xx_hal_gpio.c.obj
 .debug_info    0x00009b11      0x6c2 cmake/stm32cubemx/CMakeFiles/STM32_Drivers.dir/__/__/Drivers/STM32F4xx_HAL_Driver/Src/stm32f4xx_hal_pwr_ex.c.obj
 .debug_info    0x0000a1d3      0xd86 cmake/stm32cubemx/CMakeFiles/STM32_Drivers.dir/__/__/Drivers/STM32F4xx_HAL_Driver/Src/stm32f4xx_hal_cortex.c.obj
 .debug_info    0x0000af59      0x98e cmake/stm32cubemx/CMakeFiles/STM32_Drivers.dir/__/__/Drivers/STM32F4xx_HAL_Driver/Src/stm32f4xx_hal.c.obj
 .debug_info    0x0000b8e7      0xdfb cmake/stm32cubemx/CMakeFiles/USB_Device_Library.dir/__/__/Middlewares/ST/STM32_USB_Device_Library/Core/Src/usbd_core.c.obj
 .debug_info    0x0000c6e2      0xad4 cmake/stm32cubemx/CMakeFiles/USB_Device_Library.dir/__/__/Middlewares/ST/STM32_USB_Device_Library/Core/Src/usbd_ctlreq.c.obj
 .debug_info    0x0000d1b6      0x74b cmake/stm32cubemx/CMakeFiles/USB_Device_Library.dir/__/__/Middlewares/ST/STM32_USB_Device_Library/Core/Src/usbd_ioreq.c.obj
 .debug_info    0x0000d901     0x12f3 cmake/stm32cubemx/CMakeFiles/USB_Device_Library.dir/__/__/Middlewares/ST/STM32_USB_Device_Library/Class/CDC/Src/usbd_cdc.c.obj
 .debug_info    0x0000ebf4       0x24 /usr/lib/gcc/arm-none-eabi/13.2.1/thumb/v7e-m+fp/hard/libgcc.a(_aeabi_uldivmod.o)
 .debug_info    0x0000ec18      0x6f5 /usr/lib/gcc/arm-none-eabi/13.2.1/thumb/v7e-m+fp/hard/libgcc.a(_udivmoddi4.o)
 .debug_info    0x0000f30d       0x3c /usr/lib/gcc/arm-none-eabi/13.2.1/thumb/v7e-m+fp/hard/libgcc.a(_dvmd_tls.o)
 .debug_info    0x0000f349      0x10b /usr/lib/gcc/arm-none-eabi/13.2.1/../../../arm-none-eabi/lib/thumb/v7e-m+fp/hard/libg_nano.a(libc_a-init.o)
 .debug_info    0x0000f454      0x135 /usr/lib/gcc/arm-none-eabi/13.2.1/../../../arm-none-eabi/lib/thumb/v7e-m+fp/hard/libg_nano.a(libc_a-memset.o)

.debug_abbrev   0x00000000     0x31ba
 .debug_abbrev  0x00000000      0x341 CMakeFiles/firmware.dir/USB_DEVICE/Target/usbd_conf.c.obj
 .debug_abbrev  0x00000341      0x195 CMakeFiles/firmware.dir/USB_DEVICE/App/usb_device.c.obj
 .debug_abbrev  0x000004d6      0x1e4 CMakeFiles/firmware.dir/USB_DEVICE/App/usbd_desc.c.obj
 .debug_abbrev  0x000006ba      0x29d CMakeFiles/firmware.dir/USB_DEVICE/App/usbd_cdc_if.c.obj
 .debug_abbrev  0x00000957      0x1df CMakeFiles/firmware.dir/Core/Src/main.c.obj
 .debug_abbrev  0x00000b36      0x152 CMakeFiles/firmware.dir/Core/Src/gpio.c.obj
 .debug_abbrev  0x00000c88      0x1a4 CMakeFiles/firmware.dir/Core/Src/stm32f4xx_it.c.obj
 .debug_abbrev  0x00000e2c       0xd8 CMakeFiles/firmware.dir/Core/Src/stm32f4xx_hal_msp.c.obj
 .debug_abbrev  0x00000f04       0x24 CMakeFiles/firmware.dir/startup_stm32f446xx.s.obj
 .debug_abbrev  0x00000f28      0x11b cmake/stm32cubemx/CMakeFiles/STM32_Drivers.dir/__/__/Core/Src/system_stm32f4xx.c.obj
 .debug_abbrev  0x00001043      0x2d0 cmake/stm32cubemx/CMakeFiles/STM32_Drivers.dir/__/__/Drivers/STM32F4xx_HAL_Driver/Src/stm32f4xx_hal_pcd.c.obj
 .debug_abbrev  0x00001313      0x1dd cmake/stm32cubemx/CMakeFiles/STM32_Drivers.dir/__/__/Drivers/STM32F4xx_HAL_Driver/Src/stm32f4xx_hal_pcd_ex.c.obj
 .debug_abbrev  0x000014f0      0x2b3 cmake/stm32cubemx/CMakeFiles/STM32_Drivers.dir/__/__/Drivers/STM32F4xx_HAL_Driver/Src/stm32f4xx_ll_usb.c.obj
 .debug_abbrev  0x000017a3      0x2b7 cmake/stm32cubemx/CMakeFiles/STM32_Drivers.dir/__/__/Drivers/STM32F4xx_HAL_Driver/Src/stm32f4xx_hal_rcc.c.obj
 .debug_abbrev  0x00001a5a      0x211 cmake/stm32cubemx/CMakeFiles/STM32_Drivers.dir/__/__/Drivers/STM32F4xx_HAL_Driver/Src/stm32f4xx_hal_rcc_ex.c.obj
 .debug_abbrev  0x00001c6b      0x1d4 cmake/stm32cubemx/CMakeFiles/STM32_Drivers.dir/__/__/Drivers/STM32F4xx_HAL_Driver/Src/stm32f4xx_hal_gpio.c.obj
 .debug_abbrev  0x00001e3f      0x1cf cmake/stm32cubemx/CMakeFiles/STM32_Drivers.dir/__/__/Drivers/STM32F4xx_HAL_Driver/Src/stm32f4xx_hal_pwr_ex.c.obj
 .debug_abbrev  0x0000200e      0x31d cmake/stm32cubemx/CMakeFiles/STM32_Drivers.dir/__/__/Drivers/STM32F4xx_HAL_Driver/Src/stm32f4xx_hal_cortex.c.obj
 .debug_abbrev  0x0000232b      0x214 cmake/stm32cubemx/CMakeFiles/STM32_Drivers.dir/__/__/Drivers/STM32F4xx_HAL_Driver/Src/stm32f4xx_hal.c.obj
 .debug_abbrev  0x0000253f      0x27c cmake/stm32cubemx/CMakeFiles/USB_Device_Library.dir/__/__/Middlewares/ST/STM32_USB_Device_Library/Core/Src/usbd_core.c.obj
 .debug_abbrev  0x000027bb      0x26f cmake/stm32cubemx/CMakeFiles/USB_Device_Library.dir/__/__/Middlewares/ST/STM32_USB_Device_Library/Core/Src/usbd_ctlreq.c.obj
 .debug_abbrev  0x00002a2a      0x19a cmake/stm32cubemx/CMakeFiles/USB_Device_Library.dir/__/__/Middlewares/ST/STM32_USB_Device_Library/Core/Src/usbd_ioreq.c.obj
 .debug_abbrev  0x00002bc4      0x2d2 cmake/stm32cubemx/CMakeFiles/USB_Device_Library.dir/__/__/Middlewares/ST/STM32_USB_Device_Library/Class/CDC/Src/usbd_cdc.c.obj
 .debug_abbrev  0x00002e96       0x14 /usr/lib/gcc/arm-none-eabi/13.2.1/thumb/v7e-m+fp/hard/libgcc.a(_aeabi_uldivmod.o)
 .debug_abbrev  0x00002eaa      0x16a /usr/lib/gcc/arm-none-eabi/13.2.1/thumb/v7e-m+fp/hard/libgcc.a(_udivmoddi4.o)
 .debug_abbrev  0x00003014       0x26 /usr/lib/gcc/arm-none-eabi/13.2.1/thumb/v7e-m+fp/hard/libgcc.a(_dvmd_tls.o)
 .debug_abbrev  0x0000303a       0xc9 /usr/lib/gcc/arm-none-eabi/13.2.1/../../../arm-none-eabi/lib/thumb/v7e-m+fp/hard/libg_nano.a(libc_a-init.o)
 .debug_abbrev  0x00003103       0xb7 /usr/lib/gcc/arm-none-eabi/13.2.1/../../../arm-none-eabi/lib/thumb/v7e-m+fp/hard/libg_nano.a(libc_a-memset.o)

.debug_aranges  0x00000000      0xd00
 .debug_aranges
                0x00000000      0x118 CMakeFiles/firmware.dir/USB_DEVICE/Target/usbd_conf.c.obj
 .debug_aranges
                0x00000118       0x20 CMakeFiles/firmware.dir/USB_DEVICE/App/usb_device.c.obj
 .debug_aranges
                0x00000138       0x68 CMakeFiles/firmware.dir/USB_DEVICE/App/usbd_desc.c.obj
 .debug_aranges
                0x000001a0       0x48 CMakeFiles/firmware.dir/USB_DEVICE/App/usbd_cdc_if.c.obj
 .debug_aranges
                0x000001e8       0x30 CMakeFiles/firmware.dir/Core/Src/main.c.obj
 .debug_aranges
                0x00000218       0x20 CMakeFiles/firmware.dir/Core/Src/gpio.c.obj
 .debug_aranges
                0x00000238       0x68 CMakeFiles/firmware.dir/Core/Src/stm32f4xx_it.c.obj
 .debug_aranges
                0x000002a0       0x20 CMakeFiles/firmware.dir/Core/Src/stm32f4xx_hal_msp.c.obj
 .debug_aranges
                0x000002c0       0x28 CMakeFiles/firmware.dir/startup_stm32f446xx.s.obj
 .debug_aranges
                0x000002e8       0x28 cmake/stm32cubemx/CMakeFiles/STM32_Drivers.dir/__/__/Core/Src/system_stm32f4xx.c.obj
 .debug_aranges
                0x00000310      0x148 cmake/stm32cubemx/CMakeFiles/STM32_Drivers.dir/__/__/Drivers/STM32F4xx_HAL_Driver/Src/stm32f4xx_hal_pcd.c.obj
 .debug_aranges
                0x00000458       0x48 cmake/stm32cubemx/CMakeFiles/STM32_Drivers.dir/__/__/Drivers/STM32F4xx_HAL_Driver/Src/stm32f4xx_hal_pcd_ex.c.obj
 .debug_aranges
                0x000004a0      0x1a0 cmake/stm32cubemx/CMakeFiles/STM32_Drivers.dir/__/__/Drivers/STM32F4xx_HAL_Driver/Src/stm32f4xx_ll_usb.c.obj
 .debug_aranges
                0x00000640       0x88 cmake/stm32cubemx/CMakeFiles/STM32_Drivers.dir/__/__/Drivers/STM32F4xx_HAL_Driver/Src/stm32f4xx_hal_rcc.c.obj
 .debug_aranges
                0x000006c8       0x78 cmake/stm32cubemx/CMakeFiles/STM32_Drivers.dir/__/__/Drivers/STM32F4xx_HAL_Driver/Src/stm32f4xx_hal_rcc_ex.c.obj
 .debug_aranges
                0x00000740       0x58 cmake/stm32cubemx/CMakeFiles/STM32_Drivers.dir/__/__/Drivers/STM32F4xx_HAL_Driver/Src/stm32f4xx_hal_gpio.c.obj
 .debug_aranges
                0x00000798       0x60 cmake/stm32cubemx/CMakeFiles/STM32_Drivers.dir/__/__/Drivers/STM32F4xx_HAL_Driver/Src/stm32f4xx_hal_pwr_ex.c.obj
 .debug_aranges
                0x000007f8      0x130 cmake/stm32cubemx/CMakeFiles/STM32_Drivers.dir/__/__/Drivers/STM32F4xx_HAL_Driver/Src/stm32f4xx_hal_cortex.c.obj
 .debug_aranges
                0x00000928       0xf0 cmake/stm32cubemx/CMakeFiles/STM32_Drivers.dir/__/__/Drivers/STM32F4xx_HAL_Driver/Src/stm32f4xx_hal.c.obj
 .debug_aranges
                0x00000a18       0xd8 cmake/stm32cubemx/CMakeFiles/USB_Device_Library.dir/__/__/Middlewares/ST/STM32_USB_Device_Library/Core/Src/usbd_core.c.obj
 .debug_aranges
                0x00000af0       0x90 cmake/stm32cubemx/CMakeFiles/USB_Device_Library.dir/__/__/Middlewares/ST/STM32_USB_Device_Library/Core/Src/usbd_ctlreq.c.obj
 .debug_aranges
                0x00000b80       0x50 cmake/stm32cubemx/CMakeFiles/USB_Device_Library.dir/__/__/Middlewares/ST/STM32_USB_Device_Library/Core/Src/usbd_ioreq.c.obj
 .debug_aranges
                0x00000bd0       0x90 cmake/stm32cubemx/CMakeFiles/USB_Device_Library.dir/__/__/Middlewares/ST/STM32_USB_Device_Library/Class/CDC/Src/usbd_cdc.c.obj
 .debug_aranges
                0x00000c60       0x20 /usr/lib/gcc/arm-none-eabi/13.2.1/thumb/v7e-m+fp/hard/libgcc.a(_aeabi_uldivmod.o)
 .debug_aranges
                0x00000c80       0x20 /usr/lib/gcc/arm-none-eabi/13.2.1/thumb/v7e-m+fp/hard/libgcc.a(_udivmoddi4.o)
 .debug_aranges
                0x00000ca0       0x20 /usr/lib/gcc/arm-none-eabi/13.2.1/thumb/v7e-m+fp/hard/libgcc.a(_dvmd_tls.o)
 .debug_aranges
                0x00000cc0       0x20 /usr/lib/gcc/arm-none-eabi/13.2.1/../../../arm-none-eabi/lib/thumb/v7e-m+fp/hard/libg_nano.a(libc_a-init.o)
 .debug_aranges
                0x00000ce0       0x20 /usr/lib/gcc/arm-none-eabi/13.2.1/../../../arm-none-eabi/lib/thumb/v7e-m+fp/hard/libg_nano.a(libc_a-memset.o)

.debug_rnglists
                0x00000000      0x9a3
 .debug_rnglists
                0x00000000       0xd0 CMakeFiles/firmware.dir/USB_DEVICE/Target/usbd_conf.c.obj
 .debug_rnglists
                0x000000d0       0x13 CMakeFiles/firmware.dir/USB_DEVICE/App/usb_device.c.obj
 .debug_rnglists
                0x000000e3       0x49 CMakeFiles/firmware.dir/USB_DEVICE/App/usbd_desc.c.obj
 .debug_rnglists
                0x0000012c       0x32 CMakeFiles/firmware.dir/USB_DEVICE/App/usbd_cdc_if.c.obj
 .debug_rnglists
                0x0000015e       0x20 CMakeFiles/firmware.dir/Core/Src/main.c.obj
 .debug_rnglists
                0x0000017e       0x14 CMakeFiles/firmware.dir/Core/Src/gpio.c.obj
 .debug_rnglists
                0x00000192       0x49 CMakeFiles/firmware.dir/Core/Src/stm32f4xx_it.c.obj
 .debug_rnglists
                0x000001db       0x13 CMakeFiles/firmware.dir/Core/Src/stm32f4xx_hal_msp.c.obj
 .debug_rnglists
                0x000001ee       0x19 CMakeFiles/firmware.dir/startup_stm32f446xx.s.obj
 .debug_rnglists
                0x00000207       0x1a cmake/stm32cubemx/CMakeFiles/STM32_Drivers.dir/__/__/Core/Src/system_stm32f4xx.c.obj
 .debug_rnglists
                0x00000221       0xfa cmake/stm32cubemx/CMakeFiles/STM32_Drivers.dir/__/__/Drivers/STM32F4xx_HAL_Driver/Src/stm32f4xx_hal_pcd.c.obj
 .debug_rnglists
                0x0000031b       0x32 cmake/stm32cubemx/CMakeFiles/STM32_Drivers.dir/__/__/Drivers/STM32F4xx_HAL_Driver/Src/stm32f4xx_hal_pcd_ex.c.obj
 .debug_rnglists
                0x0000034d      0x147 cmake/stm32cubemx/CMakeFiles/STM32_Drivers.dir/__/__/Drivers/STM32F4xx_HAL_Driver/Src/stm32f4xx_ll_usb.c.obj
 .debug_rnglists
                0x00000494       0x66 cmake/stm32cubemx/CMakeFiles/STM32_Drivers.dir/__/__/Drivers/STM32F4xx_HAL_Driver/Src/stm32f4xx_hal_rcc.c.obj
 .debug_rnglists
                0x000004fa       0x5e cmake/stm32cubemx/CMakeFiles/STM32_Drivers.dir/__/__/Drivers/STM32F4xx_HAL_Driver/Src/stm32f4xx_hal_rcc_ex.c.obj
 .debug_rnglists
                0x00000558       0x3f cmake/stm32cubemx/CMakeFiles/STM32_Drivers.dir/__/__/Drivers/STM32F4xx_HAL_Driver/Src/stm32f4xx_hal_gpio.c.obj
 .debug_rnglists
                0x00000597       0x47 cmake/stm32cubemx/CMakeFiles/STM32_Drivers.dir/__/__/Drivers/STM32F4xx_HAL_Driver/Src/stm32f4xx_hal_pwr_ex.c.obj
 .debug_rnglists
                0x000005de       0xe0 cmake/stm32cubemx/CMakeFiles/STM32_Drivers.dir/__/__/Drivers/STM32F4xx_HAL_Driver/Src/stm32f4xx_hal_cortex.c.obj
 .debug_rnglists
                0x000006be       0xaf cmake/stm32cubemx/CMakeFiles/STM32_Drivers.dir/__/__/Drivers/STM32F4xx_HAL_Driver/Src/stm32f4xx_hal.c.obj
 .debug_rnglists
                0x0000076d       0xa1 cmake/stm32cubemx/CMakeFiles/USB_Device_Library.dir/__/__/Middlewares/ST/STM32_USB_Device_Library/Core/Src/usbd_core.c.obj
 .debug_rnglists
                0x0000080e       0x6e cmake/stm32cubemx/CMakeFiles/USB_Device_Library.dir/__/__/Middlewares/ST/STM32_USB_Device_Library/Core/Src/usbd_ctlreq.c.obj
 .debug_rnglists
                0x0000087c       0x37 cmake/stm32cubemx/CMakeFiles/USB_Device_Library.dir/__/__/Middlewares/ST/STM32_USB_Device_Library/Core/Src/usbd_ioreq.c.obj
 .debug_rnglists
                0x000008b3       0x6c cmake/stm32cubemx/CMakeFiles/USB_Device_Library.dir/__/__/Middlewares/ST/STM32_USB_Device_Library/Class/CDC/Src/usbd_cdc.c.obj
 .debug_rnglists
                0x0000091f       0x84 /usr/lib/gcc/arm-none-eabi/13.2.1/thumb/v7e-m+fp/hard/libgcc.a(_udivmoddi4.o)

.debug_macro    0x00000000    0x23351
 .debug_macro   0x00000000      0x33b CMakeFiles/firmware.dir/USB_DEVICE/Target/usbd_conf.c.obj
 .debug_macro   0x0000033b      0xad8 CMakeFiles/firmware.dir/USB_DEVICE/Target/usbd_conf.c.obj
 .debug_macro   0x00000e13       0x2e CMakeFiles/firmware.dir/USB_DEVICE/Target/usbd_conf.c.obj
 .debug_macro   0x00000e41       0x28 CMakeFiles/firmware.dir/USB_DEVICE/Target/usbd_conf.c.obj
 .debug_macro   0x00000e69      0x34e CMakeFiles/firmware.dir/USB_DEVICE/Target/usbd_conf.c.obj
 .debug_macro   0x000011b7       0x1c CMakeFiles/firmware.dir/USB_DEVICE/Target/usbd_conf.c.obj
 .debug_macro   0x000011d3       0x22 CMakeFiles/firmware.dir/USB_DEVICE/Target/usbd_conf.c.obj
 .debug_macro   0x000011f5       0xfb CMakeFiles/firmware.dir/USB_DEVICE/Target/usbd_conf.c.obj
 .debug_macro   0x000012f0     0x1011 CMakeFiles/firmware.dir/USB_DEVICE/Target/usbd_conf.c.obj
 .debug_macro   0x00002301      0x11f CMakeFiles/firmware.dir/USB_DEVICE/Target/usbd_conf.c.obj
 .debug_macro   0x00002420    0x1675e CMakeFiles/firmware.dir/USB_DEVICE/Target/usbd_conf.c.obj
 .debug_macro   0x00018b7e       0x6d CMakeFiles/firmware.dir/USB_DEVICE/Target/usbd_conf.c.obj
 .debug_macro   0x00018beb      0x295 CMakeFiles/firmware.dir/USB_DEVICE/Target/usbd_conf.c.obj
 .debug_macro   0x00018e80     0x3693 CMakeFiles/firmware.dir/USB_DEVICE/Target/usbd_conf.c.obj
 .debug_macro   0x0001c513      0x190 CMakeFiles/firmware.dir/USB_DEVICE/Target/usbd_conf.c.obj
 .debug_macro   0x0001c6a3       0x5c CMakeFiles/firmware.dir/USB_DEVICE/Target/usbd_conf.c.obj
 .debug_macro   0x0001c6ff      0xca5 CMakeFiles/firmware.dir/USB_DEVICE/Target/usbd_conf.c.obj
 .debug_macro   0x0001d3a4      0x9e9 CMakeFiles/firmware.dir/USB_DEVICE/Target/usbd_conf.c.obj
 .debug_macro   0x0001dd8d      0x115 CMakeFiles/firmware.dir/USB_DEVICE/Target/usbd_conf.c.obj
 .debug_macro   0x0001dea2      0x1a0 CMakeFiles/firmware.dir/USB_DEVICE/Target/usbd_conf.c.obj
 .debug_macro   0x0001e042       0xa5 CMakeFiles/firmware.dir/USB_DEVICE/Target/usbd_conf.c.obj
 .debug_macro   0x0001e0e7      0x16d CMakeFiles/firmware.dir/USB_DEVICE/Target/usbd_conf.c.obj
 .debug_macro   0x0001e254      0x287 CMakeFiles/firmware.dir/USB_DEVICE/Target/usbd_conf.c.obj
 .debug_macro   0x0001e4db       0x5f CMakeFiles/firmware.dir/USB_DEVICE/Target/usbd_conf.c.obj
 .debug_macro   0x0001e53a      0x236 CMakeFiles/firmware.dir/USB_DEVICE/Target/usbd_conf.c.obj
 .debug_macro   0x0001e770      0x132 CMakeFiles/firmware.dir/USB_DEVICE/Target/usbd_conf.c.obj
 .debug_macro   0x0001e8a2      0x29c CMakeFiles/firmware.dir/USB_DEVICE/Target/usbd_conf.c.obj
 .debug_macro   0x0001eb3e       0x2e CMakeFiles/firmware.dir/USB_DEVICE/Target/usbd_conf.c.obj
 .debug_macro   0x0001eb6c      0x127 CMakeFiles/firmware.dir/USB_DEVICE/Target/usbd_conf.c.obj
 .debug_macro   0x0001ec93       0xe8 CMakeFiles/firmware.dir/USB_DEVICE/Target/usbd_conf.c.obj
 .debug_macro   0x0001ed7b       0x89 CMakeFiles/firmware.dir/USB_DEVICE/Target/usbd_conf.c.obj
 .debug_macro   0x0001ee04      0x293 CMakeFiles/firmware.dir/USB_DEVICE/Target/usbd_conf.c.obj
 .debug_macro   0x0001f097       0xba CMakeFiles/firmware.dir/USB_DEVICE/Target/usbd_conf.c.obj
 .debug_macro   0x0001f151      0x126 CMakeFiles/firmware.dir/USB_DEVICE/Target/usbd_conf.c.obj
 .debug_macro   0x0001f277       0x22 CMakeFiles/firmware.dir/USB_DEVICE/Target/usbd_conf.c.obj
 .debug_macro   0x0001f299       0x60 CMakeFiles/firmware.dir/USB_DEVICE/Target/usbd_conf.c.obj
 .debug_macro   0x0001f2f9       0x2a CMakeFiles/firmware.dir/USB_DEVICE/Target/usbd_conf.c.obj
 .debug_macro   0x0001f323       0x94 CMakeFiles/firmware.dir/USB_DEVICE/Target/usbd_conf.c.obj
 .debug_macro   0x0001f3b7       0x3c CMakeFiles/firmware.dir/USB_DEVICE/Target/usbd_conf.c.obj
 .debug_macro   0x0001f3f3       0x34 CMakeFiles/firmware.dir/USB_DEVICE/Target/usbd_conf.c.obj
 .debug_macro   0x0001f427       0x16 CMakeFiles/firmware.dir/USB_DEVICE/Target/usbd_conf.c.obj
 .debug_macro   0x0001f43d       0x57 CMakeFiles/firmware.dir/USB_DEVICE/Target/usbd_conf.c.obj
 .debug_macro   0x0001f494       0x3c CMakeFiles/firmware.dir/USB_DEVICE/Target/usbd_conf.c.obj
 .debug_macro   0x0001f4d0      0x370 CMakeFiles/firmware.dir/USB_DEVICE/Target/usbd_conf.c.obj
 .debug_macro   0x0001f840       0x10 CMakeFiles/firmware.dir/USB_DEVICE/Target/usbd_conf.c.obj
 .debug_macro   0x0001f850       0x16 CMakeFiles/firmware.dir/USB_DEVICE/Target/usbd_conf.c.obj
 .debug_macro   0x0001f866       0x4a CMakeFiles/firmware.dir/USB_DEVICE/Target/usbd_conf.c.obj
 .debug_macro   0x0001f8b0       0x34 CMakeFiles/firmware.dir/USB_DEVICE/Target/usbd_conf.c.obj
 .debug_macro   0x0001f8e4       0x10 CMakeFiles/firmware.dir/USB_DEVICE/Target/usbd_conf.c.obj
 .debug_macro   0x0001f8f4       0x52 CMakeFiles/firmware.dir/USB_DEVICE/Target/usbd_conf.c.obj
 .debug_macro   0x0001f946      0x1de CMakeFiles/firmware.dir/USB_DEVICE/Target/usbd_conf.c.obj
 .debug_macro   0x0001fb24       0x16 CMakeFiles/firmware.dir/USB_DEVICE/Target/usbd_conf.c.obj
 .debug_macro   0x0001fb3a       0x16 CMakeFiles/firmware.dir/USB_DEVICE/Target/usbd_conf.c.obj
 .debug_macro   0x0001fb50      0x170 CMakeFiles/firmware.dir/USB_DEVICE/Target/usbd_conf.c.obj
 .debug_macro   0x0001fcc0       0x16 CMakeFiles/firmware.dir/USB_DEVICE/Target/usbd_conf.c.obj
 .debug_macro   0x0001fcd6       0x16 CMakeFiles/firmware.dir/USB_DEVICE/Target/usbd_conf.c.obj
 .debug_macro   0x0001fcec       0x29 CMakeFiles/firmware.dir/USB_DEVICE/Target/usbd_conf.c.obj
 .debug_macro   0x0001fd15       0x16 CMakeFiles/firmware.dir/USB_DEVICE/Target/usbd_conf.c.obj
 .debug_macro   0x0001fd2b       0x65 CMakeFiles/firmware.dir/USB_DEVICE/Target/usbd_conf.c.obj
 .debug_macro   0x0001fd90      0x20f CMakeFiles/firmware.dir/USB_DEVICE/Target/usbd_conf.c.obj
 .debug_macro   0x0001ff9f       0x95 CMakeFiles/firmware.dir/USB_DEVICE/Target/usbd_conf.c.obj
 .debug_macro   0x00020034      0x357 CMakeFiles/firmware.dir/USB_DEVICE/App/usb_device.c.obj
 .debug_macro   0x0002038b       0x22 CMakeFiles/firmware.dir/USB_DEVICE/App/usb_device.c.obj
 .debug_macro   0x000203ad       0x16 CMakeFiles/firmware.dir/USB_DEVICE/App/usb_device.c.obj
 .debug_macro   0x000203c3      0x361 CMakeFiles/firmware.dir/USB_DEVICE/App/usbd_desc.c.obj
 .debug_macro   0x00020724       0x9e CMakeFiles/firmware.dir/USB_DEVICE/App/usbd_desc.c.obj
 .debug_macro   0x000207c2      0x112 CMakeFiles/firmware.dir/USB_DEVICE/App/usbd_desc.c.obj
 .debug_macro   0x000208d4       0x56 CMakeFiles/firmware.dir/USB_DEVICE/App/usbd_desc.c.obj
 .debug_macro   0x0002092a      0x215 CMakeFiles/firmware.dir/USB_DEVICE/App/usbd_desc.c.obj